01-09 07:53:17.382  8720  8760 E SQLiteLog: (1032) statement aborts at 20: [INSERT OR REPLACE INTO streamdata(id,account_name,data,space_occupied,expiration_time,soft_expiration_time) VALUES (?,?,?,?,?,?)] attempt to write a readonly database
01-09 07:53:17.442  2709  3024 E IptablesRestoreController: [iptables debug]iptables-restore execute *filter
01-09 07:53:17.442  2709  3024 E IptablesRestoreController: -D bw_happy_box -m owner --uid-owner 10030 --jump RETURN
01-09 07:53:17.442  2709  3024 E IptablesRestoreController: COMMIT
01-09 07:53:17.449  2709  3024 E IptablesRestoreController: [iptables debug]iptables-restore execute done *filter
01-09 07:53:17.449  2709  3024 E IptablesRestoreController: -D bw_happy_box -m owner --uid-owner 10030 --jump RETURN
01-09 07:53:17.449  2709  3024 E IptablesRestoreController: COMMIT
01-09 07:53:17.449  2709  3024 E IptablesRestoreController: , res : 0
01-09 07:53:17.450  2709  3024 E IptablesRestoreController: [iptables debug]iptables-restore execute *filter
01-09 07:53:17.450  2709  3024 E IptablesRestoreController: -I bw_penalty_box -m owner --uid-owner 10030 --jump REJECT
01-09 07:53:17.450  2709  3024 E IptablesRestoreController: COMMIT
01-09 07:53:17.457  2709  3024 E IptablesRestoreController: [iptables debug]iptables-restore execute done *filter
01-09 07:53:17.457  2709  3024 E IptablesRestoreController: -I bw_penalty_box -m owner --uid-owner 10030 --jump REJECT
01-09 07:53:17.457  2709  3024 E IptablesRestoreController: COMMIT
01-09 07:53:17.457  2709  3024 E IptablesRestoreController: , res : 0
01-09 07:53:19.438  8720  8776 E PlayCommon: [2874] Metalog directories were deleted unexpectedly, recreating...
01-09 07:53:20.425  3067  3083 E RemotePrintSpooler: servicesToKeep is empty!
01-09 07:53:20.439 17550 17569 E ApplicationPackageManager: checkSettingsForIconTray value : 0
01-09 07:53:20.439 17550 17569 E ApplicationPackageManager: checkSettingsForIconTray value : 0
01-09 07:53:20.464 17550 17569 E ApplicationPackageManager: checkSettingsForIconTray value : 0
01-09 07:53:31.395  3067  3083 E RemotePrintSpooler: servicesToKeep is empty!
01-09 07:53:31.463 17550 17569 E ApplicationPackageManager: checkSettingsForIconTray value : 0
01-09 07:53:31.464 17550 17569 E ApplicationPackageManager: checkSettingsForIconTray value : 0
01-09 07:53:31.468 17550 17569 E ApplicationPackageManager: checkSettingsForIconTray value : 0
01-09 07:54:00.010 17550 17550 E ApplicationPackageManager: checkSettingsForIconTray value : 0
01-09 07:54:05.143 15676 15676 E adbd    : recv: OPEN 00000e31 00000000 000e:73 68 65 6C 6C 3A 67 65 74 70 72 6F 70 00 
01-09 07:54:05.144 15676 15676 E adbd    : service_to_fd: shell:getprop
01-09 07:54:15.752 12488 12530 E ContactsProvider_EventLog: Flush buffer to file cnt : 1 size : 1Kb duration : 1ms lastUpdatedAfter : 60096 ms mFlush_time_threasold : 2000 mCurrentSize : 806
01-09 07:55:00.015 17550 17550 E ApplicationPackageManager: checkSettingsForIconTray value : 0
01-09 07:55:05.215 15676 15676 E adbd    : recv: OPEN 00000e50 00000000 000e:73 68 65 6C 6C 3A 67 65 74 70 72 6F 70 00 
01-09 07:55:05.215 15676 15676 E adbd    : service_to_fd: shell:getprop
01-09 07:55:15.862 12488 12530 E ContactsProvider_EventLog: Flush buffer to file cnt : 1 size : 1Kb duration : 1ms lastUpdatedAfter : 60110 ms mFlush_time_threasold : 2000 mCurrentSize : 806
--------- beginning of system
01-09 07:55:45.994  3067  3563 E Watchdog: !@Sync 1877 [2026-01-09 07:55:45.994]
01-09 07:56:00.018 17550 17550 E ApplicationPackageManager: checkSettingsForIconTray value : 0
01-09 07:56:05.275 15676 15676 E adbd    : recv: OPEN 00000e6f 00000000 000e:73 68 65 6C 6C 3A 67 65 74 70 72 6F 70 00 
01-09 07:56:05.275 15676 15676 E adbd    : service_to_fd: shell:getprop
01-09 07:56:15.973 12488 12530 E ContactsProvider_EventLog: Flush buffer to file cnt : 1 size : 1Kb duration : 2ms lastUpdatedAfter : 60111 ms mFlush_time_threasold : 2000 mCurrentSize : 806
01-09 07:56:15.998  3067  3563 E Watchdog: !@Sync 1878 [2026-01-09 07:56:15.998]
01-09 07:56:31.643  4453  4453 E ViewRootImpl: sendUserActionEvent() returned.
01-09 07:56:38.638  8720 15234 E PlayCommon: [3010] Metalog directories were deleted unexpectedly, recreating...
01-09 07:56:46.003  3067  3563 E Watchdog: !@Sync 1879 [2026-01-09 07:56:46.003]
01-09 07:57:00.012 17550 17550 E ApplicationPackageManager: checkSettingsForIconTray value : 0
01-09 07:57:05.338 15676 15676 E adbd    : recv: OPEN 00000e8c 00000000 000e:73 68 65 6C 6C 3A 67 65 74 70 72 6F 70 00 
01-09 07:57:05.338 15676 15676 E adbd    : service_to_fd: shell:getprop
01-09 07:57:16.007  3067  3563 E Watchdog: !@Sync 1880 [2026-01-09 07:57:16.006]
01-09 07:57:16.082 12488 12530 E ContactsProvider_EventLog: Flush buffer to file cnt : 1 size : 1Kb duration : 1ms lastUpdatedAfter : 60109 ms mFlush_time_threasold : 2000 mCurrentSize : 806
01-09 07:57:18.388  8720 15437 E PlayCommon: [3032] Metalog directories were deleted unexpectedly, recreating...
01-09 07:57:18.498  8720 15438 E PlayCommon: [3033] Metalog directories were deleted unexpectedly, recreating...
01-09 07:57:18.708  8720 15436 E PlayCommon: [3031] Metalog directories were deleted unexpectedly, recreating...
01-09 07:57:20.898  8720 15529 E PlayCommon: [3034] Metalog directories were deleted unexpectedly, recreating...
01-09 07:57:21.987  4698  4698 E Zygote  : isWhitelistProcess - Process is Whitelisted
01-09 07:57:21.988  4698  4698 E libpersona: scanKnoxPersonas
01-09 07:57:21.988  4698  4698 E libpersona: Couldn't open the File - /data/system/users/0/personalist.xml - No such file or directory
01-09 07:57:22.729  2709  3024 E IptablesRestoreController: [iptables debug]iptables-restore execute *filter
01-09 07:57:22.729  2709  3024 E IptablesRestoreController: -D bw_happy_box -m owner --uid-owner 10223 --jump RETURN
01-09 07:57:22.729  2709  3024 E IptablesRestoreController: COMMIT
01-09 07:57:22.737  2709  3024 E IptablesRestoreController: [iptables debug]iptables-restore execute done *filter
01-09 07:57:22.737  2709  3024 E IptablesRestoreController: -D bw_happy_box -m owner --uid-owner 10223 --jump RETURN
01-09 07:57:22.737  2709  3024 E IptablesRestoreController: COMMIT
01-09 07:57:22.737  2709  3024 E IptablesRestoreController: , res : 0
01-09 07:57:22.740  2709  3024 E IptablesRestoreController: [iptables debug]iptables-restore execute *filter
01-09 07:57:22.740  2709  3024 E IptablesRestoreController: -I bw_penalty_box -m owner --uid-owner 10223 --jump REJECT
01-09 07:57:22.740  2709  3024 E IptablesRestoreController: COMMIT
01-09 07:57:22.750  2709  3024 E IptablesRestoreController: [iptables debug]iptables-restore execute done *filter
01-09 07:57:22.750  2709  3024 E IptablesRestoreController: -I bw_penalty_box -m owner --uid-owner 10223 --jump REJECT
01-09 07:57:22.750  2709  3024 E IptablesRestoreController: COMMIT
01-09 07:57:22.750  2709  3024 E IptablesRestoreController: , res : 0
01-09 07:57:22.805  3067  3170 E InputDispatcher: channel ~ Channel is unrecoverably broken and will be disposed!
01-09 07:57:22.811  3067  3271 E ConnectivityService: RemoteException caught trying to send a callback msg for NetworkRequest [ TRACK_DEFAULT id=528, [ Capabilities: INTERNET&NOT_RESTRICTED&TRUSTED&NOT_VPN] ]
01-09 07:57:22.812  3067  3271 E ConnectivityService: RemoteException caught trying to send a callback msg for NetworkRequest [ LISTEN id=530, [ Capabilities: INTERNET&NOT_RESTRICTED&TRUSTED&NOT_VPN&FOREGROUND] ]
01-09 07:57:22.814  3067  3271 E ConnectivityService: RemoteException caught trying to send a callback msg for NetworkRequest [ TRACK_DEFAULT id=529, [ Capabilities: INTERNET&NOT_RESTRICTED&TRUSTED&NOT_VPN] ]
01-09 07:57:26.567  3067  3404 E LightsService: Light requested not available on this device. 2
01-09 07:57:28.412  2709  3024 E IptablesRestoreController: [iptables debug]iptables-restore execute *filter
01-09 07:57:28.412  2709  3024 E IptablesRestoreController: -I bw_happy_box -m owner --uid-owner 10223 --jump RETURN
01-09 07:57:28.412  2709  3024 E IptablesRestoreController: COMMIT
01-09 07:57:28.423  2709  3024 E IptablesRestoreController: [iptables debug]iptables-restore execute done *filter
01-09 07:57:28.423  2709  3024 E IptablesRestoreController: -I bw_happy_box -m owner --uid-owner 10223 --jump RETURN
01-09 07:57:28.423  2709  3024 E IptablesRestoreController: COMMIT
01-09 07:57:28.423  2709  3024 E IptablesRestoreController: , res : 0
01-09 07:57:28.424  2709  3024 E IptablesRestoreController: [iptables debug]iptables-restore execute *filter
01-09 07:57:28.424  2709  3024 E IptablesRestoreController: -D bw_penalty_box -m owner --uid-owner 10223 --jump REJECT
01-09 07:57:28.424  2709  3024 E IptablesRestoreController: COMMIT
01-09 07:57:28.431  2709  3024 E IptablesRestoreController: [iptables debug]iptables-restore execute done *filter
01-09 07:57:28.431  2709  3024 E IptablesRestoreController: -D bw_penalty_box -m owner --uid-owner 10223 --jump REJECT
01-09 07:57:28.431  2709  3024 E IptablesRestoreController: COMMIT
01-09 07:57:28.431  2709  3024 E IptablesRestoreController: , res : 0
01-09 07:57:39.303 17405 17405 E SKBDC   : ? SSTAC::init()::current version is 2.05.11
01-09 07:57:39.335 17405 17405 E SKBD    : alg setInputMode, Cannot set Ambiguous or MultiTap with INPUT_METHOD_QWERTY  
01-09 07:57:39.348 17405 17405 E SKBD    : bmv get previous
01-09 07:57:39.359 17405 17405 E SKBD    : alg setInputMode, Cannot set Ambiguous or MultiTap with INPUT_METHOD_QWERTY  
01-09 07:57:40.987  4453  4453 E ViewRootImpl: sendUserActionEvent() returned.
01-09 07:57:41.000 17405 17405 E SKBD    : ayn getInstance start
01-09 07:57:41.001 17405 17405 E SKBD    : ayn sendSIPInformation state: 6   isAbstractKeyboardView :  true
01-09 07:57:41.003 17405  4754 E SKBD    : ayn sending null keyboardInfo as SIP is closed
01-09 07:57:41.307  3067  3404 E LightsService: Light requested not available on this device. 2
01-09 07:57:46.010  3067  3563 E Watchdog: !@Sync 1881 [2026-01-09 07:57:46.010]
01-09 07:57:56.367  3067  3404 E LightsService: Light requested not available on this device. 2
01-09 07:57:57.835  3456  3456 E ApplicationPackageManager: checkSettingsForIconTray value : 0
01-09 07:57:57.836  3456  3456 E ApplicationPackageManager: checkSettingsForIconTray value : 0
01-09 07:57:57.859  3456  3456 E ApplicationPackageManager: checkSettingsForIconTray value : 0
01-09 07:57:57.939  3456  3456 E BufferItemConsumer: [unnamed-3456-286] Failed to release buffer: Unknown error -1 (1)
01-09 07:57:58.075  2709  3024 E IptablesRestoreController: [iptables debug]iptables-restore execute *filter
01-09 07:57:58.075  2709  3024 E IptablesRestoreController: -D bw_happy_box -m owner --uid-owner 10223 --jump RETURN
01-09 07:57:58.075  2709  3024 E IptablesRestoreController: COMMIT
01-09 07:57:58.095  2709  3024 E IptablesRestoreController: [iptables debug]iptables-restore execute done *filter
01-09 07:57:58.095  2709  3024 E IptablesRestoreController: -D bw_happy_box -m owner --uid-owner 10223 --jump RETURN
01-09 07:57:58.095  2709  3024 E IptablesRestoreController: COMMIT
01-09 07:57:58.095  2709  3024 E IptablesRestoreController: , res : 0
01-09 07:57:58.096  2709  3024 E IptablesRestoreController: [iptables debug]iptables-restore execute *filter
01-09 07:57:58.096  2709  3024 E IptablesRestoreController: -I bw_penalty_box -m owner --uid-owner 10223 --jump REJECT
01-09 07:57:58.096  2709  3024 E IptablesRestoreController: COMMIT
01-09 07:57:58.107  2709  3024 E IptablesRestoreController: [iptables debug]iptables-restore execute done *filter
01-09 07:57:58.107  2709  3024 E IptablesRestoreController: -I bw_penalty_box -m owner --uid-owner 10223 --jump REJECT
01-09 07:57:58.107  2709  3024 E IptablesRestoreController: COMMIT
01-09 07:57:58.107  2709  3024 E IptablesRestoreController: , res : 0
01-09 07:57:58.107  3456  3456 E BufferItemConsumer: [unnamed-3456-287] Failed to release buffer: Unknown error -1 (1)
01-09 07:57:58.337  3067  3135 E BufferItemConsumer: [unnamed-3067-341] Failed to release buffer: Unknown error -1 (1)
01-09 07:58:00.020 17550 17550 E ApplicationPackageManager: checkSettingsForIconTray value : 0
01-09 07:58:05.441 15676 15676 E adbd    : recv: OPEN 00000ea9 00000000 000e:73 68 65 6C 6C 3A 67 65 74 70 72 6F 70 00 
01-09 07:58:05.441 15676 15676 E adbd    : service_to_fd: shell:getprop
01-09 07:58:09.209  3067  3404 E LightsService: Light requested not available on this device. 2
01-09 07:58:16.014  3067  3563 E Watchdog: !@Sync 1882 [2026-01-09 07:58:16.014]
01-09 07:58:16.193 12488 12530 E ContactsProvider_EventLog: Flush buffer to file cnt : 1 size : 1Kb duration : 1ms lastUpdatedAfter : 60111 ms mFlush_time_threasold : 2000 mCurrentSize : 806
01-09 07:58:43.053  3067  3271 E ConnectivityService: RemoteException caught trying to send a callback msg for NetworkRequest [ TRACK_DEFAULT id=541, [ Capabilities: INTERNET&NOT_RESTRICTED&TRUSTED&NOT_VPN] ]
01-09 07:58:43.143  3067  3271 E ConnectivityService: RemoteException caught trying to send a callback msg for NetworkRequest [ LISTEN id=450, [ Capabilities: INTERNET&NOT_RESTRICTED&TRUSTED] ]
01-09 07:58:43.144  3067  3170 E InputDispatcher: channel ~ Channel is unrecoverably broken and will be disposed!
01-09 07:58:43.153  3067  3271 E ConnectivityService: RemoteException caught trying to send a callback msg for NetworkRequest [ TRACK_DEFAULT id=489, [ Capabilities: INTERNET&NOT_RESTRICTED&TRUSTED&NOT_VPN] ]
01-09 07:58:44.163  4777  4777 E Zygote  : isWhitelistProcess - Process is Whitelisted
01-09 07:58:44.164  4777  4777 E libpersona: scanKnoxPersonas
01-09 07:58:44.164  4777  4777 E libpersona: Couldn't open the File - /data/system/users/0/personalist.xml - No such file or directory
01-09 07:58:45.646  4873  4873 E Zygote  : isWhitelistProcess - Process is Whitelisted
01-09 07:58:45.647  4873  4873 E libpersona: scanKnoxPersonas
01-09 07:58:45.647  4873  4873 E libpersona: Couldn't open the File - /data/system/users/0/personalist.xml - No such file or directory
01-09 07:58:46.018  3067  3563 E Watchdog: !@Sync 1883 [2026-01-09 07:58:46.018]
01-09 07:58:46.559  3456  3617 E ApplicationPackageManager: checkSettingsForIconTray value : 0
01-09 07:58:46.565  3456  3617 E ApplicationPackageManager: checkSettingsForIconTray value : 0
01-09 07:58:46.642  3456  3617 E ApplicationPackageManager: checkSettingsForIconTray value : 0
01-09 07:58:48.390  3456  3617 E ApplicationPackageManager: checkSettingsForIconTray value : 0
01-09 07:58:48.395  3456  3617 E ApplicationPackageManager: checkSettingsForIconTray value : 0
01-09 07:58:48.402  3456  3617 E ApplicationPackageManager: checkSettingsForIconTray value : 0
01-09 07:58:51.265  3456  3617 E ApplicationPackageManager: checkSettingsForIconTray value : 0
01-09 07:58:51.266  3456  3617 E ApplicationPackageManager: checkSettingsForIconTray value : 0
01-09 07:58:51.304  3456  3617 E ApplicationPackageManager: checkSettingsForIconTray value : 0
01-09 07:58:53.484  3456  3617 E ApplicationPackageManager: checkSettingsForIconTray value : 0
01-09 07:58:53.485  3456  3617 E ApplicationPackageManager: checkSettingsForIconTray value : 0
01-09 07:58:53.492  3456  3617 E ApplicationPackageManager: checkSettingsForIconTray value : 0
01-09 07:58:53.572  3067  3271 E ConnectivityService: RemoteException caught trying to send a callback msg for NetworkRequest [ LISTEN id=496, [ Capabilities: INTERNET&NOT_RESTRICTED&TRUSTED&FOREGROUND] ]
01-09 07:58:53.580  3067  3271 E ConnectivityService: RemoteException caught trying to send a callback msg for NetworkRequest [ LISTEN id=497, [ Capabilities: INTERNET&NOT_RESTRICTED&TRUSTED&FOREGROUND] ]
01-09 07:58:55.455  3456  3617 E ApplicationPackageManager: checkSettingsForIconTray value : 0
01-09 07:58:55.456  3456  3617 E ApplicationPackageManager: checkSettingsForIconTray value : 0
01-09 07:58:55.482  3456  3617 E ApplicationPackageManager: checkSettingsForIconTray value : 0
01-09 07:59:00.009 17550 17550 E ApplicationPackageManager: checkSettingsForIconTray value : 0
01-09 07:59:05.541  3456  3617 E ApplicationPackageManager: checkSettingsForIconTray value : 0
01-09 07:59:05.541  3456  3617 E ApplicationPackageManager: checkSettingsForIconTray value : 0
01-09 07:59:05.546  3456  3617 E ApplicationPackageManager: checkSettingsForIconTray value : 0
01-09 07:59:05.974 15676 15676 E adbd    : recv: OPEN 00000ec6 00000000 000e:73 68 65 6C 6C 3A 67 65 74 70 72 6F 70 00 
01-09 07:59:05.975 15676 15676 E adbd    : service_to_fd: shell:getprop
01-09 07:59:06.604  3456  3456 E BufferItemConsumer: [unnamed-3456-288] Failed to release buffer: Unknown error -1 (1)
01-09 07:59:06.782  3456  3456 E BufferItemConsumer: [unnamed-3456-289] Failed to release buffer: Unknown error -1 (1)
01-09 07:59:06.796 12124 12124 E DatabaseIndexingManager: Cannot find SearchIndexableResources for class name: com.android.settings.print.PrintSettingsFragment
01-09 07:59:06.796 12124 12124 E DatabaseIndexingManager: Cannot find SearchIndexableResources for class name: com.android.settings.print.PrintSettingsFragment
01-09 07:59:08.359 12124 12124 E ApplicationPackageManager: checkSettingsForIconTray value : 0
01-09 07:59:08.384 12124 12124 E ApplicationPackageManager: checkSettingsForIconTray value : 0
01-09 07:59:08.400 12124 12124 E DatabaseIndexingManager: Cannot find SearchIndexableResources for class name: com.android.settings.print.PrintSettingsFragment
01-09 07:59:08.400 12124 12124 E DatabaseIndexingManager: Cannot find SearchIndexableResources for class name: com.android.settings.print.PrintSettingsFragment
01-09 07:59:12.901  2702 17061 E installd: clear cache/code_cache inode xattr, path: /data/data/com.twofasapp ret=0: Success
01-09 07:59:12.959 12124 12124 E ViewRootImpl: sendUserActionEvent() returned.
01-09 07:59:13.063  4968  4968 E Zygote  : isWhitelistProcess - Process is Whitelisted
01-09 07:59:13.064  4968  4968 E libpersona: scanKnoxPersonas
01-09 07:59:13.064  4968  4968 E libpersona: Couldn't open the File - /data/system/users/0/personalist.xml - No such file or directory
01-09 07:59:13.579  4999  4999 E Zygote  : isWhitelistProcess - Process is Whitelisted
01-09 07:59:13.580  4999  4999 E libpersona: scanKnoxPersonas
01-09 07:59:13.580  4999  4999 E libpersona: Couldn't open the File - /data/system/users/0/personalist.xml - No such file or directory
01-09 07:59:13.901  4999  4999 E CS/CscParser: mps_code.dat does not exist
01-09 07:59:13.901  4999  4999 E CS/CscParser: customer_path =/system/csc/customer.xml
01-09 07:59:13.901  4999  4999 E CS/CscParser: fileName + /system/csc/customer.xml
01-09 07:59:13.928  4999  4999 E CS/CscParser: mps_code.dat does not exist
01-09 07:59:13.928  4999  4999 E CS/CscParser: customer_path =/system/csc/customer.xml
01-09 07:59:13.928  4999  4999 E CS/CscParser: fileName + /system/csc/customer.xml
01-09 07:59:13.936  4999  4999 E CS/CscParser: mps_code.dat does not exist
01-09 07:59:13.936  4999  4999 E CS/CscParser: customer_path =/system/csc/customer.xml
01-09 07:59:13.937  4999  4999 E CS/CscParser: fileName + /system/csc/customer.xml
01-09 07:59:13.952  4999  4999 E CS/CscParser: mps_code.dat does not exist
01-09 07:59:13.952  4999  4999 E CS/CscParser: customer_path =/system/csc/customer.xml
01-09 07:59:13.952  4999  4999 E CS/CscParser: fileName + /system/csc/customer.xml
01-09 07:59:13.958  4999  4999 E CS/CscParser: mps_code.dat does not exist
01-09 07:59:13.958  4999  4999 E CS/CscParser: customer_path =/system/csc/customer.xml
01-09 07:59:13.958  4999  4999 E CS/CscParser: fileName + /system/csc/customer.xml
01-09 07:59:13.965  4999  4999 E CS/CscParser: mps_code.dat does not exist
01-09 07:59:13.965  4999  4999 E CS/CscParser: customer_path =/system/csc/customer.xml
01-09 07:59:13.965  4999  4999 E CS/CscParser: fileName + /system/csc/customer.xml
01-09 07:59:13.971  4999  4999 E CS/CscParser: mps_code.dat does not exist
01-09 07:59:13.971  4999  4999 E CS/CscParser: customer_path =/system/csc/customer.xml
01-09 07:59:13.971  4999  4999 E CS/CscParser: fileName + /system/csc/customer.xml
01-09 07:59:13.976  4999  4999 E CS/CscParser: mps_code.dat does not exist
01-09 07:59:13.977  4999  4999 E CS/CscParser: customer_path =/system/csc/customer.xml
01-09 07:59:13.977  4999  4999 E CS/CscParser: fileName + /system/csc/customer.xml
01-09 07:59:13.982  4999  4999 E CS/CscParser: mps_code.dat does not exist
01-09 07:59:13.982  4999  4999 E CS/CscParser: customer_path =/system/csc/customer.xml
01-09 07:59:13.982  4999  4999 E CS/CscParser: fileName + /system/csc/customer.xml
01-09 07:59:14.057  5029  5029 E Zygote  : isWhitelistProcess - Process is Whitelisted
01-09 07:59:14.057  5029  5029 E libpersona: scanKnoxPersonas
01-09 07:59:14.057  5029  5029 E libpersona: Couldn't open the File - /data/system/users/0/personalist.xml - No such file or directory
01-09 07:59:14.242  5029  5029 E Mms/DbVersion: queryDbVersion,Elapsed time : 0.8845 ms
01-09 07:59:14.244  5029  5029 E Mms/CsVersion: queryCsVersion,Elapsed time : 0.973538 ms
01-09 07:59:14.587  5029  5053 E Mms/DbVersion: createMessagesProjection,Elapsed time : 0.283731 ms
01-09 07:59:14.605  5029  5058 E Mms/DbUtils: rebuild done, 0 drafts,Elapsed time : 15.512884 ms
01-09 07:59:14.646  5059  5059 E Zygote  : isWhitelistProcess - Process is Whitelisted
01-09 07:59:14.647  5059  5059 E libpersona: scanKnoxPersonas
01-09 07:59:14.647  5059  5059 E libpersona: Couldn't open the File - /data/system/users/0/personalist.xml - No such file or directory
01-09 07:59:16.023  3067  3563 E Watchdog: !@Sync 1884 [2026-01-09 07:59:16.023]
01-09 07:59:16.302 12488 12530 E ContactsProvider_EventLog: Flush buffer to file cnt : 1 size : 1Kb duration : 0ms lastUpdatedAfter : 60109 ms mFlush_time_threasold : 2000 mCurrentSize : 806
01-09 07:59:17.033 12124 12524 E ApplicationPackageManager: checkSettingsForIconTray value : 0
01-09 07:59:17.212  3067  3083 E RemotePrintSpooler: servicesToKeep is empty!
01-09 07:59:17.214  3067  3083 E RemotePrintSpooler: Error pruning approved print services.
01-09 07:59:17.214  3067  3083 E RemotePrintSpooler: java.util.concurrent.TimeoutException: no PRINT SPOOLER package!
01-09 07:59:17.214  3067  3083 E RemotePrintSpooler: 	at com.android.server.print.RemotePrintSpooler.bindLocked(RemotePrintSpooler.java:630)
01-09 07:59:17.214  3067  3083 E RemotePrintSpooler: 	at com.android.server.print.RemotePrintSpooler.getRemoteInstanceLazy(RemotePrintSpooler.java:608)
01-09 07:59:17.214  3067  3083 E RemotePrintSpooler: 	at com.android.server.print.RemotePrintSpooler.pruneApprovedPrintServices(RemotePrintSpooler.java:521)
01-09 07:59:17.214  3067  3083 E RemotePrintSpooler: 	at com.android.server.print.UserState.prunePrintServices(UserState.java:1014)
01-09 07:59:17.214  3067  3083 E RemotePrintSpooler: 	at com.android.server.print.PrintManagerService$PrintManagerImpl$2.onPackageModified(PrintManagerService.java:745)
01-09 07:59:17.214  3067  3083 E RemotePrintSpooler: 	at com.android.internal.content.PackageMonitor.onReceive(PackageMonitor.java:384)
01-09 07:59:17.214  3067  3083 E RemotePrintSpooler: 	at android.app.LoadedApk$ReceiverDispatcher$Args.lambda$-android_app_LoadedApk$ReceiverDispatcher$Args_52226(LoadedApk.java:1319)
01-09 07:59:17.214  3067  3083 E RemotePrintSpooler: 	at android.app.-$Lambda$FilBqgnXJrN9Mgyks1XHeAxzSTk.$m$0(Unknown Source:4)
01-09 07:59:17.214  3067  3083 E RemotePrintSpooler: 	at android.app.-$Lambda$FilBqgnXJrN9Mgyks1XHeAxzSTk.run(Unknown Source:0)
01-09 07:59:17.214  3067  3083 E RemotePrintSpooler: 	at android.os.Handler.handleCallback(Handler.java:789)
01-09 07:59:17.214  3067  3083 E RemotePrintSpooler: 	at android.os.Handler.dispatchMessage(Handler.java:98)
01-09 07:59:17.214  3067  3083 E RemotePrintSpooler: 	at android.os.Looper.loop(Looper.java:164)
01-09 07:59:17.214  3067  3083 E RemotePrintSpooler: 	at android.os.HandlerThread.run(HandlerThread.java:65)
01-09 07:59:17.244 17550 17569 E ApplicationPackageManager: checkSettingsForIconTray value : 0
01-09 07:59:17.495 12124 12124 E DatabaseIndexingManager: Cannot find SearchIndexableResources for class name: com.android.settings.print.PrintSettingsFragment
01-09 07:59:17.495 12124 12124 E DatabaseIndexingManager: Cannot find SearchIndexableResources for class name: com.android.settings.print.PrintSettingsFragment
01-09 07:59:17.675  5086  5086 E Zygote  : isWhitelistProcess - Process is Whitelisted
01-09 07:59:17.678  5086  5086 E libpersona: scanKnoxPersonas
01-09 07:59:17.678  5086  5086 E libpersona: Couldn't open the File - /data/system/users/0/personalist.xml - No such file or directory
01-09 07:59:17.679 12124 12124 E ApplicationPackageManager: checkSettingsForIconTray value : 0
01-09 07:59:17.691 12124 12124 E ApplicationPackageManager: checkSettingsForIconTray value : 0
01-09 07:59:17.863  3067  3079 E BatteryStatsService: no controller energy info supplied
01-09 07:59:17.863  3067  3079 E BatteryStatsService: no controller energy info supplied
01-09 07:59:17.865 12124 12124 E ApplicationPackageManager: checkSettingsForIconTray value : 0
01-09 07:59:17.875 12124 12124 E ApplicationPackageManager: checkSettingsForIconTray value : 0
01-09 07:59:17.964  3067  3079 E BatteryStatsService: modem info is invalid: ModemActivityInfo{ mTimestamp=0 mSleepTimeMs=0 mIdleTimeMs=0 mTxTimeMs[]=[0, 0, 0, 0, 0] mRxTimeMs=0 mEnergyUsed=0}
01-09 07:59:18.114 12124 12124 E ApplicationPackageManager: checkSettingsForIconTray value : 0
01-09 07:59:18.118 12124 12124 E ApplicationPackageManager: checkSettingsForIconTray value : 0
01-09 07:59:18.485 12124 12124 E ApplicationPackageManager: checkSettingsForIconTray value : 0
01-09 07:59:18.489 12124 12124 E ApplicationPackageManager: checkSettingsForIconTray value : 0
01-09 07:59:19.091 12124 12124 E ApplicationPackageManager: checkSettingsForIconTray value : 0
01-09 07:59:19.096 12124 12124 E ApplicationPackageManager: checkSettingsForIconTray value : 0
01-09 07:59:19.164 12124 12124 E DatabaseIndexingManager: Cannot find SearchIndexableResources for class name: com.android.settings.print.PrintSettingsFragment
01-09 07:59:19.164 12124 12124 E DatabaseIndexingManager: Cannot find SearchIndexableResources for class name: com.android.settings.print.PrintSettingsFragment
01-09 07:59:20.690 12124 12124 E DatabaseIndexingManager: Cannot find SearchIndexableResources for class name: com.android.settings.print.PrintSettingsFragment
01-09 07:59:20.691 12124 12124 E DatabaseIndexingManager: Cannot find SearchIndexableResources for class name: com.android.settings.print.PrintSettingsFragment
01-09 07:59:20.808 12124 12124 E ApplicationPackageManager: checkSettingsForIconTray value : 0
01-09 07:59:20.814 12124 12124 E ApplicationPackageManager: checkSettingsForIconTray value : 0
01-09 07:59:20.933 12124 12124 E ApplicationPackageManager: checkSettingsForIconTray value : 0
01-09 07:59:20.937 12124 12124 E ApplicationPackageManager: checkSettingsForIconTray value : 0
01-09 07:59:21.076 12124 12124 E ApplicationPackageManager: checkSettingsForIconTray value : 0
01-09 07:59:21.081 12124 12124 E ApplicationPackageManager: checkSettingsForIconTray value : 0
01-09 07:59:27.138 12124 12124 E DatabaseIndexingManager: Cannot find SearchIndexableResources for class name: com.android.settings.print.PrintSettingsFragment
01-09 07:59:27.138 12124 12124 E DatabaseIndexingManager: Cannot find SearchIndexableResources for class name: com.android.settings.print.PrintSettingsFragment
01-09 07:59:27.645  3067  3083 E RemotePrintSpooler: servicesToKeep is empty!
01-09 07:59:27.646  3067  3083 E RemotePrintSpooler: Error pruning approved print services.
01-09 07:59:27.646  3067  3083 E RemotePrintSpooler: java.util.concurrent.TimeoutException: no PRINT SPOOLER package!
01-09 07:59:27.646  3067  3083 E RemotePrintSpooler: 	at com.android.server.print.RemotePrintSpooler.bindLocked(RemotePrintSpooler.java:630)
01-09 07:59:27.646  3067  3083 E RemotePrintSpooler: 	at com.android.server.print.RemotePrintSpooler.getRemoteInstanceLazy(RemotePrintSpooler.java:608)
01-09 07:59:27.646  3067  3083 E RemotePrintSpooler: 	at com.android.server.print.RemotePrintSpooler.pruneApprovedPrintServices(RemotePrintSpooler.java:521)
01-09 07:59:27.646  3067  3083 E RemotePrintSpooler: 	at com.android.server.print.UserState.prunePrintServices(UserState.java:1014)
01-09 07:59:27.646  3067  3083 E RemotePrintSpooler: 	at com.android.server.print.PrintManagerService$PrintManagerImpl$2.onPackageModified(PrintManagerService.java:745)
01-09 07:59:27.646  3067  3083 E RemotePrintSpooler: 	at com.android.internal.content.PackageMonitor.onReceive(PackageMonitor.java:384)
01-09 07:59:27.646  3067  3083 E RemotePrintSpooler: 	at android.app.LoadedApk$ReceiverDispatcher$Args.lambda$-android_app_LoadedApk$ReceiverDispatcher$Args_52226(LoadedApk.java:1319)
01-09 07:59:27.646  3067  3083 E RemotePrintSpooler: 	at android.app.-$Lambda$FilBqgnXJrN9Mgyks1XHeAxzSTk.$m$0(Unknown Source:4)
01-09 07:59:27.646  3067  3083 E RemotePrintSpooler: 	at android.app.-$Lambda$FilBqgnXJrN9Mgyks1XHeAxzSTk.run(Unknown Source:0)
01-09 07:59:27.646  3067  3083 E RemotePrintSpooler: 	at android.os.Handler.handleCallback(Handler.java:789)
01-09 07:59:27.646  3067  3083 E RemotePrintSpooler: 	at android.os.Handler.dispatchMessage(Handler.java:98)
01-09 07:59:27.646  3067  3083 E RemotePrintSpooler: 	at android.os.Looper.loop(Looper.java:164)
01-09 07:59:27.646  3067  3083 E RemotePrintSpooler: 	at android.os.HandlerThread.run(HandlerThread.java:65)
01-09 07:59:27.682 17550 17569 E ApplicationPackageManager: checkSettingsForIconTray value : 0
01-09 07:59:27.745 12124 12524 E ApplicationPackageManager: checkSettingsForIconTray value : 0
01-09 07:59:33.338  3067  3404 E LightsService: Light requested not available on this device. 2
01-09 07:59:34.907  3456  3456 E ApplicationPackageManager: checkSettingsForIconTray value : 0
01-09 07:59:34.908  3456  3456 E ApplicationPackageManager: checkSettingsForIconTray value : 0
01-09 07:59:34.969  3456  3456 E BufferItemConsumer: [unnamed-3456-290] Failed to release buffer: Unknown error -1 (1)
01-09 07:59:35.101  3456  3456 E BufferItemConsumer: [unnamed-3456-291] Failed to release buffer: Unknown error -1 (1)
01-09 07:59:46.027  3067  3563 E Watchdog: !@Sync 1885 [2026-01-09 07:59:46.027]
01-09 07:59:46.268  3067  3404 E LightsService: Light requested not available on this device. 2
01-09 07:59:49.871  3067  3404 E LightsService: Light requested not available on this device. 2
01-09 07:59:52.205  3456  9521 E ApplicationPackageManager: checkSettingsForIconTray value : 0
01-09 07:59:52.213  3456  9521 E ApplicationPackageManager: checkSettingsForIconTray value : 0
01-09 08:00:00.015 17550 17550 E ApplicationPackageManager: checkSettingsForIconTray value : 0
01-09 08:00:03.031  3067  3404 E LightsService: Light requested not available on this device. 2
01-09 08:00:04.489 17550 17550 E ProActivieLaunch: Sending Broadcast
01-09 08:00:04.493  3067  3067 E ActivityManager: TouchDown intent received, starting ActiveLaunch
01-09 08:00:04.764 31790 31790 E ActivityThread: Failed to find provider info for com.samsung.android.sm.security.devicesecurityprovider
01-09 08:00:04.765 31790 31790 E ActivityThread: Failed to find provider info for com.samsung.android.sm.security.devicesecurityprovider
01-09 08:00:04.788 31790  5136 E ActivityThread: Failed to find provider info for com.samsung.android.sm.security.devicesecurityprovider
01-09 08:00:04.789 31790  5136 E ActivityThread: Failed to find provider info for com.samsung.android.sm.security.devicesecurityprovider
01-09 08:00:04.793 31790  5137 E ActivityThread: Failed to find provider info for com.samsung.android.sm.security.devicesecurityprovider
01-09 08:00:04.794 31790  5137 E ActivityThread: Failed to find provider info for com.samsung.android.sm.security.devicesecurityprovider
01-09 08:00:04.876 12124 12124 E ViewRootImpl: sendUserActionEvent() returned.
01-09 08:00:05.092 31790 31790 E ActivityThread: Failed to find provider info for com.samsung.android.sm.security.devicesecurityprovider
01-09 08:00:05.093 31790 31790 E ActivityThread: Failed to find provider info for com.samsung.android.sm.security.devicesecurityprovider
01-09 08:00:05.134 31790  5140 E ActivityThread: Failed to find provider info for com.samsung.android.sm.security.devicesecurityprovider
01-09 08:00:05.135 31790  5140 E ActivityThread: Failed to find provider info for com.samsung.android.sm.security.devicesecurityprovider
01-09 08:00:06.106 15676 15676 E adbd    : recv: OPEN 00000ee3 00000000 000e:73 68 65 6C 6C 3A 67 65 74 70 72 6F 70 00 
01-09 08:00:06.107 15676 15676 E adbd    : service_to_fd: shell:getprop
01-09 08:00:09.161 31790 31790 E ViewRootImpl: sendUserActionEvent() returned.
01-09 08:00:09.257 12124 12124 E DatabaseIndexingManager: Cannot find SearchIndexableResources for class name: com.android.settings.print.PrintSettingsFragment
01-09 08:00:09.257 12124 12124 E DatabaseIndexingManager: Cannot find SearchIndexableResources for class name: com.android.settings.print.PrintSettingsFragment
01-09 08:00:11.030 12124 12124 E DatabaseIndexingManager: Cannot find SearchIndexableResources for class name: com.android.settings.print.PrintSettingsFragment
01-09 08:00:11.030 12124 12124 E DatabaseIndexingManager: Cannot find SearchIndexableResources for class name: com.android.settings.print.PrintSettingsFragment
01-09 08:00:13.151 12124 12124 E DatabaseIndexingManager: Cannot find SearchIndexableResources for class name: com.android.settings.print.PrintSettingsFragment
01-09 08:00:13.151 12124 12124 E DatabaseIndexingManager: Cannot find SearchIndexableResources for class name: com.android.settings.print.PrintSettingsFragment
01-09 08:00:16.031  3067  3563 E Watchdog: !@Sync 1886 [2026-01-09 08:00:16.031]
01-09 08:00:16.416 12488 12530 E ContactsProvider_EventLog: Flush buffer to file cnt : 1 size : 1Kb duration : 1ms lastUpdatedAfter : 60113 ms mFlush_time_threasold : 2000 mCurrentSize : 806
01-09 08:00:19.475 12124 12524 E ApplicationPackageManager: checkSettingsForIconTray value : 0
01-09 08:00:19.634  3067  3083 E RemotePrintSpooler: servicesToKeep is empty!
01-09 08:00:19.635  3067  3083 E RemotePrintSpooler: Error pruning approved print services.
01-09 08:00:19.635  3067  3083 E RemotePrintSpooler: java.util.concurrent.TimeoutException: no PRINT SPOOLER package!
01-09 08:00:19.635  3067  3083 E RemotePrintSpooler: 	at com.android.server.print.RemotePrintSpooler.bindLocked(RemotePrintSpooler.java:630)
01-09 08:00:19.635  3067  3083 E RemotePrintSpooler: 	at com.android.server.print.RemotePrintSpooler.getRemoteInstanceLazy(RemotePrintSpooler.java:608)
01-09 08:00:19.635  3067  3083 E RemotePrintSpooler: 	at com.android.server.print.RemotePrintSpooler.pruneApprovedPrintServices(RemotePrintSpooler.java:521)
01-09 08:00:19.635  3067  3083 E RemotePrintSpooler: 	at com.android.server.print.UserState.prunePrintServices(UserState.java:1014)
01-09 08:00:19.635  3067  3083 E RemotePrintSpooler: 	at com.android.server.print.PrintManagerService$PrintManagerImpl$2.onPackageModified(PrintManagerService.java:745)
01-09 08:00:19.635  3067  3083 E RemotePrintSpooler: 	at com.android.internal.content.PackageMonitor.onReceive(PackageMonitor.java:384)
01-09 08:00:19.635  3067  3083 E RemotePrintSpooler: 	at android.app.LoadedApk$ReceiverDispatcher$Args.lambda$-android_app_LoadedApk$ReceiverDispatcher$Args_52226(LoadedApk.java:1319)
01-09 08:00:19.635  3067  3083 E RemotePrintSpooler: 	at android.app.-$Lambda$FilBqgnXJrN9Mgyks1XHeAxzSTk.$m$0(Unknown Source:4)
01-09 08:00:19.635  3067  3083 E RemotePrintSpooler: 	at android.app.-$Lambda$FilBqgnXJrN9Mgyks1XHeAxzSTk.run(Unknown Source:0)
01-09 08:00:19.635  3067  3083 E RemotePrintSpooler: 	at android.os.Handler.handleCallback(Handler.java:789)
01-09 08:00:19.635  3067  3083 E RemotePrintSpooler: 	at android.os.Handler.dispatchMessage(Handler.java:98)
01-09 08:00:19.635  3067  3083 E RemotePrintSpooler: 	at android.os.Looper.loop(Looper.java:164)
01-09 08:00:19.635  3067  3083 E RemotePrintSpooler: 	at android.os.HandlerThread.run(HandlerThread.java:65)
01-09 08:00:19.653 17550 17569 E ApplicationPackageManager: checkSettingsForIconTray value : 0
01-09 08:00:23.447 12124 12124 E ApplicationPackageManager: checkSettingsForIconTray value : 0
01-09 08:00:23.473 12124 12124 E ApplicationPackageManager: checkSettingsForIconTray value : 0
01-09 08:00:23.489 12124 12124 E DatabaseIndexingManager: Cannot find SearchIndexableResources for class name: com.android.settings.print.PrintSettingsFragment
01-09 08:00:23.489 12124 12124 E DatabaseIndexingManager: Cannot find SearchIndexableResources for class name: com.android.settings.print.PrintSettingsFragment
01-09 08:00:26.168 12124 12124 E DatabaseIndexingManager: Cannot find SearchIndexableResources for class name: com.android.settings.print.PrintSettingsFragment
01-09 08:00:26.168 12124 12124 E DatabaseIndexingManager: Cannot find SearchIndexableResources for class name: com.android.settings.print.PrintSettingsFragment
01-09 08:00:26.287 12124 12124 E ApplicationPackageManager: checkSettingsForIconTray value : 0
01-09 08:00:26.293 12124 12124 E ApplicationPackageManager: checkSettingsForIconTray value : 0
01-09 08:00:26.415  3067  3079 E BatteryStatsService: no controller energy info supplied
01-09 08:00:26.415  3067  3079 E BatteryStatsService: no controller energy info supplied
01-09 08:00:26.455  3067  3079 E BatteryStatsService: modem info is invalid: ModemActivityInfo{ mTimestamp=0 mSleepTimeMs=0 mIdleTimeMs=0 mTxTimeMs[]=[0, 0, 0, 0, 0] mRxTimeMs=0 mEnergyUsed=0}
01-09 08:00:26.475 12124 12124 E ApplicationPackageManager: checkSettingsForIconTray value : 0
01-09 08:00:26.479 12124 12124 E ApplicationPackageManager: checkSettingsForIconTray value : 0
01-09 08:00:26.708 12124 12124 E ApplicationPackageManager: checkSettingsForIconTray value : 0
01-09 08:00:26.712 12124 12124 E ApplicationPackageManager: checkSettingsForIconTray value : 0
01-09 08:00:33.644  3067  3083 E RemotePrintSpooler: servicesToKeep is empty!
01-09 08:00:33.645  3067  3083 E RemotePrintSpooler: Error pruning approved print services.
01-09 08:00:33.645  3067  3083 E RemotePrintSpooler: java.util.concurrent.TimeoutException: no PRINT SPOOLER package!
01-09 08:00:33.645  3067  3083 E RemotePrintSpooler: 	at com.android.server.print.RemotePrintSpooler.bindLocked(RemotePrintSpooler.java:630)
01-09 08:00:33.645  3067  3083 E RemotePrintSpooler: 	at com.android.server.print.RemotePrintSpooler.getRemoteInstanceLazy(RemotePrintSpooler.java:608)
01-09 08:00:33.645  3067  3083 E RemotePrintSpooler: 	at com.android.server.print.RemotePrintSpooler.pruneApprovedPrintServices(RemotePrintSpooler.java:521)
01-09 08:00:33.645  3067  3083 E RemotePrintSpooler: 	at com.android.server.print.UserState.prunePrintServices(UserState.java:1014)
01-09 08:00:33.645  3067  3083 E RemotePrintSpooler: 	at com.android.server.print.PrintManagerService$PrintManagerImpl$2.onPackageModified(PrintManagerService.java:745)
01-09 08:00:33.645  3067  3083 E RemotePrintSpooler: 	at com.android.internal.content.PackageMonitor.onReceive(PackageMonitor.java:384)
01-09 08:00:33.645  3067  3083 E RemotePrintSpooler: 	at android.app.LoadedApk$ReceiverDispatcher$Args.lambda$-android_app_LoadedApk$ReceiverDispatcher$Args_52226(LoadedApk.java:1319)
01-09 08:00:33.645  3067  3083 E RemotePrintSpooler: 	at android.app.-$Lambda$FilBqgnXJrN9Mgyks1XHeAxzSTk.$m$0(Unknown Source:4)
01-09 08:00:33.645  3067  3083 E RemotePrintSpooler: 	at android.app.-$Lambda$FilBqgnXJrN9Mgyks1XHeAxzSTk.run(Unknown Source:0)
01-09 08:00:33.645  3067  3083 E RemotePrintSpooler: 	at android.os.Handler.handleCallback(Handler.java:789)
01-09 08:00:33.645  3067  3083 E RemotePrintSpooler: 	at android.os.Handler.dispatchMessage(Handler.java:98)
01-09 08:00:33.645  3067  3083 E RemotePrintSpooler: 	at android.os.Looper.loop(Looper.java:164)
01-09 08:00:33.645  3067  3083 E RemotePrintSpooler: 	at android.os.HandlerThread.run(HandlerThread.java:65)
01-09 08:00:33.670 12124 12124 E ApplicationPackageManager: checkSettingsForIconTray value : 0
01-09 08:00:33.679 12124 12124 E ApplicationPackageManager: checkSettingsForIconTray value : 0
01-09 08:00:33.700 17550 17569 E ApplicationPackageManager: checkSettingsForIconTray value : 0
01-09 08:00:33.771 12124 12524 E ApplicationPackageManager: checkSettingsForIconTray value : 0
01-09 08:00:39.510 12124 12124 E ApplicationPackageManager: checkSettingsForIconTray value : 0
01-09 08:00:39.518 12124 12124 E ApplicationPackageManager: checkSettingsForIconTray value : 0
01-09 08:00:39.540 12124 12124 E DatabaseIndexingManager: Cannot find SearchIndexableResources for class name: com.android.settings.print.PrintSettingsFragment
01-09 08:00:39.540 12124 12124 E DatabaseIndexingManager: Cannot find SearchIndexableResources for class name: com.android.settings.print.PrintSettingsFragment
01-09 08:00:42.602 12124 12124 E DatabaseIndexingManager: Cannot find SearchIndexableResources for class name: com.android.settings.print.PrintSettingsFragment
01-09 08:00:42.602 12124 12124 E DatabaseIndexingManager: Cannot find SearchIndexableResources for class name: com.android.settings.print.PrintSettingsFragment
01-09 08:00:42.730 12124 12124 E ApplicationPackageManager: checkSettingsForIconTray value : 0
01-09 08:00:42.734 12124 12124 E ApplicationPackageManager: checkSettingsForIconTray value : 0
01-09 08:00:42.848 12124 12124 E ApplicationPackageManager: checkSettingsForIconTray value : 0
01-09 08:00:42.852 12124 12124 E ApplicationPackageManager: checkSettingsForIconTray value : 0
01-09 08:00:43.097 12124 12124 E ApplicationPackageManager: checkSettingsForIconTray value : 0
01-09 08:00:43.103 12124 12124 E ApplicationPackageManager: checkSettingsForIconTray value : 0
01-09 08:00:43.566  3067  3079 E UserRestrictionsUtils: Unknown restriction: com.twofasapp
01-09 08:00:43.646  5086  5086 E ApplicationPackageManager: checkSettingsForIconTray value : 0
01-09 08:00:43.674  5086  5086 E ApplicationPackageManager: checkSettingsForIconTray value : 0
01-09 08:00:44.995  5086  5086 E ViewRootImpl: sendUserActionEvent() returned.
01-09 08:00:45.287  3067  3104 E SdpManagerService: read engine - No any engine found
01-09 08:00:46.035  3067  3563 E Watchdog: !@Sync 1887 [2026-01-09 08:00:46.035]
01-09 08:00:46.706 12124 12124 E AppInfoBase: Exception when retrieving package:com.twofasapp
01-09 08:00:46.706 12124 12124 E AppInfoBase: android.content.pm.PackageManager$NameNotFoundException: com.twofasapp
01-09 08:00:46.706 12124 12124 E AppInfoBase: 	at android.app.ApplicationPackageManager.getPackageInfoAsUser(ApplicationPackageManager.java:301)
01-09 08:00:46.706 12124 12124 E AppInfoBase: 	at android.app.ApplicationPackageManager.getPackageInfo(ApplicationPackageManager.java:272)
01-09 08:00:46.706 12124 12124 E AppInfoBase: 	at com.android.settings.applications.AppInfoBase.retrieveAppEntry(AppInfoBase.java:146)
01-09 08:00:46.706 12124 12124 E AppInfoBase: 	at com.android.settings.applications.InstalledAppDetails.refreshUi(InstalledAppDetails.java:1223)
01-09 08:00:46.706 12124 12124 E AppInfoBase: 	at com.android.settings.applications.InstalledAppDetails.onActivityResult(InstalledAppDetails.java:1116)
01-09 08:00:46.706 12124 12124 E AppInfoBase: 	at android.app.Activity.dispatchActivityResult(Activity.java:7626)
01-09 08:00:46.706 12124 12124 E AppInfoBase: 	at android.app.ActivityThread.deliverResults(ActivityThread.java:4487)
01-09 08:00:46.706 12124 12124 E AppInfoBase: 	at android.app.ActivityThread.handleSendResult(ActivityThread.java:4534)
01-09 08:00:46.706 12124 12124 E AppInfoBase: 	at android.app.ActivityThread.-wrap20(Unknown Source:0)
01-09 08:00:46.706 12124 12124 E AppInfoBase: 	at android.app.ActivityThread$H.handleMessage(ActivityThread.java:1752)
01-09 08:00:46.706 12124 12124 E AppInfoBase: 	at android.os.Handler.dispatchMessage(Handler.java:105)
01-09 08:00:46.706 12124 12124 E AppInfoBase: 	at android.os.Looper.loop(Looper.java:164)
01-09 08:00:46.706 12124 12124 E AppInfoBase: 	at android.app.ActivityThread.main(ActivityThread.java:6942)
01-09 08:00:46.706 12124 12124 E AppInfoBase: 	at java.lang.reflect.Method.invoke(Native Method)
01-09 08:00:46.706 12124 12124 E AppInfoBase: 	at com.android.internal.os.Zygote$MethodAndArgsCaller.run(Zygote.java:327)
01-09 08:00:46.706 12124 12124 E AppInfoBase: 	at com.android.internal.os.ZygoteInit.main(ZygoteInit.java:1374)
01-09 08:00:46.995  5201  5201 E Zygote  : isWhitelistProcess - Process is Whitelisted
01-09 08:00:46.997  5201  5201 E libpersona: scanKnoxPersonas
01-09 08:00:46.997  5201  5201 E libpersona: Couldn't open the File - /data/system/users/0/personalist.xml - No such file or directory
01-09 08:00:47.062  5219  5219 E Zygote  : isWhitelistProcess - Process is Whitelisted
01-09 08:00:47.063  5219  5219 E libpersona: scanKnoxPersonas
01-09 08:00:47.063  5219  5219 E libpersona: Couldn't open the File - /data/system/users/0/personalist.xml - No such file or directory
01-09 08:00:47.203  2709  3024 E IptablesRestoreController: [iptables debug]iptables-restore execute *filter
01-09 08:00:47.203  2709  3024 E IptablesRestoreController: -D fw_powersave -m owner --uid-owner 10223 -j RETURN
01-09 08:00:47.203  2709  3024 E IptablesRestoreController: COMMIT
01-09 08:00:47.211  2709  3024 E IptablesRestoreController: [iptables debug]iptables-restore execute done *filter
01-09 08:00:47.211  2709  3024 E IptablesRestoreController: -D fw_powersave -m owner --uid-owner 10223 -j RETURN
01-09 08:00:47.211  2709  3024 E IptablesRestoreController: COMMIT
01-09 08:00:47.211  2709  3024 E IptablesRestoreController: , res : 0
01-09 08:00:47.212  3067  3067 E SDAgentPackageStateReceiver: Not going to handle 'com.twofasapp'!
01-09 08:00:47.226 12488 12530 E ContactsProvider_EventLog: Flush buffer to file cnt : 1 size : 1Kb duration : 2ms lastUpdatedAfter : 30810 ms mFlush_time_threasold : 2000 mCurrentSize : 580
01-09 08:00:47.228  2709  3024 E IptablesRestoreController: [iptables debug]iptables-restore execute *filter
01-09 08:00:47.228  2709  3024 E IptablesRestoreController: -D bw_penalty_box -m owner --uid-owner 10223 --jump REJECT
01-09 08:00:47.228  2709  3024 E IptablesRestoreController: COMMIT
01-09 08:00:47.234  2709  3024 E IptablesRestoreController: [iptables debug]iptables-restore execute done *filter
01-09 08:00:47.234  2709  3024 E IptablesRestoreController: -D bw_penalty_box -m owner --uid-owner 10223 --jump REJECT
01-09 08:00:47.234  2709  3024 E IptablesRestoreController: COMMIT
01-09 08:00:47.234  2709  3024 E IptablesRestoreController: , res : 0
01-09 08:00:47.299 12124 12124 E DatabaseIndexingManager: Cannot find SearchIndexableResources for class name: com.android.settings.print.PrintSettingsFragment
01-09 08:00:47.299 12124 12124 E DatabaseIndexingManager: Cannot find SearchIndexableResources for class name: com.android.settings.print.PrintSettingsFragment
01-09 08:00:47.526  4777  4819 E Finsky  : [3929] [Counters] attempted to use a non-positive increment for: 4753
01-09 08:00:47.716  3067  3090 E EdmStorageProvider: Admin not in database, something went wrong
01-09 08:00:47.719  3067  3090 E EdmStorageProvider: Admin not in database, something went wrong
01-09 08:00:47.721  3067  3090 E EdmStorageProvider: Admin not in database, something went wrong
01-09 08:00:47.735  3067  3090 E EdmStorageProvider: Admin not in database, something went wrong
01-09 08:00:47.743  3067  3090 E EdmStorageProvider: Admin not in database, something went wrong
01-09 08:00:47.769  3067  3090 E EdmStorageProvider: Admin not in database, something went wrong
01-09 08:00:47.770  3067  3090 E EdmStorageProvider: Admin not in database, something went wrong
01-09 08:00:47.772  3067  3090 E EdmStorageProvider: Admin not in database, something went wrong
01-09 08:00:47.773  3067  3090 E EdmStorageProvider: Admin not in database, something went wrong
01-09 08:00:47.833  4777  4819 E Finsky  : [3929] [Counters] attempted to use a non-positive increment for: 4752
01-09 08:00:47.938  4777  4819 E Finsky  : [3929] [Counters] attempted to use a non-positive increment for: 4753
01-09 08:00:48.017  3415  3415 E CarrierMatchingBootReceiver: isCarrierMatchingEnabled: carrier_matching_status
01-09 08:00:48.036  3415  3415 E CarrierMatchingBootReceiver: isCarrierMatchingEnabled: carrier_matching_status
01-09 08:00:48.036  3415  3415 E CarrierMatchingBootReceiver: isCarrierMatchingEnabled: carrier_matching_status
01-09 08:00:48.106  5284  5284 E Zygote  : isWhitelistProcess - Process is Whitelisted
01-09 08:00:48.107  5284  5284 E libpersona: scanKnoxPersonas
01-09 08:00:48.108  5284  5284 E libpersona: Couldn't open the File - /data/system/users/0/personalist.xml - No such file or directory
01-09 08:00:48.115  3067  6919 E PackageManager: Need to declare android.permission.REQUEST_INSTALL_PACKAGES to call this api
01-09 08:00:48.136  3067  3083 E RemotePrintSpooler: servicesToKeep is empty!
01-09 08:00:48.223  3067  3083 E RemotePrintSpooler: Error pruning approved print services.
01-09 08:00:48.223  3067  3083 E RemotePrintSpooler: java.util.concurrent.TimeoutException: no PRINT SPOOLER package!
01-09 08:00:48.223  3067  3083 E RemotePrintSpooler: 	at com.android.server.print.RemotePrintSpooler.bindLocked(RemotePrintSpooler.java:630)
01-09 08:00:48.223  3067  3083 E RemotePrintSpooler: 	at com.android.server.print.RemotePrintSpooler.getRemoteInstanceLazy(RemotePrintSpooler.java:608)
01-09 08:00:48.223  3067  3083 E RemotePrintSpooler: 	at com.android.server.print.RemotePrintSpooler.pruneApprovedPrintServices(RemotePrintSpooler.java:521)
01-09 08:00:48.223  3067  3083 E RemotePrintSpooler: 	at com.android.server.print.UserState.prunePrintServices(UserState.java:1014)
01-09 08:00:48.223  3067  3083 E RemotePrintSpooler: 	at com.android.server.print.PrintManagerService$PrintManagerImpl$2.onPackageRemoved(PrintManagerService.java:764)
