01-09 08:00:59.323 12124 12524 E ApplicationPackageManager: checkSettingsForIconTray value : 0
01-09 08:00:59.328 12124 12524 E ApplicationPackageManager: checkSettingsForIconTray value : 0
01-09 08:00:59.340 12124 12524 E ApplicationPackageManager: checkSettingsForIconTray value : 0
01-09 08:00:59.345 12124 12524 E ApplicationPackageManager: checkSettingsForIconTray value : 0
01-09 08:00:59.348 12124 12524 E ApplicationPackageManager: checkSettingsForIconTray value : 0
01-09 08:00:59.353 12124 12524 E ApplicationPackageManager: checkSettingsForIconTray value : 0
01-09 08:00:59.356 12124 12524 E ApplicationPackageManager: checkSettingsForIconTray value : 0
01-09 08:00:59.383 12124 12524 E ApplicationPackageManager: checkSettingsForIconTray value : 0
01-09 08:00:59.386 12124 12524 E ApplicationPackageManager: checkSettingsForIconTray value : 0
01-09 08:00:59.400 12124 12524 E ApplicationPackageManager: checkSettingsForIconTray value : 0
01-09 08:00:59.402 12124 12524 E ApplicationPackageManager: checkSettingsForIconTray value : 0
01-09 08:00:59.407 12124 12524 E ApplicationPackageManager: checkSettingsForIconTray value : 0
01-09 08:00:59.408 12124 12524 E ApplicationPackageManager: checkSettingsForIconTray value : 0
01-09 08:00:59.413 12124 12524 E ApplicationPackageManager: checkSettingsForIconTray value : 0
01-09 08:00:59.414 12124 12524 E ApplicationPackageManager: checkSettingsForIconTray value : 0
01-09 08:00:59.421 12124 12524 E ApplicationPackageManager: checkSettingsForIconTray value : 0
01-09 08:00:59.423 12124 12524 E ApplicationPackageManager: checkSettingsForIconTray value : 0
01-09 08:00:59.435 12124 12524 E ApplicationPackageManager: checkSettingsForIconTray value : 0
01-09 08:00:59.440 12124 12524 E ApplicationPackageManager: checkSettingsForIconTray value : 0
01-09 08:00:59.446 12124 12524 E ApplicationPackageManager: checkSettingsForIconTray value : 0
01-09 08:00:59.448 12124 12524 E ApplicationPackageManager: checkSettingsForIconTray value : 0
01-09 08:00:59.490 12124 12524 E ApplicationPackageManager: checkSettingsForIconTray value : 0
01-09 08:00:59.598 12124 12524 E ApplicationPackageManager: checkSettingsForIconTray value : 0
01-09 08:00:59.613 12124 12524 E ApplicationPackageManager: checkSettingsForIconTray value : 0
01-09 08:00:59.622 12124 12524 E ApplicationPackageManager: checkSettingsForIconTray value : 0
01-09 08:00:59.635 12124 12524 E ApplicationPackageManager: checkSettingsForIconTray value : 0
01-09 08:00:59.640 12124 12524 E ApplicationPackageManager: checkSettingsForIconTray value : 0
01-09 08:00:59.650 12124 12524 E ApplicationPackageManager: checkSettingsForIconTray value : 0
01-09 08:00:59.653 12124 12524 E ApplicationPackageManager: checkSettingsForIconTray value : 0
01-09 08:00:59.662 12124 12524 E ApplicationPackageManager: checkSettingsForIconTray value : 0
01-09 08:00:59.663 12124 12524 E ApplicationPackageManager: checkSettingsForIconTray value : 0
01-09 08:00:59.698 12124 12524 E ApplicationPackageManager: checkSettingsForIconTray value : 0
01-09 08:00:59.701 12124 12524 E ApplicationPackageManager: checkSettingsForIconTray value : 0
01-09 08:00:59.706 12124 12524 E ApplicationPackageManager: checkSettingsForIconTray value : 0
01-09 08:00:59.709 12124 12524 E ApplicationPackageManager: checkSettingsForIconTray value : 0
01-09 08:00:59.717 12124 12524 E ApplicationPackageManager: checkSettingsForIconTray value : 0
01-09 08:00:59.720 12124 12524 E ApplicationPackageManager: checkSettingsForIconTray value : 0
01-09 08:00:59.726 12124 12524 E ApplicationPackageManager: checkSettingsForIconTray value : 0
01-09 08:00:59.728 12124 12524 E ApplicationPackageManager: checkSettingsForIconTray value : 0
01-09 08:00:59.735 12124 12524 E ApplicationPackageManager: checkSettingsForIconTray value : 0
01-09 08:00:59.740 12124 12524 E ApplicationPackageManager: checkSettingsForIconTray value : 0
01-09 08:00:59.753 12124 12524 E ApplicationPackageManager: checkSettingsForIconTray value : 0
01-09 08:00:59.755 12124 12524 E ApplicationPackageManager: checkSettingsForIconTray value : 0
01-09 08:00:59.762 12124 12524 E ApplicationPackageManager: checkSettingsForIconTray value : 0
01-09 08:00:59.764 12124 12524 E ApplicationPackageManager: checkSettingsForIconTray value : 0
01-09 08:00:59.770 12124 12524 E ApplicationPackageManager: checkSettingsForIconTray value : 0
01-09 08:00:59.773 12124 12524 E ApplicationPackageManager: checkSettingsForIconTray value : 0
01-09 08:00:59.778 12124 12524 E ApplicationPackageManager: checkSettingsForIconTray value : 0
01-09 08:00:59.781 12124 12524 E ApplicationPackageManager: checkSettingsForIconTray value : 0
01-09 08:00:59.787 12124 12524 E ApplicationPackageManager: checkSettingsForIconTray value : 0
01-09 08:00:59.789 12124 12524 E ApplicationPackageManager: checkSettingsForIconTray value : 0
01-09 08:00:59.809 12124 12524 E ApplicationPackageManager: checkSettingsForIconTray value : 0
01-09 08:00:59.814 12124 12524 E ApplicationPackageManager: checkSettingsForIconTray value : 0
01-09 08:00:59.821 12124 12524 E ApplicationPackageManager: checkSettingsForIconTray value : 0
01-09 08:00:59.822 12124 12524 E ApplicationPackageManager: checkSettingsForIconTray value : 0
01-09 08:00:59.832 12124 12524 E ApplicationPackageManager: checkSettingsForIconTray value : 0
01-09 08:00:59.834 12124 12524 E ApplicationPackageManager: checkSettingsForIconTray value : 0
01-09 08:00:59.839 12124 12524 E ApplicationPackageManager: checkSettingsForIconTray value : 0
01-09 08:00:59.841 12124 12524 E ApplicationPackageManager: checkSettingsForIconTray value : 0
01-09 08:00:59.845 12124 12524 E ApplicationPackageManager: checkSettingsForIconTray value : 0
01-09 08:00:59.848 12124 12524 E ApplicationPackageManager: checkSettingsForIconTray value : 0
01-09 08:00:59.856 12124 12524 E ApplicationPackageManager: checkSettingsForIconTray value : 0
01-09 08:00:59.858 12124 12524 E ApplicationPackageManager: checkSettingsForIconTray value : 0
01-09 08:00:59.865 12124 12524 E ApplicationPackageManager: checkSettingsForIconTray value : 0
01-09 08:00:59.867 12124 12524 E ApplicationPackageManager: checkSettingsForIconTray value : 0
01-09 08:00:59.872 12124 12524 E ApplicationPackageManager: checkSettingsForIconTray value : 0
01-09 08:00:59.874 12124 12524 E ApplicationPackageManager: checkSettingsForIconTray value : 0
01-09 08:00:59.878 12124 12524 E ApplicationPackageManager: checkSettingsForIconTray value : 0
01-09 08:00:59.884 12124 12524 E ApplicationPackageManager: checkSettingsForIconTray value : 0
01-09 08:00:59.886 12124 12524 E ApplicationPackageManager: checkSettingsForIconTray value : 0
01-09 08:00:59.896 12124 12524 E ApplicationPackageManager: checkSettingsForIconTray value : 0
01-09 08:00:59.899 12124 12524 E ApplicationPackageManager: checkSettingsForIconTray value : 0
01-09 08:00:59.904 12124 12524 E ApplicationPackageManager: checkSettingsForIconTray value : 0
01-09 08:00:59.907 12124 12524 E ApplicationPackageManager: checkSettingsForIconTray value : 0
01-09 08:00:59.915 12124 12524 E ApplicationPackageManager: checkSettingsForIconTray value : 0
01-09 08:00:59.916 12124 12524 E ApplicationPackageManager: checkSettingsForIconTray value : 0
01-09 08:00:59.923 12124 12524 E ApplicationPackageManager: checkSettingsForIconTray value : 0
01-09 08:00:59.925 12124 12524 E ApplicationPackageManager: checkSettingsForIconTray value : 0
01-09 08:00:59.935 12124 12524 E ApplicationPackageManager: checkSettingsForIconTray value : 0
01-09 08:00:59.939 12124 12524 E ApplicationPackageManager: checkSettingsForIconTray value : 0
01-09 08:00:59.954 12124 12524 E ApplicationPackageManager: checkSettingsForIconTray value : 0
01-09 08:00:59.956 12124 12524 E ApplicationPackageManager: checkSettingsForIconTray value : 0
01-09 08:00:59.961 12124 12524 E ApplicationPackageManager: checkSettingsForIconTray value : 0
01-09 08:00:59.963 12124 12524 E ApplicationPackageManager: checkSettingsForIconTray value : 0
01-09 08:00:59.968 12124 12524 E ApplicationPackageManager: checkSettingsForIconTray value : 0
01-09 08:00:59.970 12124 12524 E ApplicationPackageManager: checkSettingsForIconTray value : 0
01-09 08:00:59.975 12124 12524 E ApplicationPackageManager: checkSettingsForIconTray value : 0
01-09 08:00:59.977 12124 12524 E ApplicationPackageManager: checkSettingsForIconTray value : 0
01-09 08:00:59.983 12124 12524 E ApplicationPackageManager: checkSettingsForIconTray value : 0
01-09 08:00:59.985 12124 12524 E ApplicationPackageManager: checkSettingsForIconTray value : 0
01-09 08:00:59.998 12124 12524 E ApplicationPackageManager: checkSettingsForIconTray value : 0
01-09 08:01:00.001 12124 12524 E ApplicationPackageManager: checkSettingsForIconTray value : 0
01-09 08:01:00.009 17550 17550 E ApplicationPackageManager: checkSettingsForIconTray value : 0
01-09 08:01:00.015 12124 12524 E ApplicationPackageManager: checkSettingsForIconTray value : 0
01-09 08:01:00.027 12124 12524 E ApplicationPackageManager: checkSettingsForIconTray value : 0
01-09 08:01:00.033 12124 12524 E ApplicationPackageManager: checkSettingsForIconTray value : 0
01-09 08:01:00.040 12124 12524 E ApplicationPackageManager: checkSettingsForIconTray value : 0
01-09 08:01:00.070 12124 12524 E ApplicationPackageManager: checkSettingsForIconTray value : 0
01-09 08:01:00.072 12124 12524 E ApplicationPackageManager: checkSettingsForIconTray value : 0
01-09 08:01:00.082 12124 12524 E ApplicationPackageManager: checkSettingsForIconTray value : 0
01-09 08:01:00.093 12124 12524 E ApplicationPackageManager: checkSettingsForIconTray value : 0
01-09 08:01:00.100 12124 12524 E ApplicationPackageManager: checkSettingsForIconTray value : 0
01-09 08:01:00.103 12124 12524 E ApplicationPackageManager: checkSettingsForIconTray value : 0
01-09 08:01:00.109 12124 12524 E ApplicationPackageManager: checkSettingsForIconTray value : 0
01-09 08:01:00.112 12124 12524 E ApplicationPackageManager: checkSettingsForIconTray value : 0
01-09 08:01:00.124 12124 12524 E ApplicationPackageManager: checkSettingsForIconTray value : 0
01-09 08:01:00.127 12124 12524 E ApplicationPackageManager: checkSettingsForIconTray value : 0
01-09 08:01:00.132 12124 12524 E ApplicationPackageManager: checkSettingsForIconTray value : 0
01-09 08:01:00.134 12124 12524 E ApplicationPackageManager: checkSettingsForIconTray value : 0
01-09 08:01:00.138 12124 12524 E ApplicationPackageManager: checkSettingsForIconTray value : 0
01-09 08:01:00.142 12124 12524 E ApplicationPackageManager: checkSettingsForIconTray value : 0
01-09 08:01:00.144 12124 12524 E ApplicationPackageManager: checkSettingsForIconTray value : 0
01-09 08:01:00.149 12124 12524 E ApplicationPackageManager: checkSettingsForIconTray value : 0
01-09 08:01:00.151 12124 12524 E ApplicationPackageManager: checkSettingsForIconTray value : 0
01-09 08:01:00.155 12124 12524 E ApplicationPackageManager: checkSettingsForIconTray value : 0
01-09 08:01:00.161 12124 12524 E ApplicationPackageManager: checkSettingsForIconTray value : 0
01-09 08:01:00.163 12124 12524 E ApplicationPackageManager: checkSettingsForIconTray value : 0
01-09 08:01:00.167 12124 12524 E ApplicationPackageManager: checkSettingsForIconTray value : 0
01-09 08:01:00.172 12124 12524 E ApplicationPackageManager: checkSettingsForIconTray value : 0
01-09 08:01:00.174 12124 12524 E ApplicationPackageManager: checkSettingsForIconTray value : 0
01-09 08:01:00.179 12124 12524 E ApplicationPackageManager: checkSettingsForIconTray value : 0
01-09 08:01:00.180 12124 12524 E ApplicationPackageManager: checkSettingsForIconTray value : 0
01-09 08:01:00.186 12124 12524 E ApplicationPackageManager: checkSettingsForIconTray value : 0
01-09 08:01:00.187 12124 12524 E ApplicationPackageManager: checkSettingsForIconTray value : 0
01-09 08:01:00.192 12124 12524 E ApplicationPackageManager: checkSettingsForIconTray value : 0
01-09 08:01:00.194 12124 12524 E ApplicationPackageManager: checkSettingsForIconTray value : 0
01-09 08:01:00.201 12124 12524 E ApplicationPackageManager: checkSettingsForIconTray value : 0
01-09 08:01:00.203 12124 12524 E ApplicationPackageManager: checkSettingsForIconTray value : 0
01-09 08:01:00.203 17550 17550 E ProActivieLaunch: Sending Broadcast
01-09 08:01:00.209  3067  3067 E ActivityManager: TouchDown intent received, starting ActiveLaunch
01-09 08:01:00.212 12124 12524 E ApplicationPackageManager: checkSettingsForIconTray value : 0
01-09 08:01:00.214 12124 12524 E ApplicationPackageManager: checkSettingsForIconTray value : 0
01-09 08:01:00.233  5371  5371 E Zygote  : isWhitelistProcess - Process is Whitelisted
01-09 08:01:00.234  5371  5371 E libpersona: scanKnoxPersonas
01-09 08:01:00.235  5371  5371 E libpersona: Couldn't open the File - /data/system/users/0/personalist.xml - No such file or directory
01-09 08:01:00.275 12124 12524 E ApplicationPackageManager: checkSettingsForIconTray value : 0
01-09 08:01:00.277 12124 12524 E ApplicationPackageManager: checkSettingsForIconTray value : 0
01-09 08:01:00.283 12124 12524 E ApplicationPackageManager: checkSettingsForIconTray value : 0
01-09 08:01:00.515  2709  3024 E IptablesRestoreController: [iptables debug]iptables-restore execute *filter
01-09 08:01:00.515  2709  3024 E IptablesRestoreController: -I bw_happy_box -m owner --uid-owner 10057 --jump RETURN
01-09 08:01:00.515  2709  3024 E IptablesRestoreController: COMMIT
01-09 08:01:00.527  2709  3024 E IptablesRestoreController: [iptables debug]iptables-restore execute done *filter
01-09 08:01:00.527  2709  3024 E IptablesRestoreController: -I bw_happy_box -m owner --uid-owner 10057 --jump RETURN
01-09 08:01:00.527  2709  3024 E IptablesRestoreController: COMMIT
01-09 08:01:00.527  2709  3024 E IptablesRestoreController: , res : 0
01-09 08:01:00.528  2709  3024 E IptablesRestoreController: [iptables debug]iptables-restore execute *filter
01-09 08:01:00.528  2709  3024 E IptablesRestoreController: -D bw_penalty_box -m owner --uid-owner 10057 --jump REJECT
01-09 08:01:00.528  2709  3024 E IptablesRestoreController: COMMIT
01-09 08:01:00.545  2709  3024 E IptablesRestoreController: [iptables debug]iptables-restore execute done *filter
01-09 08:01:00.545  2709  3024 E IptablesRestoreController: -D bw_penalty_box -m owner --uid-owner 10057 --jump REJECT
01-09 08:01:00.545  2709  3024 E IptablesRestoreController: COMMIT
01-09 08:01:00.545  2709  3024 E IptablesRestoreController: , res : 0
01-09 08:01:00.592  3456  3784 E ApplicationPackageManager: checkSettingsForIconTray value : 0
01-09 08:01:00.602  3456  3784 E ApplicationPackageManager: checkSettingsForIconTray value : 0
01-09 08:01:00.769  3067  6426 E DirEncryptService: EncPrefs not found
01-09 08:01:01.179  5371  5371 E myFiles : [0042/CloudFileHomeItem   ] getCloudViewId() - cloud type(None) was not proper
01-09 08:01:02.360  3067  3083 E RemotePrintSpooler: servicesToKeep is empty!
01-09 08:01:02.361  3067  3083 E RemotePrintSpooler: Error pruning approved print services.
01-09 08:01:02.361  3067  3083 E RemotePrintSpooler: java.util.concurrent.TimeoutException: no PRINT SPOOLER package!
01-09 08:01:02.361  3067  3083 E RemotePrintSpooler: 	at com.android.server.print.RemotePrintSpooler.bindLocked(RemotePrintSpooler.java:630)
01-09 08:01:02.361  3067  3083 E RemotePrintSpooler: 	at com.android.server.print.RemotePrintSpooler.getRemoteInstanceLazy(RemotePrintSpooler.java:608)
01-09 08:01:02.361  3067  3083 E RemotePrintSpooler: 	at com.android.server.print.RemotePrintSpooler.pruneApprovedPrintServices(RemotePrintSpooler.java:521)
01-09 08:01:02.361  3067  3083 E RemotePrintSpooler: 	at com.android.server.print.UserState.prunePrintServices(UserState.java:1014)
01-09 08:01:02.361  3067  3083 E RemotePrintSpooler: 	at com.android.server.print.PrintManagerService$PrintManagerImpl$2.onPackageModified(PrintManagerService.java:745)
01-09 08:01:02.361  3067  3083 E RemotePrintSpooler: 	at com.android.internal.content.PackageMonitor.onReceive(PackageMonitor.java:384)
01-09 08:01:02.361  3067  3083 E RemotePrintSpooler: 	at android.app.LoadedApk$ReceiverDispatcher$Args.lambda$-android_app_LoadedApk$ReceiverDispatcher$Args_52226(LoadedApk.java:1319)
01-09 08:01:02.361  3067  3083 E RemotePrintSpooler: 	at android.app.-$Lambda$FilBqgnXJrN9Mgyks1XHeAxzSTk.$m$0(Unknown Source:4)
01-09 08:01:02.361  3067  3083 E RemotePrintSpooler: 	at android.app.-$Lambda$FilBqgnXJrN9Mgyks1XHeAxzSTk.run(Unknown Source:0)
01-09 08:01:02.361  3067  3083 E RemotePrintSpooler: 	at android.os.Handler.handleCallback(Handler.java:789)
01-09 08:01:02.361  3067  3083 E RemotePrintSpooler: 	at android.os.Handler.dispatchMessage(Handler.java:98)
01-09 08:01:02.361  3067  3083 E RemotePrintSpooler: 	at android.os.Looper.loop(Looper.java:164)
01-09 08:01:02.361  3067  3083 E RemotePrintSpooler: 	at android.os.HandlerThread.run(HandlerThread.java:65)
01-09 08:01:02.390 17550 17569 E ApplicationPackageManager: checkSettingsForIconTray value : 0
01-09 08:01:03.815  5371  5371 E DLP_SemDlpManager: DLPManager instance is null
01-09 08:01:06.184 15676 15676 E adbd    : recv: OPEN 00000f02 00000000 000e:73 68 65 6C 6C 3A 67 65 74 70 72 6F 70 00 
01-09 08:01:06.185 15676 15676 E adbd    : service_to_fd: shell:getprop
01-09 08:01:09.576  5371  5423 E myFiles : [0145/InternalFileObserver] OnEvent :  32768 is ignored ()
01-09 08:01:10.701  5371  5423 E myFiles : [0182/InternalFileObserver] OnEvent :  32768 is ignored ()
01-09 08:01:10.927  3067  3404 E LightsService: Light requested not available on this device. 2
01-09 08:01:12.040  5371  5423 E myFiles : [0213/InternalFileObserver] OnEvent :  32768 is ignored ()
01-09 08:01:13.658  5371  5423 E myFiles : [0241/InternalFileObserver] OnEvent :  32768 is ignored ()
01-09 08:01:16.041  3067  3563 E Watchdog: !@Sync 1888 [2026-01-09 08:01:16.040]
01-09 08:01:16.526 12488 12530 E ContactsProvider_EventLog: Flush buffer to file cnt : 1 size : 1Kb duration : 1ms lastUpdatedAfter : 29283 ms mFlush_time_threasold : 2000 mCurrentSize : 806
01-09 08:01:18.766  5371  5423 E myFiles : [0274/InternalFileObserver] OnEvent :  32768 is ignored ()
01-09 08:01:18.955  5371  5426 E ApplicationPackageManager: checkSettingsForIconTray value : 0
01-09 08:01:19.021  5371  5426 E ApplicationPackageManager: checkSettingsForIconTray value : 0
01-09 08:01:19.044  5371  5427 E ApplicationPackageManager: checkSettingsForIconTray value : 0
01-09 08:01:19.125  5371  5427 E ApplicationPackageManager: checkSettingsForIconTray value : 0
01-09 08:01:19.149  5371  5426 E ApplicationPackageManager: checkSettingsForIconTray value : 0
01-09 08:01:19.160  5371  5426 E ApplicationPackageManager: checkSettingsForIconTray value : 0
01-09 08:01:19.233  5371  5426 E ApplicationPackageManager: checkSettingsForIconTray value : 0
01-09 08:01:19.272  5371  5426 E ApplicationPackageManager: checkSettingsForIconTray value : 0
01-09 08:01:19.275  5371  5427 E ApplicationPackageManager: checkSettingsForIconTray value : 0
01-09 08:01:19.300  5371  5427 E ApplicationPackageManager: checkSettingsForIconTray value : 0
01-09 08:01:19.391  5371  5427 E ApplicationPackageManager: checkSettingsForIconTray value : 0
01-09 08:01:19.402  5371  5427 E ApplicationPackageManager: checkSettingsForIconTray value : 0
01-09 08:01:20.041  5371  5427 E ApplicationPackageManager: checkSettingsForIconTray value : 0
01-09 08:01:20.093  5371  5427 E ApplicationPackageManager: checkSettingsForIconTray value : 0
01-09 08:01:20.109  5371  5426 E ApplicationPackageManager: checkSettingsForIconTray value : 0
01-09 08:01:20.147  5371  5426 E ApplicationPackageManager: checkSettingsForIconTray value : 0
01-09 08:01:20.173  5371  5427 E ApplicationPackageManager: checkSettingsForIconTray value : 0
01-09 08:01:20.214  5371  5427 E ApplicationPackageManager: checkSettingsForIconTray value : 0
01-09 08:01:34.121 12843 12843 E wpa_supplicant: Failed to handle GET FREQUENCY command
01-09 08:01:34.125  3067  3215 E SupplicantStaIfaceHal: ISupplicantStaIface.getExtendedInfomation failed: FAILURE_UNKNOWN, 
01-09 08:01:35.383  5371  5371 E ViewRootImpl: sendUserActionEvent() returned.
01-09 08:01:44.911  5371  5423 E myFiles : [0313/InternalFileObserver] OnEvent :  32768 is ignored ()
01-09 08:01:44.962  5371  5371 E ViewRootImpl: sendUserActionEvent() returned.
01-09 08:01:45.215  5371  5371 E ViewRootImpl: sendUserActionEvent() returned.
01-09 08:01:45.316  9270  9310 E ExecutionCriteria: Package unavailable for task: com.google.android.talk/com.google.android.apps.hangouts.concurrent.impl.GcmTriggeredNotifier{u=0 tag=":persisted" trigger=window{start=3599s,end=3600s,earliest=-957306s,latest=-957305s} requirements=[NET_ANY] attributes=[PERSISTED] scheduled=-960905s last_run=N/A exec_window_multiplier=1.0000 jid=N/A status=PENDING retries=0 client_lib=MANCHEGO_GCM-0} [CONTEXT service_id=218 ]
01-09 08:01:45.320  9270  9310 E ExecutionCriteria: Package unavailable for task: com.google.android.apps.maps/com.google.android.apps.gmm.context.appindexing.AppIndexingTtlTaskService{u=0 tag="AppIndexingTtlTaskService" trigger=window{period=86400s,flex=8640s,earliest=-883154s,latest=-874514s} requirements=[NET_CONNECTED,CHARGING,PREFERRED_NET_CONNECTED,PREFERRED_CHARGING] attributes=[PERSISTED,RECURRING] scheduled=-960914s last_run=N/A exec_window_multiplier=1.0000 jid=N/A status=PENDING retries=0 client_lib=MANCHEGO_GCM-12525000} [CONTEXT service_id=218 ]
01-09 08:01:45.331  9270  9310 E ExecutionCriteria: Package unavailable for task: com.google.android.apps.maps/com.google.android.apps.gmm.offline.update.OfflineAutoUpdateMaintenanceGcmService{u=0 tag="default-tag" trigger=window{period=86400s,flex=1800s,earliest=-878834s,latest=-874514s} requirements=[NET_ANY,CHARGING,PREFERRED_CHARGING] attributes=[PERSISTED,RECURRING] scheduled=-960914s last_run=N/A exec_window_multiplier=1.0000 jid=N/A status=PENDING retries=0 client_lib=MANCHEGO_GCM-12525000} [CONTEXT service_id=218 ]
01-09 08:01:45.338  9270  9310 E ExecutionCriteria: Package unavailable for task: com.google.android.videos/com.google.android.apps.play.movies.common.FlushLogsTaskService{u=0 tag="flush_logs" trigger=window{period=86400s,flex=57600s,earliest=-932105s,latest=-874505s} requirements=[NET_UNMETERED,CHARGING,PREFERRED_NET_UNMETERED,PREFERRED_CHARGING] attributes=[PERSISTED,RECURRING] scheduled=-960905s last_run=N/A exec_window_multiplier=1.0000 jid=N/A status=PENDING retries=0 client_lib=MANCHEGO_GCM-10400000} [CONTEXT service_id=218 ]
01-09 08:01:45.343  9270  9310 E ExecutionCriteria: Package unavailable for task: com.google.android.talk/com.google.android.apps.hangouts.concurrent.impl.GcmTriggeredNotifier{u=0 tag="network_connectivity_wakeup:persisted" trigger=window{start=243773s,end=243774s,earliest=-717132s,latest=-717131s} requirements=[NET_CONNECTED,PREFERRED_NET_CONNECTED] attributes=[PERSISTED] scheduled=-960905s last_run=N/A exec_window_multiplier=1.0000 jid=N/A status=PENDING retries=0 client_lib=MANCHEGO_GCM-0} [CONTEXT service_id=218 ]
01-09 08:01:45.345  9270  9310 E ExecutionCriteria: Package unavailable for task: com.google.android.videos/com.google.android.apps.play.movies.common.service.drm.RefreshLicenseTaskService{u=0 tag="refresh_license" trigger=window{period=172800s,flex=172800s,earliest=-788104s,latest=-615304s} requirements=[NET_CONNECTED,PREFERRED_NET_CONNECTED] attributes=[PERSISTED,RECURRING] scheduled=-788104s last_run=N/A exec_window_multiplier=1.0000 jid=N/A status=PENDING retries=0 client_lib=MANCHEGO_GCM-10400000} [CONTEXT service_id=218 ]
01-09 08:01:45.355  9270  9310 E ExecutionCriteria: Package unavailable for task: com.google.android.apps.maps/com.google.android.apps.gmm.location.heatmap.HeatmapExpirationService{u=0 tag="HeatmapExpirationService" trigger=window{period=604800s,flex=60480s,earliest=-416594s,latest=-356114s} requirements=[NET_CONNECTED,CHARGING,PREFERRED_NET_CONNECTED,PREFERRED_CHARGING] attributes=[PERSISTED,RECURRING] scheduled=-960914s last_run=N/A exec_window_multiplier=1.0000 jid=N/A status=PENDING retries=0 client_lib=MANCHEGO_GCM-12525000} [CONTEXT service_id=218 ]
01-09 08:01:45.406  9270  9310 E ExecutionCriteria: Package unavailable for task: com.google.android.talk/com.google.android.apps.hangouts.concurrent.impl.GcmTriggeredNotifier{u=0 tag=":persisted" trigger=window{start=3599s,end=3600s,earliest=-957307s,latest=-957306s} requirements=[NET_ANY] attributes=[PERSISTED] scheduled=-960906s last_run=N/A exec_window_multiplier=1.0000 jid=N/A status=PENDING retries=0 client_lib=MANCHEGO_GCM-0} [CONTEXT service_id=218 ]
01-09 08:01:45.419  9270  9310 E ExecutionCriteria: Package unavailable for task: com.google.android.apps.maps/com.google.android.apps.gmm.context.appindexing.AppIndexingTtlTaskService{u=0 tag="AppIndexingTtlTaskService" trigger=window{period=86400s,flex=8640s,earliest=-883154s,latest=-874514s} requirements=[NET_CONNECTED,CHARGING,PREFERRED_NET_CONNECTED,PREFERRED_CHARGING] attributes=[PERSISTED,RECURRING] scheduled=-960914s last_run=N/A exec_window_multiplier=1.0000 jid=N/A status=PENDING retries=0 client_lib=MANCHEGO_GCM-12525000} [CONTEXT service_id=218 ]
01-09 08:01:45.425  9270  9310 E ExecutionCriteria: Package unavailable for task: com.google.android.apps.maps/com.google.android.apps.gmm.offline.update.OfflineAutoUpdateMaintenanceGcmService{u=0 tag="default-tag" trigger=window{period=86400s,flex=1800s,earliest=-878834s,latest=-874514s} requirements=[NET_ANY,CHARGING,PREFERRED_CHARGING] attributes=[PERSISTED,RECURRING] scheduled=-960914s last_run=N/A exec_window_multiplier=1.0000 jid=N/A status=PENDING retries=0 client_lib=MANCHEGO_GCM-12525000} [CONTEXT service_id=218 ]
01-09 08:01:45.428  9270  9310 E ExecutionCriteria: Package unavailable for task: com.google.android.videos/com.google.android.apps.play.movies.common.FlushLogsTaskService{u=0 tag="flush_logs" trigger=window{period=86400s,flex=57600s,earliest=-932105s,latest=-874505s} requirements=[NET_UNMETERED,CHARGING,PREFERRED_NET_UNMETERED,PREFERRED_CHARGING] attributes=[PERSISTED,RECURRING] scheduled=-960905s last_run=N/A exec_window_multiplier=1.0000 jid=N/A status=PENDING retries=0 client_lib=MANCHEGO_GCM-10400000} [CONTEXT service_id=218 ]
01-09 08:01:45.433  9270  9310 E ExecutionCriteria: Package unavailable for task: com.google.android.talk/com.google.android.apps.hangouts.concurrent.impl.GcmTriggeredNotifier{u=0 tag="network_connectivity_wakeup:persisted" trigger=window{start=243773s,end=243774s,earliest=-717133s,latest=-717132s} requirements=[NET_CONNECTED,PREFERRED_NET_CONNECTED] attributes=[PERSISTED] scheduled=-960906s last_run=N/A exec_window_multiplier=1.0000 jid=N/A status=PENDING retries=0 client_lib=MANCHEGO_GCM-0} [CONTEXT service_id=218 ]
01-09 08:01:45.436  9270  9310 E ExecutionCriteria: Package unavailable for task: com.google.android.videos/com.google.android.apps.play.movies.common.service.drm.RefreshLicenseTaskService{u=0 tag="refresh_license" trigger=window{period=172800s,flex=172800s,earliest=-788104s,latest=-615304s} requirements=[NET_CONNECTED,PREFERRED_NET_CONNECTED] attributes=[PERSISTED,RECURRING] scheduled=-788104s last_run=N/A exec_window_multiplier=1.0000 jid=N/A status=PENDING retries=0 client_lib=MANCHEGO_GCM-10400000} [CONTEXT service_id=218 ]
01-09 08:01:45.439  9270  9310 E ExecutionCriteria: Package unavailable for task: com.google.android.apps.maps/com.google.android.apps.gmm.location.heatmap.HeatmapExpirationService{u=0 tag="HeatmapExpirationService" trigger=window{period=604800s,flex=60480s,earliest=-416594s,latest=-356114s} requirements=[NET_CONNECTED,CHARGING,PREFERRED_NET_CONNECTED,PREFERRED_CHARGING] attributes=[PERSISTED,RECURRING] scheduled=-960914s last_run=N/A exec_window_multiplier=1.0000 jid=N/A status=PENDING retries=0 client_lib=MANCHEGO_GCM-12525000} [CONTEXT service_id=218 ]
01-09 08:01:45.490  9270  9310 E ExecutionCriteria: Package unavailable for task: com.google.android.talk/com.google.android.apps.hangouts.concurrent.impl.GcmTriggeredNotifier{u=0 tag=":persisted" trigger=window{start=3599s,end=3600s,earliest=-957307s,latest=-957306s} requirements=[NET_ANY] attributes=[PERSISTED] scheduled=-960906s last_run=N/A exec_window_multiplier=1.0000 jid=N/A status=PENDING retries=0 client_lib=MANCHEGO_GCM-0} [CONTEXT service_id=218 ]
01-09 08:01:45.492  9270  9310 E ExecutionCriteria: Package unavailable for task: com.google.android.videos/com.google.android.apps.play.movies.common.FlushLogsTaskService{u=0 tag="flush_logs" trigger=window{period=86400s,flex=57600s,earliest=-932106s,latest=-874506s} requirements=[NET_UNMETERED,CHARGING,PREFERRED_NET_UNMETERED,PREFERRED_CHARGING] attributes=[PERSISTED,RECURRING] scheduled=-960906s last_run=N/A exec_window_multiplier=1.0000 jid=N/A status=PENDING retries=0 client_lib=MANCHEGO_GCM-10400000} [CONTEXT service_id=218 ]
01-09 08:01:45.494  9270  9310 E ExecutionCriteria: Package unavailable for task: com.google.android.apps.maps/com.google.android.apps.gmm.context.appindexing.AppIndexingTtlTaskService{u=0 tag="AppIndexingTtlTaskService" trigger=window{period=86400s,flex=8640s,earliest=-883154s,latest=-874514s} requirements=[NET_CONNECTED,CHARGING,PREFERRED_NET_CONNECTED,PREFERRED_CHARGING] attributes=[PERSISTED,RECURRING] scheduled=-960914s last_run=N/A exec_window_multiplier=1.0000 jid=N/A status=PENDING retries=0 client_lib=MANCHEGO_GCM-12525000} [CONTEXT service_id=218 ]
01-09 08:01:45.496  9270  9310 E ExecutionCriteria: Package unavailable for task: com.google.android.apps.maps/com.google.android.apps.gmm.offline.update.OfflineAutoUpdateMaintenanceGcmService{u=0 tag="default-tag" trigger=window{period=86400s,flex=1800s,earliest=-878834s,latest=-874514s} requirements=[NET_ANY,CHARGING,PREFERRED_CHARGING] attributes=[PERSISTED,RECURRING] scheduled=-960914s last_run=N/A exec_window_multiplier=1.0000 jid=N/A status=PENDING retries=0 client_lib=MANCHEGO_GCM-12525000} [CONTEXT service_id=218 ]
01-09 08:01:45.498  9270  9310 E ExecutionCriteria: Package unavailable for task: com.google.android.videos/com.google.android.apps.play.movies.common.service.drm.RefreshLicenseTaskService{u=0 tag="refresh_license" trigger=window{period=172800s,flex=172800s,earliest=-788104s,latest=-615304s} requirements=[NET_CONNECTED,PREFERRED_NET_CONNECTED] attributes=[PERSISTED,RECURRING] scheduled=-788104s last_run=N/A exec_window_multiplier=1.0000 jid=N/A status=PENDING retries=0 client_lib=MANCHEGO_GCM-10400000} [CONTEXT service_id=218 ]
01-09 08:01:45.499  9270  9310 E ExecutionCriteria: Package unavailable for task: com.google.android.talk/com.google.android.apps.hangouts.concurrent.impl.GcmTriggeredNotifier{u=0 tag="network_connectivity_wakeup:persisted" trigger=window{start=243773s,end=243774s,earliest=-717133s,latest=-717132s} requirements=[NET_CONNECTED,PREFERRED_NET_CONNECTED] attributes=[PERSISTED] scheduled=-960906s last_run=N/A exec_window_multiplier=1.0000 jid=N/A status=PENDING retries=0 client_lib=MANCHEGO_GCM-0} [CONTEXT service_id=218 ]
01-09 08:01:45.501  9270  9310 E ExecutionCriteria: Package unavailable for task: com.google.android.apps.maps/com.google.android.apps.gmm.location.heatmap.HeatmapExpirationService{u=0 tag="HeatmapExpirationService" trigger=window{period=604800s,flex=60480s,earliest=-416594s,latest=-356114s} requirements=[NET_CONNECTED,CHARGING,PREFERRED_NET_CONNECTED,PREFERRED_CHARGING] attributes=[PERSISTED,RECURRING] scheduled=-960914s last_run=N/A exec_window_multiplier=1.0000 jid=N/A status=PENDING retries=0 client_lib=MANCHEGO_GCM-12525000} [CONTEXT service_id=218 ]
01-09 08:01:46.045  3067  3563 E Watchdog: !@Sync 1889 [2026-01-09 08:01:46.045]
01-09 08:01:46.134  9270  9310 E ExecutionCriteria: Package unavailable for task: com.google.android.talk/com.google.android.apps.hangouts.concurrent.impl.GcmTriggeredNotifier{u=0 tag=":persisted" trigger=window{start=3599s,end=3600s,earliest=-957307s,latest=-957306s} requirements=[NET_ANY] attributes=[PERSISTED] scheduled=-960906s last_run=N/A exec_window_multiplier=1.0000 jid=N/A status=PENDING retries=0 client_lib=MANCHEGO_GCM-0} [CONTEXT service_id=218 ]
01-09 08:01:46.136 22303 22303 E MTPJNIInterface: In MTPJNIINterface onReceive:com.android.MTP.OBJECT_REMOVED
01-09 08:01:46.136 22303 22303 E MTPJNIInterface: ***** file path of  sendObjectRemoved 
01-09 08:01:46.138  9270  9310 E ExecutionCriteria: Package unavailable for task: com.google.android.videos/com.google.android.apps.play.movies.common.FlushLogsTaskService{u=0 tag="flush_logs" trigger=window{period=86400s,flex=57600s,earliest=-932106s,latest=-874506s} requirements=[NET_UNMETERED,CHARGING,PREFERRED_NET_UNMETERED,PREFERRED_CHARGING] attributes=[PERSISTED,RECURRING] scheduled=-960906s last_run=N/A exec_window_multiplier=1.0000 jid=N/A status=PENDING retries=0 client_lib=MANCHEGO_GCM-10400000} [CONTEXT service_id=218 ]
01-09 08:01:46.141  9270  9310 E ExecutionCriteria: Package unavailable for task: com.google.android.apps.maps/com.google.android.apps.gmm.context.appindexing.AppIndexingTtlTaskService{u=0 tag="AppIndexingTtlTaskService" trigger=window{period=86400s,flex=8640s,earliest=-883155s,latest=-874515s} requirements=[NET_CONNECTED,CHARGING,PREFERRED_NET_CONNECTED,PREFERRED_CHARGING] attributes=[PERSISTED,RECURRING] scheduled=-960915s last_run=N/A exec_window_multiplier=1.0000 jid=N/A status=PENDING retries=0 client_lib=MANCHEGO_GCM-12525000} [CONTEXT service_id=218 ]
01-09 08:01:46.143  9270  9310 E ExecutionCriteria: Package unavailable for task: com.google.android.apps.maps/com.google.android.apps.gmm.offline.update.OfflineAutoUpdateMaintenanceGcmService{u=0 tag="default-tag" trigger=window{period=86400s,flex=1800s,earliest=-878835s,latest=-874515s} requirements=[NET_ANY,CHARGING,PREFERRED_CHARGING] attributes=[PERSISTED,RECURRING] scheduled=-960915s last_run=N/A exec_window_multiplier=1.0000 jid=N/A status=PENDING retries=0 client_lib=MANCHEGO_GCM-12525000} [CONTEXT service_id=218 ]
01-09 08:01:46.144 22303 22303 E MTPJNIInterface: In MTPJNIINterface onReceive:com.android.MTP.OBJECT_REMOVED
01-09 08:01:46.144 22303 22303 E MTPJNIInterface: ***** file path of  sendObjectRemoved 
01-09 08:01:46.145  9270  9310 E ExecutionCriteria: Package unavailable for task: com.google.android.videos/com.google.android.apps.play.movies.common.service.drm.RefreshLicenseTaskService{u=0 tag="refresh_license" trigger=window{period=172800s,flex=172800s,earliest=-788105s,latest=-615305s} requirements=[NET_CONNECTED,PREFERRED_NET_CONNECTED] attributes=[PERSISTED,RECURRING] scheduled=-788105s last_run=N/A exec_window_multiplier=1.0000 jid=N/A status=PENDING retries=0 client_lib=MANCHEGO_GCM-10400000} [CONTEXT service_id=218 ]
01-09 08:01:46.147  9270  9310 E ExecutionCriteria: Package unavailable for task: com.google.android.talk/com.google.android.apps.hangouts.concurrent.impl.GcmTriggeredNotifier{u=0 tag="network_connectivity_wakeup:persisted" trigger=window{start=243773s,end=243774s,earliest=-717133s,latest=-717132s} requirements=[NET_CONNECTED,PREFERRED_NET_CONNECTED] attributes=[PERSISTED] scheduled=-960906s last_run=N/A exec_window_multiplier=1.0000 jid=N/A status=PENDING retries=0 client_lib=MANCHEGO_GCM-0} [CONTEXT service_id=218 ]
01-09 08:01:46.149  9270  9310 E ExecutionCriteria: Package unavailable for task: com.google.android.apps.maps/com.google.android.apps.gmm.location.heatmap.HeatmapExpirationService{u=0 tag="HeatmapExpirationService" trigger=window{period=604800s,flex=60480s,earliest=-416595s,latest=-356115s} requirements=[NET_CONNECTED,CHARGING,PREFERRED_NET_CONNECTED,PREFERRED_CHARGING] attributes=[PERSISTED,RECURRING] scheduled=-960915s last_run=N/A exec_window_multiplier=1.0000 jid=N/A status=PENDING retries=0 client_lib=MANCHEGO_GCM-12525000} [CONTEXT service_id=218 ]
01-09 08:01:46.557 22303 22303 E MTPJNIInterface: In MTPJNIINterface onReceive:android.intent.action.MEDIA_SCANNER_FINISHED
01-09 08:01:46.557 22303 22303 E MTPJNIInterface: noti = 26
01-09 08:01:46.558 22303 22303 E MTPJNIInterface: storageinfo changed event sent to stack
01-09 08:01:46.576 14813 14813 E Controller: [#CMH#] FINISHED  EVENT_MEDIA_SCAN_FINISHED
01-09 08:02:00.010 17550 17550 E ApplicationPackageManager: checkSettingsForIconTray value : 0
01-09 08:02:05.261  9270  9310 E ExecutionCriteria: Package unavailable for task: com.google.android.talk/com.google.android.apps.hangouts.concurrent.impl.GcmTriggeredNotifier{u=0 tag=":persisted" trigger=window{start=3599s,end=3600s,earliest=-957326s,latest=-957325s} requirements=[NET_ANY] attributes=[PERSISTED] scheduled=-960925s last_run=N/A exec_window_multiplier=1.0000 jid=N/A status=PENDING retries=0 client_lib=MANCHEGO_GCM-0} [CONTEXT service_id=218 ]
01-09 08:02:05.262  9270  9310 E ExecutionCriteria: Package unavailable for task: com.google.android.apps.maps/com.google.android.apps.gmm.context.appindexing.AppIndexingTtlTaskService{u=0 tag="AppIndexingTtlTaskService" trigger=window{period=86400s,flex=8640s,earliest=-883174s,latest=-874534s} requirements=[NET_CONNECTED,CHARGING,PREFERRED_NET_CONNECTED,PREFERRED_CHARGING] attributes=[PERSISTED,RECURRING] scheduled=-960934s last_run=N/A exec_window_multiplier=1.0000 jid=N/A status=PENDING retries=0 client_lib=MANCHEGO_GCM-12525000} [CONTEXT service_id=218 ]
01-09 08:02:05.264  9270  9310 E ExecutionCriteria: Package unavailable for task: com.google.android.apps.maps/com.google.android.apps.gmm.offline.update.OfflineAutoUpdateMaintenanceGcmService{u=0 tag="default-tag" trigger=window{period=86400s,flex=1800s,earliest=-878854s,latest=-874534s} requirements=[NET_ANY,CHARGING,PREFERRED_CHARGING] attributes=[PERSISTED,RECURRING] scheduled=-960934s last_run=N/A exec_window_multiplier=1.0000 jid=N/A status=PENDING retries=0 client_lib=MANCHEGO_GCM-12525000} [CONTEXT service_id=218 ]
01-09 08:02:05.265  9270  9310 E ExecutionCriteria: Package unavailable for task: com.google.android.videos/com.google.android.apps.play.movies.common.FlushLogsTaskService{u=0 tag="flush_logs" trigger=window{period=86400s,flex=57600s,earliest=-932125s,latest=-874525s} requirements=[NET_UNMETERED,CHARGING,PREFERRED_NET_UNMETERED,PREFERRED_CHARGING] attributes=[PERSISTED,RECURRING] scheduled=-960925s last_run=N/A exec_window_multiplier=1.0000 jid=N/A status=PENDING retries=0 client_lib=MANCHEGO_GCM-10400000} [CONTEXT service_id=218 ]
01-09 08:02:05.267  9270  9310 E ExecutionCriteria: Package unavailable for task: com.google.android.talk/com.google.android.apps.hangouts.concurrent.impl.GcmTriggeredNotifier{u=0 tag="network_connectivity_wakeup:persisted" trigger=window{start=243773s,end=243774s,earliest=-717152s,latest=-717151s} requirements=[NET_CONNECTED,PREFERRED_NET_CONNECTED] attributes=[PERSISTED] scheduled=-960925s last_run=N/A exec_window_multiplier=1.0000 jid=N/A status=PENDING retries=0 client_lib=MANCHEGO_GCM-0} [CONTEXT service_id=218 ]
01-09 08:02:05.268  9270  9310 E ExecutionCriteria: Package unavailable for task: com.google.android.videos/com.google.android.apps.play.movies.common.service.drm.RefreshLicenseTaskService{u=0 tag="refresh_license" trigger=window{period=172800s,flex=172800s,earliest=-788124s,latest=-615324s} requirements=[NET_CONNECTED,PREFERRED_NET_CONNECTED] attributes=[PERSISTED,RECURRING] scheduled=-788124s last_run=N/A exec_window_multiplier=1.0000 jid=N/A status=PENDING retries=0 client_lib=MANCHEGO_GCM-10400000} [CONTEXT service_id=218 ]
01-09 08:02:05.270  9270  9310 E ExecutionCriteria: Package unavailable for task: com.google.android.apps.maps/com.google.android.apps.gmm.location.heatmap.HeatmapExpirationService{u=0 tag="HeatmapExpirationService" trigger=window{period=604800s,flex=60480s,earliest=-416614s,latest=-356134s} requirements=[NET_CONNECTED,CHARGING,PREFERRED_NET_CONNECTED,PREFERRED_CHARGING] attributes=[PERSISTED,RECURRING] scheduled=-960934s last_run=N/A exec_window_multiplier=1.0000 jid=N/A status=PENDING retries=0 client_lib=MANCHEGO_GCM-12525000} [CONTEXT service_id=218 ]
01-09 08:02:05.300  9270  9310 E ExecutionCriteria: Package unavailable for task: com.google.android.talk/com.google.android.apps.hangouts.concurrent.impl.GcmTriggeredNotifier{u=0 tag=":persisted" trigger=window{start=3599s,end=3600s,earliest=-957326s,latest=-957325s} requirements=[NET_ANY] attributes=[PERSISTED] scheduled=-960925s last_run=N/A exec_window_multiplier=1.0000 jid=N/A status=PENDING retries=0 client_lib=MANCHEGO_GCM-0} [CONTEXT service_id=218 ]
01-09 08:02:05.303  9270  9310 E ExecutionCriteria: Package unavailable for task: com.google.android.apps.maps/com.google.android.apps.gmm.context.appindexing.AppIndexingTtlTaskService{u=0 tag="AppIndexingTtlTaskService" trigger=window{period=86400s,flex=8640s,earliest=-883174s,latest=-874534s} requirements=[NET_CONNECTED,CHARGING,PREFERRED_NET_CONNECTED,PREFERRED_CHARGING] attributes=[PERSISTED,RECURRING] scheduled=-960934s last_run=N/A exec_window_multiplier=1.0000 jid=N/A status=PENDING retries=0 client_lib=MANCHEGO_GCM-12525000} [CONTEXT service_id=218 ]
01-09 08:02:05.304  9270  9310 E ExecutionCriteria: Package unavailable for task: com.google.android.apps.maps/com.google.android.apps.gmm.offline.update.OfflineAutoUpdateMaintenanceGcmService{u=0 tag="default-tag" trigger=window{period=86400s,flex=1800s,earliest=-878854s,latest=-874534s} requirements=[NET_ANY,CHARGING,PREFERRED_CHARGING] attributes=[PERSISTED,RECURRING] scheduled=-960934s last_run=N/A exec_window_multiplier=1.0000 jid=N/A status=PENDING retries=0 client_lib=MANCHEGO_GCM-12525000} [CONTEXT service_id=218 ]
01-09 08:02:05.306  9270  9310 E ExecutionCriteria: Package unavailable for task: com.google.android.videos/com.google.android.apps.play.movies.common.FlushLogsTaskService{u=0 tag="flush_logs" trigger=window{period=86400s,flex=57600s,earliest=-932125s,latest=-874525s} requirements=[NET_UNMETERED,CHARGING,PREFERRED_NET_UNMETERED,PREFERRED_CHARGING] attributes=[PERSISTED,RECURRING] scheduled=-960925s last_run=N/A exec_window_multiplier=1.0000 jid=N/A status=PENDING retries=0 client_lib=MANCHEGO_GCM-10400000} [CONTEXT service_id=218 ]
01-09 08:02:05.307  9270  9310 E ExecutionCriteria: Package unavailable for task: com.google.android.talk/com.google.android.apps.hangouts.concurrent.impl.GcmTriggeredNotifier{u=0 tag="network_connectivity_wakeup:persisted" trigger=window{start=243773s,end=243774s,earliest=-717152s,latest=-717151s} requirements=[NET_CONNECTED,PREFERRED_NET_CONNECTED] attributes=[PERSISTED] scheduled=-960925s last_run=N/A exec_window_multiplier=1.0000 jid=N/A status=PENDING retries=0 client_lib=MANCHEGO_GCM-0} [CONTEXT service_id=218 ]
01-09 08:02:05.308  9270  9310 E ExecutionCriteria: Package unavailable for task: com.google.android.videos/com.google.android.apps.play.movies.common.service.drm.RefreshLicenseTaskService{u=0 tag="refresh_license" trigger=window{period=172800s,flex=172800s,earliest=-788124s,latest=-615324s} requirements=[NET_CONNECTED,PREFERRED_NET_CONNECTED] attributes=[PERSISTED,RECURRING] scheduled=-788124s last_run=N/A exec_window_multiplier=1.0000 jid=N/A status=PENDING retries=0 client_lib=MANCHEGO_GCM-10400000} [CONTEXT service_id=218 ]
01-09 08:02:05.310  9270  9310 E ExecutionCriteria: Package unavailable for task: com.google.android.apps.maps/com.google.android.apps.gmm.location.heatmap.HeatmapExpirationService{u=0 tag="HeatmapExpirationService" trigger=window{period=604800s,flex=60480s,earliest=-416614s,latest=-356134s} requirements=[NET_CONNECTED,CHARGING,PREFERRED_NET_CONNECTED,PREFERRED_CHARGING] attributes=[PERSISTED,RECURRING] scheduled=-960934s last_run=N/A exec_window_multiplier=1.0000 jid=N/A status=PENDING retries=0 client_lib=MANCHEGO_GCM-12525000} [CONTEXT service_id=218 ]
01-09 08:02:05.357  9270  9310 E ExecutionCriteria: Package unavailable for task: com.google.android.talk/com.google.android.apps.hangouts.concurrent.impl.GcmTriggeredNotifier{u=0 tag=":persisted" trigger=window{start=3599s,end=3600s,earliest=-957327s,latest=-957326s} requirements=[NET_ANY] attributes=[PERSISTED] scheduled=-960926s last_run=N/A exec_window_multiplier=1.0000 jid=N/A status=PENDING retries=0 client_lib=MANCHEGO_GCM-0} [CONTEXT service_id=218 ]
01-09 08:02:05.359  9270  9310 E ExecutionCriteria: Package unavailable for task: com.google.android.videos/com.google.android.apps.play.movies.common.FlushLogsTaskService{u=0 tag="flush_logs" trigger=window{period=86400s,flex=57600s,earliest=-932125s,latest=-874525s} requirements=[NET_UNMETERED,CHARGING,PREFERRED_NET_UNMETERED,PREFERRED_CHARGING] attributes=[PERSISTED,RECURRING] scheduled=-960925s last_run=N/A exec_window_multiplier=1.0000 jid=N/A status=PENDING retries=0 client_lib=MANCHEGO_GCM-10400000} [CONTEXT service_id=218 ]
01-09 08:02:05.361  9270  9310 E ExecutionCriteria: Package unavailable for task: com.google.android.apps.maps/com.google.android.apps.gmm.context.appindexing.AppIndexingTtlTaskService{u=0 tag="AppIndexingTtlTaskService" trigger=window{period=86400s,flex=8640s,earliest=-883174s,latest=-874534s} requirements=[NET_CONNECTED,CHARGING,PREFERRED_NET_CONNECTED,PREFERRED_CHARGING] attributes=[PERSISTED,RECURRING] scheduled=-960934s last_run=N/A exec_window_multiplier=1.0000 jid=N/A status=PENDING retries=0 client_lib=MANCHEGO_GCM-12525000} [CONTEXT service_id=218 ]
01-09 08:02:05.362  9270  9310 E ExecutionCriteria: Package unavailable for task: com.google.android.apps.maps/com.google.android.apps.gmm.offline.update.OfflineAutoUpdateMaintenanceGcmService{u=0 tag="default-tag" trigger=window{period=86400s,flex=1800s,earliest=-878854s,latest=-874534s} requirements=[NET_ANY,CHARGING,PREFERRED_CHARGING] attributes=[PERSISTED,RECURRING] scheduled=-960934s last_run=N/A exec_window_multiplier=1.0000 jid=N/A status=PENDING retries=0 client_lib=MANCHEGO_GCM-12525000} [CONTEXT service_id=218 ]
01-09 08:02:05.364  9270  9310 E ExecutionCriteria: Package unavailable for task: com.google.android.videos/com.google.android.apps.play.movies.common.service.drm.RefreshLicenseTaskService{u=0 tag="refresh_license" trigger=window{period=172800s,flex=172800s,earliest=-788124s,latest=-615324s} requirements=[NET_CONNECTED,PREFERRED_NET_CONNECTED] attributes=[PERSISTED,RECURRING] scheduled=-788124s last_run=N/A exec_window_multiplier=1.0000 jid=N/A status=PENDING retries=0 client_lib=MANCHEGO_GCM-10400000} [CONTEXT service_id=218 ]
01-09 08:02:05.365  9270  9310 E ExecutionCriteria: Package unavailable for task: com.google.android.talk/com.google.android.apps.hangouts.concurrent.impl.GcmTriggeredNotifier{u=0 tag="network_connectivity_wakeup:persisted" trigger=window{start=243773s,end=243774s,earliest=-717153s,latest=-717152s} requirements=[NET_CONNECTED,PREFERRED_NET_CONNECTED] attributes=[PERSISTED] scheduled=-960926s last_run=N/A exec_window_multiplier=1.0000 jid=N/A status=PENDING retries=0 client_lib=MANCHEGO_GCM-0} [CONTEXT service_id=218 ]
01-09 08:02:05.367  9270  9310 E ExecutionCriteria: Package unavailable for task: com.google.android.apps.maps/com.google.android.apps.gmm.location.heatmap.HeatmapExpirationService{u=0 tag="HeatmapExpirationService" trigger=window{period=604800s,flex=60480s,earliest=-416614s,latest=-356134s} requirements=[NET_CONNECTED,CHARGING,PREFERRED_NET_CONNECTED,PREFERRED_CHARGING] attributes=[PERSISTED,RECURRING] scheduled=-960934s last_run=N/A exec_window_multiplier=1.0000 jid=N/A status=PENDING retries=0 client_lib=MANCHEGO_GCM-12525000} [CONTEXT service_id=218 ]
01-09 08:02:06.255 15676 15676 E adbd    : recv: OPEN 00000f21 00000000 000e:73 68 65 6C 6C 3A 67 65 74 70 72 6F 70 00 
01-09 08:02:06.255 15676 15676 E adbd    : service_to_fd: shell:getprop
01-09 08:02:16.050  3067  3563 E Watchdog: !@Sync 1890 [2026-01-09 08:02:16.050]
01-09 08:02:16.636 12488 12530 E ContactsProvider_EventLog: Flush buffer to file cnt : 1 size : 1Kb duration : 2ms lastUpdatedAfter : 60109 ms mFlush_time_threasold : 2000 mCurrentSize : 806
01-09 08:02:46.053  3067  3563 E Watchdog: !@Sync 1891 [2026-01-09 08:02:46.053]
01-09 08:03:00.016 17550 17550 E ApplicationPackageManager: checkSettingsForIconTray value : 0
01-09 08:03:06.327 15676 15676 E adbd    : recv: OPEN 00000f40 00000000 000e:73 68 65 6C 6C 3A 67 65 74 70 72 6F 70 00 
01-09 08:03:06.327 15676 15676 E adbd    : service_to_fd: shell:getprop
01-09 08:03:06.982 15676 15676 E adbd    : recv: OPEN 00000f43 00000000 002b:65 78 65 63 3A 63 6D 64 20 70 61 63 6B 61 67 65 20 27 69 6E 73 74 61 6C 6C 27 20 27 2D 72 27 20 2D 53 20 38 34 34 39 39 32 33 00 
01-09 08:03:06.982 15676 15676 E adbd    : service_to_fd: exec:cmd package 'install' '-r' -S 8449923
01-09 08:03:10.924  2702 14318 E         : Secure Storage PM failed!
01-09 08:03:10.941  2702 14318 E         : Couldn't opendir /data/app/vmdl254363545.tmp: No such file or directory
01-09 08:03:10.941  2702 14318 E installd: Failed to delete /data/app/vmdl254363545.tmp: No such file or directory
01-09 08:03:11.032  3067  3067 E SDAgentPackageStateReceiver: Not going to handle 'com.safecleaner.pro'!
01-09 08:03:11.109  5520  5520 E Zygote  : isWhitelistProcess - Process is Whitelisted
01-09 08:03:11.120  5520  5520 E libpersona: scanKnoxPersonas
01-09 08:03:11.120  5520  5520 E libpersona: Couldn't open the File - /data/system/users/0/personalist.xml - No such file or directory
01-09 08:03:11.319  4777  4822 E Finsky  : [3930] [Counters] attempted to use a non-positive increment for: 4752
01-09 08:03:11.369  4777  4822 E Finsky  : [3930] [Counters] attempted to use a non-positive increment for: 4753
01-09 08:03:11.428  4777  4819 E ApplicationPackageManager: checkSettingsForIconTray value : 0
01-09 08:03:11.602  3067  3090 E EdmStorageProvider: Admin not in database, something went wrong
01-09 08:03:11.603  3067  3090 E EdmStorageProvider: Admin not in database, something went wrong
01-09 08:03:11.607  3067  3090 E EdmStorageProvider: Admin not in database, something went wrong
01-09 08:03:11.625  3067  3090 E EdmStorageProvider: Admin not in database, something went wrong
01-09 08:03:11.640  3067  3090 E EdmStorageProvider: Admin not in database, something went wrong
