--------- beginning of main
01-09 07:37:29.094 15676 15676 E adbd    : recv: OPEN 00000c07 00000000 0037:73 68 65 6C 6C 2C 76 32 3A 65 78 70 6F 72 74 20 41 4E 44 52 4F 49 44 5F 4C 4F 47 5F 54 41 47 53 3D 27 27 3B 20 65 78 65 63 20 6C 6F 67 63 61 74 20 27 2A 3A 45 27 00 
01-09 07:37:29.095 15676 15676 E adbd    : service_to_fd: shell,v2:export ANDROID_LOG_TAGS=''; exec logcat '*:E'
01-09 07:38:00.009 17550 17550 E ApplicationPackageManager: checkSettingsForIconTray value : 0
01-09 07:38:03.725 15676 15676 E adbd    : recv: OPEN 00000c1a 00000000 000e:73 68 65 6C 6C 3A 67 65 74 70 72 6F 70 00 
01-09 07:38:03.725 15676 15676 E adbd    : service_to_fd: shell:getprop
01-09 07:38:08.656 15676 15676 E adbd    : recv: OPEN 00000c1f 00000000 003e:73 68 65 6C 6C 2C 76 32 2C 54 45 52 4D 3D 78 74 65 72 6D 2D 32 35 36 63 6F 6C 6F 72 2C 72 61 77 3A 70 6D 20 63 6C 65 61 72 20 63 6F 6D 2E 73 61 66 65 63 6C 65 61 6E 65 72 2E 70 72 6F 00 
01-09 07:38:08.656 15676 15676 E adbd    : service_to_fd: shell,v2,TERM=xterm-256color,raw:pm clear com.safecleaner.pro
01-09 07:38:09.760  2462  2462 E appproc : Enhanced Zygote ASLR: ro.knox.enhance.zygote.aslr != 1. Enhanced Zygote ASLR is DISABLED!
01-09 07:38:10.219  2462  2462 E SemAffinityControl: SemAffinityControl: registerfunction enter
01-09 07:38:13.962 12488 12530 E ContactsProvider_EventLog: Flush buffer to file cnt : 1 size : 1Kb duration : 1ms lastUpdatedAfter : 60110 ms mFlush_time_threasold : 2000 mCurrentSize : 806
01-09 07:38:22.848  2481  2481 E Zygote  : isWhitelistProcess - Process is Whitelisted
01-09 07:38:33.462 15676 15676 E adbd    : recv: OPEN 00000c2e 00000000 004b:73 68 65 6C 6C 2C 76 32 2C 54 45 52 4D 3D 78 74 65 72 6D 2D 32 35 36 63 6F 6C 6F 72 3A 63 6D 64 20 70 61 63 6B 61 67 65 20 27 75 6E 69 6E 73 74 61 6C 6C 27 20 27 63 6F 6D 2E 73 61 66 65 63 6C 65 61 6E 65 72 2E 70 72 6F 27 00 
01-09 07:38:33.463 15676 15676 E adbd    : service_to_fd: shell,v2,TERM=xterm-256color:cmd package 'uninstall' 'com.safecleaner.pro'
01-09 07:39:00.010 17550 17550 E ApplicationPackageManager: checkSettingsForIconTray value : 0
01-09 07:39:03.781 15676 15676 E adbd    : recv: OPEN 00000c3f 00000000 000e:73 68 65 6C 6C 3A 67 65 74 70 72 6F 70 00 
01-09 07:39:03.781 15676 15676 E adbd    : service_to_fd: shell:getprop
01-09 07:39:14.072 12488 12530 E ContactsProvider_EventLog: Flush buffer to file cnt : 1 size : 1Kb duration : 1ms lastUpdatedAfter : 60110 ms mFlush_time_threasold : 2000 mCurrentSize : 806
01-09 07:39:58.099 15676 15676 E adbd    : recv: OPEN 00000c60 00000000 0015:73 68 65 6C 6C 2C 76 32 2C 72 61 77 3A 67 65 74 70 72 6F 70 00 
01-09 07:39:58.099 15676 15676 E adbd    : service_to_fd: shell,v2,raw:getprop
01-09 07:39:58.734 15676 15676 E adbd    : recv: OPEN 00000c63 00000000 001a:73 68 65 6C 6C 3A 6C 6F 67 63 61 74 20 2D 76 20 74 69 6D 65 20 2D 74 20 31 00 
01-09 07:39:58.735 15676 15676 E adbd    : service_to_fd: shell:logcat -v time -t 1
01-09 07:39:58.816 15676 15676 E adbd    : recv: OPEN 00000c66 00000000 002d:73 68 65 6C 6C 3A 6C 6F 67 63 61 74 20 2D 76 20 74 69 6D 65 20 2D 54 20 27 30 31 2D 30 39 20 30 37 3A 33 39 3A 35 38 2E 37 33 35 27 00 
01-09 07:39:58.816 15676 15676 E adbd    : service_to_fd: shell:logcat -v time -T '01-09 07:39:58.735'
01-09 07:40:00.010 17550 17550 E ApplicationPackageManager: checkSettingsForIconTray value : 0
01-09 07:40:03.853 15676 15676 E adbd    : recv: OPEN 00000c6a 00000000 000e:73 68 65 6C 6C 3A 67 65 74 70 72 6F 70 00 
01-09 07:40:03.853 15676 15676 E adbd    : service_to_fd: shell:getprop
01-09 07:40:05.837  3067  3404 E LightsService: Light requested not available on this device. 2
01-09 07:40:14.182 12488 12530 E ContactsProvider_EventLog: Flush buffer to file cnt : 1 size : 1Kb duration : 1ms lastUpdatedAfter : 60110 ms mFlush_time_threasold : 2000 mCurrentSize : 806
01-09 07:40:19.436  3067  3404 E LightsService: Light requested not available on this device. 2
01-09 07:41:00.010 17550 17550 E ApplicationPackageManager: checkSettingsForIconTray value : 0
01-09 07:41:03.913 15676 15676 E adbd    : recv: OPEN 00000c89 00000000 000e:73 68 65 6C 6C 3A 67 65 74 70 72 6F 70 00 
01-09 07:41:03.913 15676 15676 E adbd    : service_to_fd: shell:getprop
01-09 07:41:09.036 15676 15676 E adbd    : recv: OPEN 00000c8e 00000000 002f:73 68 65 6C 6C 2C 76 32 2C 72 61 77 3A 61 6D 20 66 6F 72 63 65 2D 73 74 6F 70 20 63 6F 6D 2E 73 61 66 65 63 6C 65 61 6E 65 72 2E 70 72 6F 00 
01-09 07:41:09.036 15676 15676 E adbd    : service_to_fd: shell,v2,raw:am force-stop com.safecleaner.pro
01-09 07:41:09.164 15676 15676 E adbd    : recv: OPEN 00000c91 00000000 0031:65 78 65 63 3A 63 6D 64 20 70 61 63 6B 61 67 65 20 27 69 6E 73 74 61 6C 6C 27 20 27 2D 74 27 20 27 2D 72 27 20 2D 53 20 34 31 34 33 31 34 35 35 00 
01-09 07:41:09.164 15676 15676 E adbd    : service_to_fd: exec:cmd package 'install' '-t' '-r' -S 41431455
01-09 07:41:13.085  2704  2704 E Zygote  : isWhitelistProcess - Process is Whitelisted
01-09 07:41:14.294 12488 12530 E ContactsProvider_EventLog: Flush buffer to file cnt : 1 size : 1Kb duration : 1ms lastUpdatedAfter : 60112 ms mFlush_time_threasold : 2000 mCurrentSize : 806
01-09 07:41:17.675  2702 17061 E         : Secure Storage PM failed!
01-09 07:41:17.693  2702 17061 E         : Couldn't opendir /data/app/vmdl1628609665.tmp: No such file or directory
01-09 07:41:17.694  2702 17061 E installd: Failed to delete /data/app/vmdl1628609665.tmp: No such file or directory
01-09 07:41:17.740 15676 15676 E adbd    : recv: OPEN 00000c98 00000000 006d:73 68 65 6C 6C 2C 76 32 2C 72 61 77 3A 65 63 68 6F 20 2D 6E 20 35 37 62 66 66 64 66 65 65 66 64 37 30 66 30 30 66 31 62 35 62 38 31 30 66 66 62 36 32 31 64 32 39 39 61 33 34 30 30 35 20 3E 20 2F 64 61 74 61 2F 6C 6F 63 61 6C 2F 74 6D 70 2F 73 6B 79 2E 63 6F 6D 2E 73 61 66 65 63 6C 65 61 6E 65 72 2E 70 72 6F 2E 73 68 61 31 00 
01-09 07:41:17.741 15676 15676 E adbd    : service_to_fd: shell,v2,raw:echo -n 57bffdfeefd70f00f1b5b810ffb621d299a34005 > /data/local/tmp/sky.com.safecleaner.pro.sha1
01-09 07:41:17.920  2799  2799 E Zygote  : isWhitelistProcess - Process is Whitelisted
01-09 07:41:17.959 15676 15676 E adbd    : recv: OPEN 00000c9b 00000000 001a:73 68 65 6C 6C 3A 6C 6F 67 63 61 74 20 2D 76 20 74 69 6D 65 20 2D 74 20 31 00 
01-09 07:41:17.960 15676 15676 E adbd    : service_to_fd: shell:logcat -v time -t 1
01-09 07:41:18.083  3067  3067 E SDAgentPackageStateReceiver: Not going to handle 'com.safecleaner.pro'!
01-09 07:41:18.176  8720  8760 E ApplicationPackageManager: checkSettingsForIconTray value : 0
01-09 07:41:18.257  8720  8762 E Finsky  : [2867] [Counters] attempted to use a non-positive increment for: 4752
01-09 07:41:18.257  8720  8762 E Finsky  : [2867] [Counters] attempted to use a non-positive increment for: 4753
01-09 07:41:18.342 15676 15676 E adbd    : recv: OPEN 00000c9e 00000000 002d:73 68 65 6C 6C 3A 6C 6F 67 63 61 74 20 2D 76 20 74 69 6D 65 20 2D 54 20 27 30 31 2D 30 39 20 30 37 3A 34 31 3A 31 38 2E 31 30 37 27 00 
01-09 07:41:18.342 15676 15676 E adbd    : service_to_fd: shell:logcat -v time -T '01-09 07:41:18.107'
01-09 07:41:18.350  3067  3292 E AASATokenParser: set xml file does not exist
01-09 07:41:18.362 15676 15676 E adbd    : recv: OPEN 00000ca1 00000000 00f7:73 68 65 6C 6C 2C 76 32 2C 72 61 77 3A 61 6D 20 73 74 61 72 74 20 2D 61 20 61 6E 64 72 6F 69 64 2E 69 6E 74 65 6E 74 2E 61 63 74 69 6F 6E 2E 4D 41 49 4E 20 2D 63 20 61 6E 64 72 6F 69 64 2E 69 6E 74 65 6E 74 2E 63 61 74 65 67 6F 72 79 2E 4C 41 55 4E 43 48 45 52 20 2D 66 20 30 78 32 30 30 30 30 30 30 30 20 2D 2D 65 7A 20 65 6E 61 62 6C 65 2D 64 61 72 74 2D 70 72 6F 66 69 6C 69 6E 67 20 74 72 75 65 20 2D 2D 65 7A 20 65 6E 61 62 6C 65 2D 63 68 65 63 6B 65 64 2D 6D 6F 64 65 20 74 72 75 65 20 2D 2D 65 7A 20 76 65 72 69 66 79 2D 65 6E 74 72 79 2D 70 6F 69 6E 74 73 20 74 72 75 65 20 63 6F 6D 2E 73 61 66 65 63 6C 65 61 6E 65 72 2E 70 72 6F 2F 63 6F 6D 2E 73 61 66 65 63 6C 65 61 6E 65 72 2E 70 72 6F 2E 4D 61 69 6E 41 63 74 69 76 69 74 79 00 
01-09 07:41:18.362 15676 15676 E adbd    : service_to_fd: shell,v2,raw:am start -a android.intent.action.MAIN -c android.intent.category.LAUNCHER -f 0x20000000 --ez enable-dart-profiling true --ez enable-checked-mode true --ez verify-entry-points true com.safecleaner.pro/com.safecleaner.pro.MainActivity
01-09 07:41:18.746  3415  3415 E CarrierMatchingBootReceiver: isCarrierMatchingEnabled: carrier_matching_status
01-09 07:41:18.747  3415  3415 E CarrierMatchingBootReceiver: isCarrierMatchingEnabled: carrier_matching_status
01-09 07:41:18.748  3415  3415 E CarrierMatchingBootReceiver: isCarrierMatchingEnabled: carrier_matching_status
01-09 07:41:18.900  8720  8760 E ApplicationPackageManager: checkSettingsForIconTray value : 0
01-09 07:41:19.052  3067  6919 E ActivityManager: getPackageFromAppProcesses, return null :2842
01-09 07:41:19.166  2868  2868 E Zygote  : isWhitelistProcess - Process is Whitelisted
01-09 07:41:19.319  3067  3090 E EdmStorageProvider: Admin not in database, something went wrong
01-09 07:41:19.327  3067  3090 E EdmStorageProvider: Admin not in database, something went wrong
01-09 07:41:19.347  3067  3090 E EdmStorageProvider: Admin not in database, something went wrong
01-09 07:41:19.407  3067  3090 E EdmStorageProvider: Admin not in database, something went wrong
01-09 07:41:19.446  3456  3498 E ApplicationPackageManager: checkSettingsForIconTray value : 0
01-09 07:41:19.447  3067  3090 E EdmStorageProvider: Admin not in database, something went wrong
01-09 07:41:19.450  3456  3498 E ApplicationPackageManager: checkSettingsForIconTray value : 0
01-09 07:41:19.452  3067  3090 E EdmStorageProvider: Admin not in database, something went wrong
01-09 07:41:19.535  3456  3498 E ApplicationPackageManager: checkSettingsForIconTray value : 0
--------- beginning of crash
01-09 07:41:19.985  2868  2868 E AndroidRuntime: FATAL EXCEPTION: main
01-09 07:41:19.985  2868  2868 E AndroidRuntime: Process: com.safecleaner.pro, PID: 2868
01-09 07:41:19.985  2868  2868 E AndroidRuntime: java.lang.RuntimeException: Unable to get provider moe.shizuku.api.ShizukuBinderReceiveProvider: java.lang.ClassNotFoundException: Didn't find class "moe.shizuku.api.ShizukuBinderReceiveProvider" on path: DexPathList[[zip file "/data/app/com.safecleaner.pro-Nyex7Mrd-Ec1IDINqV6aJw==/base.apk"],nativeLibraryDirectories=[/data/app/com.safecleaner.pro-Nyex7Mrd-Ec1IDINqV6aJw==/lib/arm, /data/app/com.safecleaner.pro-Nyex7Mrd-Ec1IDINqV6aJw==/base.apk!/lib/armeabi-v7a, /system/lib, /system/vendor/lib]]
01-09 07:41:19.985  2868  2868 E AndroidRuntime: 	at android.app.ActivityThread.installProvider(ActivityThread.java:6581)
01-09 07:41:19.985  2868  2868 E AndroidRuntime: 	at android.app.ActivityThread.installContentProviders(ActivityThread.java:6133)
01-09 07:41:19.985  2868  2868 E AndroidRuntime: 	at android.app.ActivityThread.handleBindApplication(ActivityThread.java:6043)
01-09 07:41:19.985  2868  2868 E AndroidRuntime: 	at android.app.ActivityThread.-wrap1(Unknown Source:0)
01-09 07:41:19.985  2868  2868 E AndroidRuntime: 	at android.app.ActivityThread$H.handleMessage(ActivityThread.java:1764)
01-09 07:41:19.985  2868  2868 E AndroidRuntime: 	at android.os.Handler.dispatchMessage(Handler.java:105)
01-09 07:41:19.985  2868  2868 E AndroidRuntime: 	at android.os.Looper.loop(Looper.java:164)
01-09 07:41:19.985  2868  2868 E AndroidRuntime: 	at android.app.ActivityThread.main(ActivityThread.java:6942)
01-09 07:41:19.985  2868  2868 E AndroidRuntime: 	at java.lang.reflect.Method.invoke(Native Method)
01-09 07:41:19.985  2868  2868 E AndroidRuntime: 	at com.android.internal.os.Zygote$MethodAndArgsCaller.run(Zygote.java:327)
01-09 07:41:19.985  2868  2868 E AndroidRuntime: 	at com.android.internal.os.ZygoteInit.main(ZygoteInit.java:1374)
01-09 07:41:19.985  2868  2868 E AndroidRuntime: Caused by: java.lang.ClassNotFoundException: Didn't find class "moe.shizuku.api.ShizukuBinderReceiveProvider" on path: DexPathList[[zip file "/data/app/com.safecleaner.pro-Nyex7Mrd-Ec1IDINqV6aJw==/base.apk"],nativeLibraryDirectories=[/data/app/com.safecleaner.pro-Nyex7Mrd-Ec1IDINqV6aJw==/lib/arm, /data/app/com.safecleaner.pro-Nyex7Mrd-Ec1IDINqV6aJw==/base.apk!/lib/armeabi-v7a, /system/lib, /system/vendor/lib]]
01-09 07:41:19.985  2868  2868 E AndroidRuntime: 	at dalvik.system.BaseDexClassLoader.findClass(BaseDexClassLoader.java:93)
01-09 07:41:19.985  2868  2868 E AndroidRuntime: 	at java.lang.ClassLoader.loadClass(ClassLoader.java:379)
01-09 07:41:19.985  2868  2868 E AndroidRuntime: 	at java.lang.ClassLoader.loadClass(ClassLoader.java:312)
01-09 07:41:19.985  2868  2868 E AndroidRuntime: 	at android.app.ActivityThread.installProvider(ActivityThread.java:6566)
01-09 07:41:19.985  2868  2868 E AndroidRuntime: 	... 10 more
01-09 07:41:20.008 15676 15676 E adbd    : recv: OPEN 00000ca4 00000000 000a:6A 64 77 70 3A 32 38 36 38 00 
01-09 07:41:20.008 15676 15676 E adbd    : service_to_fd: jdwp:2868
01-09 07:41:20.157  3456 27696 E ApplicationPackageManager: checkSettingsForIconTray value : 0
01-09 07:41:20.157  3456 27696 E ApplicationPackageManager: checkSettingsForIconTray value : 0
01-09 07:41:20.190  3456 27696 E ApplicationPackageManager: checkSettingsForIconTray value : 0
01-09 07:41:20.267  3067  3085 E PhoneWindow_APM : : isCalledPackage return false
01-09 07:41:20.342 17550 17569 E ApplicationPackageManager: checkSettingsForIconTray value : 0
01-09 07:41:20.344 17550 17569 E ApplicationPackageManager: checkSettingsForIconTray value : 0
01-09 07:41:20.456 17550 17569 E ApplicationPackageManager: checkSettingsForIconTray value : 0
01-09 07:41:22.047 17550 17569 E VRLauncherManager: android.provider.Settings$SettingNotFoundException: vr_launcher_hidden_apps
01-09 07:41:22.087  2892  2892 E Zygote  : isWhitelistProcess - Process is Whitelisted
01-09 07:41:24.217  2892  2960 E msys    : E[N mns]_OnDiskCacheGetData(632)=>Start post callback cache refresh DNS resolution
01-09 07:41:24.227  2892  2960 E msys    : E[N mns]_OnSystemDNSSuccessCallback(340)=>Cache refresh succeeded with system DNS resolver. IP count: 1
01-09 07:41:25.786  2892  2960 E msys    : E[N mns]_OnDiskCacheGetData(632)=>Start post callback cache refresh DNS resolution
01-09 07:41:25.796  2892  2960 E msys    : E[N mns]_OnSystemDNSSuccessCallback(340)=>Cache refresh succeeded with system DNS resolver. IP count: 4
01-09 07:41:26.076 12488 12530 E ContactsProvider_EventLog: Flush buffer to file cnt : 1 size : 0Kb duration : 2ms lastUpdatedAfter : 11782 ms mFlush_time_threasold : 2000 mCurrentSize : 201
01-09 07:41:29.574 15897 15904 E Service : provider is null com.safecleaner.pro.shizuku 0
01-09 07:41:29.576 15897 15905 E Service : provider is null com.safecleaner.pro.shizuku 0
01-09 07:41:29.617  3067  3085 E ViewRootImpl: sendUserActionEvent() returned.
01-09 07:42:00.059 17550 17550 E ApplicationPackageManager: checkSettingsForIconTray value : 0
01-09 07:42:00.104  9270  9310 E ExecutionCriteria: Package unavailable for task: com.google.android.talk/com.google.android.apps.hangouts.concurrent.impl.GcmTriggeredNotifier{u=0 tag=":persisted" trigger=window{start=3599s,end=3600s,earliest=-956121s,latest=-956120s} requirements=[NET_ANY] attributes=[PERSISTED] scheduled=-959720s last_run=N/A exec_window_multiplier=1.0000 jid=N/A status=PENDING retries=0 client_lib=MANCHEGO_GCM-0} [CONTEXT service_id=218 ]
01-09 07:42:00.106  9270  9310 E ExecutionCriteria: Package unavailable for task: com.google.android.apps.maps/com.google.android.apps.gmm.context.appindexing.AppIndexingTtlTaskService{u=0 tag="AppIndexingTtlTaskService" trigger=window{period=86400s,flex=8640s,earliest=-881969s,latest=-873329s} requirements=[NET_CONNECTED,CHARGING,PREFERRED_NET_CONNECTED,PREFERRED_CHARGING] attributes=[PERSISTED,RECURRING] scheduled=-959729s last_run=N/A exec_window_multiplier=1.0000 jid=N/A status=PENDING retries=0 client_lib=MANCHEGO_GCM-12525000} [CONTEXT service_id=218 ]
01-09 07:42:00.109  9270  9310 E ExecutionCriteria: Package unavailable for task: com.google.android.apps.maps/com.google.android.apps.gmm.offline.update.OfflineAutoUpdateMaintenanceGcmService{u=0 tag="default-tag" trigger=window{period=86400s,flex=1800s,earliest=-877649s,latest=-873329s} requirements=[NET_ANY,CHARGING,PREFERRED_CHARGING] attributes=[PERSISTED,RECURRING] scheduled=-959729s last_run=N/A exec_window_multiplier=1.0000 jid=N/A status=PENDING retries=0 client_lib=MANCHEGO_GCM-12525000} [CONTEXT service_id=218 ]
01-09 07:42:00.112  9270  9310 E ExecutionCriteria: Package unavailable for task: com.google.android.videos/com.google.android.apps.play.movies.common.FlushLogsTaskService{u=0 tag="flush_logs" trigger=window{period=86400s,flex=57600s,earliest=-930920s,latest=-873320s} requirements=[NET_UNMETERED,CHARGING,PREFERRED_NET_UNMETERED,PREFERRED_CHARGING] attributes=[PERSISTED,RECURRING] scheduled=-959720s last_run=N/A exec_window_multiplier=1.0000 jid=N/A status=PENDING retries=0 client_lib=MANCHEGO_GCM-10400000} [CONTEXT service_id=218 ]
01-09 07:42:00.114  9270  9310 E ExecutionCriteria: Package unavailable for task: com.google.android.talk/com.google.android.apps.hangouts.concurrent.impl.GcmTriggeredNotifier{u=0 tag="network_connectivity_wakeup:persisted" trigger=window{start=243773s,end=243774s,earliest=-715947s,latest=-715946s} requirements=[NET_CONNECTED,PREFERRED_NET_CONNECTED] attributes=[PERSISTED] scheduled=-959720s last_run=N/A exec_window_multiplier=1.0000 jid=N/A status=PENDING retries=0 client_lib=MANCHEGO_GCM-0} [CONTEXT service_id=218 ]
01-09 07:42:00.116  9270  9310 E ExecutionCriteria: Package unavailable for task: com.google.android.videos/com.google.android.apps.play.movies.common.service.drm.RefreshLicenseTaskService{u=0 tag="refresh_license" trigger=window{period=172800s,flex=172800s,earliest=-786919s,latest=-614119s} requirements=[NET_CONNECTED,PREFERRED_NET_CONNECTED] attributes=[PERSISTED,RECURRING] scheduled=-786919s last_run=N/A exec_window_multiplier=1.0000 jid=N/A status=PENDING retries=0 client_lib=MANCHEGO_GCM-10400000} [CONTEXT service_id=218 ]
01-09 07:42:00.119  9270  9310 E ExecutionCriteria: Package unavailable for task: com.google.android.apps.maps/com.google.android.apps.gmm.location.heatmap.HeatmapExpirationService{u=0 tag="HeatmapExpirationService" trigger=window{period=604800s,flex=60480s,earliest=-415409s,latest=-354929s} requirements=[NET_CONNECTED,CHARGING,PREFERRED_NET_CONNECTED,PREFERRED_CHARGING] attributes=[PERSISTED,RECURRING] scheduled=-959729s last_run=N/A exec_window_multiplier=1.0000 jid=N/A status=PENDING retries=0 client_lib=MANCHEGO_GCM-12525000} [CONTEXT service_id=218 ]
01-09 07:42:00.166  9270  9310 E ExecutionCriteria: Package unavailable for task: com.google.android.talk/com.google.android.apps.hangouts.concurrent.impl.GcmTriggeredNotifier{u=0 tag=":persisted" trigger=window{start=3599s,end=3600s,earliest=-956121s,latest=-956120s} requirements=[NET_ANY] attributes=[PERSISTED] scheduled=-959720s last_run=N/A exec_window_multiplier=1.0000 jid=N/A status=PENDING retries=0 client_lib=MANCHEGO_GCM-0} [CONTEXT service_id=218 ]
01-09 07:42:00.168  9270  9310 E ExecutionCriteria: Package unavailable for task: com.google.android.videos/com.google.android.apps.play.movies.common.FlushLogsTaskService{u=0 tag="flush_logs" trigger=window{period=86400s,flex=57600s,earliest=-930920s,latest=-873320s} requirements=[NET_UNMETERED,CHARGING,PREFERRED_NET_UNMETERED,PREFERRED_CHARGING] attributes=[PERSISTED,RECURRING] scheduled=-959720s last_run=N/A exec_window_multiplier=1.0000 jid=N/A status=PENDING retries=0 client_lib=MANCHEGO_GCM-10400000} [CONTEXT service_id=218 ]
01-09 07:42:00.169  9270  9310 E ExecutionCriteria: Package unavailable for task: com.google.android.apps.maps/com.google.android.apps.gmm.context.appindexing.AppIndexingTtlTaskService{u=0 tag="AppIndexingTtlTaskService" trigger=window{period=86400s,flex=8640s,earliest=-881969s,latest=-873329s} requirements=[NET_CONNECTED,CHARGING,PREFERRED_NET_CONNECTED,PREFERRED_CHARGING] attributes=[PERSISTED,RECURRING] scheduled=-959729s last_run=N/A exec_window_multiplier=1.0000 jid=N/A status=PENDING retries=0 client_lib=MANCHEGO_GCM-12525000} [CONTEXT service_id=218 ]
01-09 07:42:00.171  9270  9310 E ExecutionCriteria: Package unavailable for task: com.google.android.apps.maps/com.google.android.apps.gmm.offline.update.OfflineAutoUpdateMaintenanceGcmService{u=0 tag="default-tag" trigger=window{period=86400s,flex=1800s,earliest=-877649s,latest=-873329s} requirements=[NET_ANY,CHARGING,PREFERRED_CHARGING] attributes=[PERSISTED,RECURRING] scheduled=-959729s last_run=N/A exec_window_multiplier=1.0000 jid=N/A status=PENDING retries=0 client_lib=MANCHEGO_GCM-12525000} [CONTEXT service_id=218 ]
01-09 07:42:00.172  9270  9310 E ExecutionCriteria: Package unavailable for task: com.google.android.videos/com.google.android.apps.play.movies.common.service.drm.RefreshLicenseTaskService{u=0 tag="refresh_license" trigger=window{period=172800s,flex=172800s,earliest=-786919s,latest=-614119s} requirements=[NET_CONNECTED,PREFERRED_NET_CONNECTED] attributes=[PERSISTED,RECURRING] scheduled=-786919s last_run=N/A exec_window_multiplier=1.0000 jid=N/A status=PENDING retries=0 client_lib=MANCHEGO_GCM-10400000} [CONTEXT service_id=218 ]
01-09 07:42:00.173  9270  9310 E ExecutionCriteria: Package unavailable for task: com.google.android.talk/com.google.android.apps.hangouts.concurrent.impl.GcmTriggeredNotifier{u=0 tag="network_connectivity_wakeup:persisted" trigger=window{start=243773s,end=243774s,earliest=-715947s,latest=-715946s} requirements=[NET_CONNECTED,PREFERRED_NET_CONNECTED] attributes=[PERSISTED] scheduled=-959720s last_run=N/A exec_window_multiplier=1.0000 jid=N/A status=PENDING retries=0 client_lib=MANCHEGO_GCM-0} [CONTEXT service_id=218 ]
01-09 07:42:00.175  9270  9310 E ExecutionCriteria: Package unavailable for task: com.google.android.apps.maps/com.google.android.apps.gmm.location.heatmap.HeatmapExpirationService{u=0 tag="HeatmapExpirationService" trigger=window{period=604800s,flex=60480s,earliest=-415409s,latest=-354929s} requirements=[NET_CONNECTED,CHARGING,PREFERRED_NET_CONNECTED,PREFERRED_CHARGING] attributes=[PERSISTED,RECURRING] scheduled=-959729s last_run=N/A exec_window_multiplier=1.0000 jid=N/A status=PENDING retries=0 client_lib=MANCHEGO_GCM-12525000} [CONTEXT service_id=218 ]
01-09 07:42:00.326  9270  9310 E ExecutionCriteria: Package unavailable for task: com.google.android.talk/com.google.android.apps.hangouts.concurrent.impl.GcmTriggeredNotifier{u=0 tag=":persisted" trigger=window{start=3599s,end=3600s,earliest=-956121s,latest=-956120s} requirements=[NET_ANY] attributes=[PERSISTED] scheduled=-959720s last_run=N/A exec_window_multiplier=1.0000 jid=N/A status=PENDING retries=0 client_lib=MANCHEGO_GCM-0} [CONTEXT service_id=218 ]
01-09 07:42:00.328  9270  9310 E ExecutionCriteria: Package unavailable for task: com.google.android.videos/com.google.android.apps.play.movies.common.FlushLogsTaskService{u=0 tag="flush_logs" trigger=window{period=86400s,flex=57600s,earliest=-930920s,latest=-873320s} requirements=[NET_UNMETERED,CHARGING,PREFERRED_NET_UNMETERED,PREFERRED_CHARGING] attributes=[PERSISTED,RECURRING] scheduled=-959720s last_run=N/A exec_window_multiplier=1.0000 jid=N/A status=PENDING retries=0 client_lib=MANCHEGO_GCM-10400000} [CONTEXT service_id=218 ]
01-09 07:42:00.330  9270  9310 E ExecutionCriteria: Package unavailable for task: com.google.android.apps.maps/com.google.android.apps.gmm.context.appindexing.AppIndexingTtlTaskService{u=0 tag="AppIndexingTtlTaskService" trigger=window{period=86400s,flex=8640s,earliest=-881969s,latest=-873329s} requirements=[NET_CONNECTED,CHARGING,PREFERRED_NET_CONNECTED,PREFERRED_CHARGING] attributes=[PERSISTED,RECURRING] scheduled=-959729s last_run=N/A exec_window_multiplier=1.0000 jid=N/A status=PENDING retries=0 client_lib=MANCHEGO_GCM-12525000} [CONTEXT service_id=218 ]
01-09 07:42:00.332  9270  9310 E ExecutionCriteria: Package unavailable for task: com.google.android.apps.maps/com.google.android.apps.gmm.offline.update.OfflineAutoUpdateMaintenanceGcmService{u=0 tag="default-tag" trigger=window{period=86400s,flex=1800s,earliest=-877649s,latest=-873329s} requirements=[NET_ANY,CHARGING,PREFERRED_CHARGING] attributes=[PERSISTED,RECURRING] scheduled=-959729s last_run=N/A exec_window_multiplier=1.0000 jid=N/A status=PENDING retries=0 client_lib=MANCHEGO_GCM-12525000} [CONTEXT service_id=218 ]
01-09 07:42:00.333  9270  9310 E ExecutionCriteria: Package unavailable for task: com.google.android.videos/com.google.android.apps.play.movies.common.service.drm.RefreshLicenseTaskService{u=0 tag="refresh_license" trigger=window{period=172800s,flex=172800s,earliest=-786919s,latest=-614119s} requirements=[NET_CONNECTED,PREFERRED_NET_CONNECTED] attributes=[PERSISTED,RECURRING] scheduled=-786919s last_run=N/A exec_window_multiplier=1.0000 jid=N/A status=PENDING retries=0 client_lib=MANCHEGO_GCM-10400000} [CONTEXT service_id=218 ]
01-09 07:42:00.335  9270  9310 E ExecutionCriteria: Package unavailable for task: com.google.android.talk/com.google.android.apps.hangouts.concurrent.impl.GcmTriggeredNotifier{u=0 tag="network_connectivity_wakeup:persisted" trigger=window{start=243773s,end=243774s,earliest=-715947s,latest=-715946s} requirements=[NET_CONNECTED,PREFERRED_NET_CONNECTED] attributes=[PERSISTED] scheduled=-959720s last_run=N/A exec_window_multiplier=1.0000 jid=N/A status=PENDING retries=0 client_lib=MANCHEGO_GCM-0} [CONTEXT service_id=218 ]
01-09 07:42:00.336  9270  9310 E ExecutionCriteria: Package unavailable for task: com.google.android.apps.maps/com.google.android.apps.gmm.location.heatmap.HeatmapExpirationService{u=0 tag="HeatmapExpirationService" trigger=window{period=604800s,flex=60480s,earliest=-415409s,latest=-354929s} requirements=[NET_CONNECTED,CHARGING,PREFERRED_NET_CONNECTED,PREFERRED_CHARGING] attributes=[PERSISTED,RECURRING] scheduled=-959729s last_run=N/A exec_window_multiplier=1.0000 jid=N/A status=PENDING retries=0 client_lib=MANCHEGO_GCM-12525000} [CONTEXT service_id=218 ]
01-09 07:42:00.357 12780 12780 E adservices: Failed to set lowest_sdk_level app specific properties29503: 
01-09 07:42:04.207 15676 15676 E adbd    : recv: OPEN 00000cbb 00000000 000e:73 68 65 6C 6C 3A 67 65 74 70 72 6F 70 00 
01-09 07:42:04.208 15676 15676 E adbd    : service_to_fd: shell:getprop
01-09 07:42:07.872  9270  9310 E ExecutionCriteria: Package unavailable for task: com.google.android.talk/com.google.android.apps.hangouts.concurrent.impl.GcmTriggeredNotifier{u=0 tag=":persisted" trigger=window{start=3599s,end=3600s,earliest=-956129s,latest=-956128s} requirements=[NET_ANY] attributes=[PERSISTED] scheduled=-959728s last_run=N/A exec_window_multiplier=1.0000 jid=N/A status=PENDING retries=0 client_lib=MANCHEGO_GCM-0} [CONTEXT service_id=218 ]
01-09 07:42:07.877  9270  9310 E ExecutionCriteria: Package unavailable for task: com.google.android.videos/com.google.android.apps.play.movies.common.FlushLogsTaskService{u=0 tag="flush_logs" trigger=window{period=86400s,flex=57600s,earliest=-930928s,latest=-873328s} requirements=[NET_UNMETERED,CHARGING,PREFERRED_NET_UNMETERED,PREFERRED_CHARGING] attributes=[PERSISTED,RECURRING] scheduled=-959728s last_run=N/A exec_window_multiplier=1.0000 jid=N/A status=PENDING retries=0 client_lib=MANCHEGO_GCM-10400000} [CONTEXT service_id=218 ]
01-09 07:42:07.879  9270  9310 E ExecutionCriteria: Package unavailable for task: com.google.android.apps.maps/com.google.android.apps.gmm.context.appindexing.AppIndexingTtlTaskService{u=0 tag="AppIndexingTtlTaskService" trigger=window{period=86400s,flex=8640s,earliest=-881976s,latest=-873336s} requirements=[NET_CONNECTED,CHARGING,PREFERRED_NET_CONNECTED,PREFERRED_CHARGING] attributes=[PERSISTED,RECURRING] scheduled=-959736s last_run=N/A exec_window_multiplier=1.0000 jid=N/A status=PENDING retries=0 client_lib=MANCHEGO_GCM-12525000} [CONTEXT service_id=218 ]
01-09 07:42:07.881  9270  9310 E ExecutionCriteria: Package unavailable for task: com.google.android.apps.maps/com.google.android.apps.gmm.offline.update.OfflineAutoUpdateMaintenanceGcmService{u=0 tag="default-tag" trigger=window{period=86400s,flex=1800s,earliest=-877656s,latest=-873336s} requirements=[NET_ANY,CHARGING,PREFERRED_CHARGING] attributes=[PERSISTED,RECURRING] scheduled=-959736s last_run=N/A exec_window_multiplier=1.0000 jid=N/A status=PENDING retries=0 client_lib=MANCHEGO_GCM-12525000} [CONTEXT service_id=218 ]
01-09 07:42:07.882  9270  9310 E ExecutionCriteria: Package unavailable for task: com.google.android.videos/com.google.android.apps.play.movies.common.service.drm.RefreshLicenseTaskService{u=0 tag="refresh_license" trigger=window{period=172800s,flex=172800s,earliest=-786927s,latest=-614127s} requirements=[NET_CONNECTED,PREFERRED_NET_CONNECTED] attributes=[PERSISTED,RECURRING] scheduled=-786927s last_run=N/A exec_window_multiplier=1.0000 jid=N/A status=PENDING retries=0 client_lib=MANCHEGO_GCM-10400000} [CONTEXT service_id=218 ]
01-09 07:42:07.884  9270  9310 E ExecutionCriteria: Package unavailable for task: com.google.android.talk/com.google.android.apps.hangouts.concurrent.impl.GcmTriggeredNotifier{u=0 tag="network_connectivity_wakeup:persisted" trigger=window{start=243773s,end=243774s,earliest=-715955s,latest=-715954s} requirements=[NET_CONNECTED,PREFERRED_NET_CONNECTED] attributes=[PERSISTED] scheduled=-959728s last_run=N/A exec_window_multiplier=1.0000 jid=N/A status=PENDING retries=0 client_lib=MANCHEGO_GCM-0} [CONTEXT service_id=218 ]
01-09 07:42:07.886  9270  9310 E ExecutionCriteria: Package unavailable for task: com.google.android.apps.maps/com.google.android.apps.gmm.location.heatmap.HeatmapExpirationService{u=0 tag="HeatmapExpirationService" trigger=window{period=604800s,flex=60480s,earliest=-415416s,latest=-354936s} requirements=[NET_CONNECTED,CHARGING,PREFERRED_NET_CONNECTED,PREFERRED_CHARGING] attributes=[PERSISTED,RECURRING] scheduled=-959736s last_run=N/A exec_window_multiplier=1.0000 jid=N/A status=PENDING retries=0 client_lib=MANCHEGO_GCM-12525000} [CONTEXT service_id=218 ]
01-09 07:42:07.902  9270  9310 E ExecutionCriteria: Package unavailable for task: com.google.android.talk/com.google.android.apps.hangouts.concurrent.impl.GcmTriggeredNotifier{u=0 tag=":persisted" trigger=window{start=3599s,end=3600s,earliest=-956129s,latest=-956128s} requirements=[NET_ANY] attributes=[PERSISTED] scheduled=-959728s last_run=N/A exec_window_multiplier=1.0000 jid=N/A status=PENDING retries=0 client_lib=MANCHEGO_GCM-0} [CONTEXT service_id=218 ]
01-09 07:42:07.904  9270  9310 E ExecutionCriteria: Package unavailable for task: com.google.android.videos/com.google.android.apps.play.movies.common.FlushLogsTaskService{u=0 tag="flush_logs" trigger=window{period=86400s,flex=57600s,earliest=-930928s,latest=-873328s} requirements=[NET_UNMETERED,CHARGING,PREFERRED_NET_UNMETERED,PREFERRED_CHARGING] attributes=[PERSISTED,RECURRING] scheduled=-959728s last_run=N/A exec_window_multiplier=1.0000 jid=N/A status=PENDING retries=0 client_lib=MANCHEGO_GCM-10400000} [CONTEXT service_id=218 ]
01-09 07:42:07.906  9270  9310 E ExecutionCriteria: Package unavailable for task: com.google.android.apps.maps/com.google.android.apps.gmm.context.appindexing.AppIndexingTtlTaskService{u=0 tag="AppIndexingTtlTaskService" trigger=window{period=86400s,flex=8640s,earliest=-881976s,latest=-873336s} requirements=[NET_CONNECTED,CHARGING,PREFERRED_NET_CONNECTED,PREFERRED_CHARGING] attributes=[PERSISTED,RECURRING] scheduled=-959736s last_run=N/A exec_window_multiplier=1.0000 jid=N/A status=PENDING retries=0 client_lib=MANCHEGO_GCM-12525000} [CONTEXT service_id=218 ]
01-09 07:42:07.908  9270  9310 E ExecutionCriteria: Package unavailable for task: com.google.android.apps.maps/com.google.android.apps.gmm.offline.update.OfflineAutoUpdateMaintenanceGcmService{u=0 tag="default-tag" trigger=window{period=86400s,flex=1800s,earliest=-877656s,latest=-873336s} requirements=[NET_ANY,CHARGING,PREFERRED_CHARGING] attributes=[PERSISTED,RECURRING] scheduled=-959736s last_run=N/A exec_window_multiplier=1.0000 jid=N/A status=PENDING retries=0 client_lib=MANCHEGO_GCM-12525000} [CONTEXT service_id=218 ]
01-09 07:42:07.913  9270  9310 E ExecutionCriteria: Package unavailable for task: com.google.android.videos/com.google.android.apps.play.movies.common.service.drm.RefreshLicenseTaskService{u=0 tag="refresh_license" trigger=window{period=172800s,flex=172800s,earliest=-786927s,latest=-614127s} requirements=[NET_CONNECTED,PREFERRED_NET_CONNECTED] attributes=[PERSISTED,RECURRING] scheduled=-786927s last_run=N/A exec_window_multiplier=1.0000 jid=N/A status=PENDING retries=0 client_lib=MANCHEGO_GCM-10400000} [CONTEXT service_id=218 ]
01-09 07:42:07.914  9270  9310 E ExecutionCriteria: Package unavailable for task: com.google.android.talk/com.google.android.apps.hangouts.concurrent.impl.GcmTriggeredNotifier{u=0 tag="network_connectivity_wakeup:persisted" trigger=window{start=243773s,end=243774s,earliest=-715955s,latest=-715954s} requirements=[NET_CONNECTED,PREFERRED_NET_CONNECTED] attributes=[PERSISTED] scheduled=-959728s last_run=N/A exec_window_multiplier=1.0000 jid=N/A status=PENDING retries=0 client_lib=MANCHEGO_GCM-0} [CONTEXT service_id=218 ]
01-09 07:42:07.916  9270  9310 E ExecutionCriteria: Package unavailable for task: com.google.android.apps.maps/com.google.android.apps.gmm.location.heatmap.HeatmapExpirationService{u=0 tag="HeatmapExpirationService" trigger=window{period=604800s,flex=60480s,earliest=-415416s,latest=-354936s} requirements=[NET_CONNECTED,CHARGING,PREFERRED_NET_CONNECTED,PREFERRED_CHARGING] attributes=[PERSISTED,RECURRING] scheduled=-959736s last_run=N/A exec_window_multiplier=1.0000 jid=N/A status=PENDING retries=0 client_lib=MANCHEGO_GCM-12525000} [CONTEXT service_id=218 ]
01-09 07:42:14.417 12488 12530 E ContactsProvider_EventLog: Flush buffer to file cnt : 1 size : 1Kb duration : 1ms lastUpdatedAfter : 48341 ms mFlush_time_threasold : 2000 mCurrentSize : 828
01-09 07:42:27.718 17550 17550 E ProActivieLaunch: Sending Broadcast
01-09 07:42:27.845  3065  3065 E Zygote  : isWhitelistProcess - Process is Whitelisted
01-09 07:42:28.197  3065  3065 E AndroidRuntime: FATAL EXCEPTION: main
01-09 07:42:28.197  3065  3065 E AndroidRuntime: Process: com.safecleaner.pro, PID: 3065
01-09 07:42:28.197  3065  3065 E AndroidRuntime: java.lang.RuntimeException: Unable to get provider moe.shizuku.api.ShizukuBinderReceiveProvider: java.lang.ClassNotFoundException: Didn't find class "moe.shizuku.api.ShizukuBinderReceiveProvider" on path: DexPathList[[zip file "/data/app/com.safecleaner.pro-Nyex7Mrd-Ec1IDINqV6aJw==/base.apk"],nativeLibraryDirectories=[/data/app/com.safecleaner.pro-Nyex7Mrd-Ec1IDINqV6aJw==/lib/arm, /data/app/com.safecleaner.pro-Nyex7Mrd-Ec1IDINqV6aJw==/base.apk!/lib/armeabi-v7a, /system/lib, /system/vendor/lib]]
01-09 07:42:28.197  3065  3065 E AndroidRuntime: 	at android.app.ActivityThread.installProvider(ActivityThread.java:6581)
01-09 07:42:28.197  3065  3065 E AndroidRuntime: 	at android.app.ActivityThread.installContentProviders(ActivityThread.java:6133)
01-09 07:42:28.197  3065  3065 E AndroidRuntime: 	at android.app.ActivityThread.handleBindApplication(ActivityThread.java:6043)
01-09 07:42:28.197  3065  3065 E AndroidRuntime: 	at android.app.ActivityThread.-wrap1(Unknown Source:0)
01-09 07:42:28.197  3065  3065 E AndroidRuntime: 	at android.app.ActivityThread$H.handleMessage(ActivityThread.java:1764)
01-09 07:42:28.197  3065  3065 E AndroidRuntime: 	at android.os.Handler.dispatchMessage(Handler.java:105)
01-09 07:42:28.197  3065  3065 E AndroidRuntime: 	at android.os.Looper.loop(Looper.java:164)
01-09 07:42:28.197  3065  3065 E AndroidRuntime: 	at android.app.ActivityThread.main(ActivityThread.java:6942)
01-09 07:42:28.197  3065  3065 E AndroidRuntime: 	at java.lang.reflect.Method.invoke(Native Method)
01-09 07:42:28.197  3065  3065 E AndroidRuntime: 	at com.android.internal.os.Zygote$MethodAndArgsCaller.run(Zygote.java:327)
01-09 07:42:28.197  3065  3065 E AndroidRuntime: 	at com.android.internal.os.ZygoteInit.main(ZygoteInit.java:1374)
01-09 07:42:28.197  3065  3065 E AndroidRuntime: Caused by: java.lang.ClassNotFoundException: Didn't find class "moe.shizuku.api.ShizukuBinderReceiveProvider" on path: DexPathList[[zip file "/data/app/com.safecleaner.pro-Nyex7Mrd-Ec1IDINqV6aJw==/base.apk"],nativeLibraryDirectories=[/data/app/com.safecleaner.pro-Nyex7Mrd-Ec1IDINqV6aJw==/lib/arm, /data/app/com.safecleaner.pro-Nyex7Mrd-Ec1IDINqV6aJw==/base.apk!/lib/armeabi-v7a, /system/lib, /system/vendor/lib]]
01-09 07:42:28.197  3065  3065 E AndroidRuntime: 	at dalvik.system.BaseDexClassLoader.findClass(BaseDexClassLoader.java:93)
01-09 07:42:28.197  3065  3065 E AndroidRuntime: 	at java.lang.ClassLoader.loadClass(ClassLoader.java:379)
01-09 07:42:28.197  3065  3065 E AndroidRuntime: 	at java.lang.ClassLoader.loadClass(ClassLoader.java:312)
01-09 07:42:28.197  3065  3065 E AndroidRuntime: 	at android.app.ActivityThread.installProvider(ActivityThread.java:6566)
01-09 07:42:28.197  3065  3065 E AndroidRuntime: 	... 10 more
01-09 07:42:28.247  3067  3085 E PhoneWindow_APM : : isCalledPackage return false
01-09 07:42:28.351  3456  3817 E ApplicationPackageManager: checkSettingsForIconTray value : 0
01-09 07:42:28.363  3456  3817 E ApplicationPackageManager: checkSettingsForIconTray value : 0
01-09 07:42:28.374  3456  3817 E ApplicationPackageManager: checkSettingsForIconTray value : 0
01-09 07:42:28.544  3067  6705 E ActivityManager: Found activity ActivityRecord{be3cf8d u0 com.safecleaner.pro/.MainActivity t-1 f} in proc activity list using null instead of expected ProcessRecord{5873676 3065:com.safecleaner.pro/u0a249}
01-09 07:42:28.559 15676 15676 E adbd    : recv: OPEN 00000cc8 00000000 000a:6A 64 77 70 3A 33 30 36 35 00 
01-09 07:42:28.559 15676 15676 E adbd    : service_to_fd: jdwp:3065
01-09 07:42:28.598 15897 15905 E Service : provider is null com.safecleaner.pro.shizuku 0
01-09 07:42:28.598 15897 15904 E Service : provider is null com.safecleaner.pro.shizuku 0
01-09 07:42:28.614  3121  3121 E Zygote  : isWhitelistProcess - Process is Whitelisted
01-09 07:42:28.622  3067  3085 E ViewRootImpl: sendUserActionEvent() returned.
01-09 07:42:28.801  3121  3121 E AndroidRuntime: FATAL EXCEPTION: main
01-09 07:42:28.801  3121  3121 E AndroidRuntime: Process: com.safecleaner.pro, PID: 3121
01-09 07:42:28.801  3121  3121 E AndroidRuntime: java.lang.RuntimeException: Unable to get provider moe.shizuku.api.ShizukuBinderReceiveProvider: java.lang.ClassNotFoundException: Didn't find class "moe.shizuku.api.ShizukuBinderReceiveProvider" on path: DexPathList[[zip file "/data/app/com.safecleaner.pro-Nyex7Mrd-Ec1IDINqV6aJw==/base.apk"],nativeLibraryDirectories=[/data/app/com.safecleaner.pro-Nyex7Mrd-Ec1IDINqV6aJw==/lib/arm, /data/app/com.safecleaner.pro-Nyex7Mrd-Ec1IDINqV6aJw==/base.apk!/lib/armeabi-v7a, /system/lib, /system/vendor/lib]]
01-09 07:42:28.801  3121  3121 E AndroidRuntime: 	at android.app.ActivityThread.installProvider(ActivityThread.java:6581)
01-09 07:42:28.801  3121  3121 E AndroidRuntime: 	at android.app.ActivityThread.installContentProviders(ActivityThread.java:6133)
01-09 07:42:28.801  3121  3121 E AndroidRuntime: 	at android.app.ActivityThread.handleBindApplication(ActivityThread.java:6043)
01-09 07:42:28.801  3121  3121 E AndroidRuntime: 	at android.app.ActivityThread.-wrap1(Unknown Source:0)
01-09 07:42:28.801  3121  3121 E AndroidRuntime: 	at android.app.ActivityThread$H.handleMessage(ActivityThread.java:1764)
01-09 07:42:28.801  3121  3121 E AndroidRuntime: 	at android.os.Handler.dispatchMessage(Handler.java:105)
01-09 07:42:28.801  3121  3121 E AndroidRuntime: 	at android.os.Looper.loop(Looper.java:164)
01-09 07:42:28.801  3121  3121 E AndroidRuntime: 	at android.app.ActivityThread.main(ActivityThread.java:6942)
01-09 07:42:28.801  3121  3121 E AndroidRuntime: 	at java.lang.reflect.Method.invoke(Native Method)
01-09 07:42:28.801  3121  3121 E AndroidRuntime: 	at com.android.internal.os.Zygote$MethodAndArgsCaller.run(Zygote.java:327)
01-09 07:42:28.801  3121  3121 E AndroidRuntime: 	at com.android.internal.os.ZygoteInit.main(ZygoteInit.java:1374)
01-09 07:42:28.801  3121  3121 E AndroidRuntime: Caused by: java.lang.ClassNotFoundException: Didn't find class "moe.shizuku.api.ShizukuBinderReceiveProvider" on path: DexPathList[[zip file "/data/app/com.safecleaner.pro-Nyex7Mrd-Ec1IDINqV6aJw==/base.apk"],nativeLibraryDirectories=[/data/app/com.safecleaner.pro-Nyex7Mrd-Ec1IDINqV6aJw==/lib/arm, /data/app/com.safecleaner.pro-Nyex7Mrd-Ec1IDINqV6aJw==/base.apk!/lib/armeabi-v7a, /system/lib, /system/vendor/lib]]
01-09 07:42:28.801  3121  3121 E AndroidRuntime: 	at dalvik.system.BaseDexClassLoader.findClass(BaseDexClassLoader.java:93)
01-09 07:42:28.801  3121  3121 E AndroidRuntime: 	at java.lang.ClassLoader.loadClass(ClassLoader.java:379)
01-09 07:42:28.801  3121  3121 E AndroidRuntime: 	at java.lang.ClassLoader.loadClass(ClassLoader.java:312)
01-09 07:42:28.801  3121  3121 E AndroidRuntime: 	at android.app.ActivityThread.installProvider(ActivityThread.java:6566)
01-09 07:42:28.801  3121  3121 E AndroidRuntime: 	... 10 more
01-09 07:42:28.867  3067  3085 E PhoneWindow_APM : : isCalledPackage return true
01-09 07:42:29.210 15676 15676 E adbd    : recv: OPEN 00000cc9 00000000 000a:6A 64 77 70 3A 33 31 32 31 00 
01-09 07:42:29.210 15676 15676 E adbd    : service_to_fd: jdwp:3121
01-09 07:42:30.104 15897 15904 E Service : provider is null com.safecleaner.pro.shizuku 0
01-09 07:42:30.131  3203  3203 E Zygote  : isWhitelistProcess - Process is Whitelisted
01-09 07:42:30.140  3067  3085 E ViewRootImpl: sendUserActionEvent() returned.
01-09 07:42:30.282  3203  3203 E AndroidRuntime: FATAL EXCEPTION: main
01-09 07:42:30.282  3203  3203 E AndroidRuntime: Process: com.safecleaner.pro, PID: 3203
01-09 07:42:30.282  3203  3203 E AndroidRuntime: java.lang.RuntimeException: Unable to get provider moe.shizuku.api.ShizukuBinderReceiveProvider: java.lang.ClassNotFoundException: Didn't find class "moe.shizuku.api.ShizukuBinderReceiveProvider" on path: DexPathList[[zip file "/data/app/com.safecleaner.pro-Nyex7Mrd-Ec1IDINqV6aJw==/base.apk"],nativeLibraryDirectories=[/data/app/com.safecleaner.pro-Nyex7Mrd-Ec1IDINqV6aJw==/lib/arm, /data/app/com.safecleaner.pro-Nyex7Mrd-Ec1IDINqV6aJw==/base.apk!/lib/armeabi-v7a, /system/lib, /system/vendor/lib]]
01-09 07:42:30.282  3203  3203 E AndroidRuntime: 	at android.app.ActivityThread.installProvider(ActivityThread.java:6581)
01-09 07:42:30.282  3203  3203 E AndroidRuntime: 	at android.app.ActivityThread.installContentProviders(ActivityThread.java:6133)
01-09 07:42:30.282  3203  3203 E AndroidRuntime: 	at android.app.ActivityThread.handleBindApplication(ActivityThread.java:6043)
01-09 07:42:30.282  3203  3203 E AndroidRuntime: 	at android.app.ActivityThread.-wrap1(Unknown Source:0)
01-09 07:42:30.282  3203  3203 E AndroidRuntime: 	at android.app.ActivityThread$H.handleMessage(ActivityThread.java:1764)
01-09 07:42:30.282  3203  3203 E AndroidRuntime: 	at android.os.Handler.dispatchMessage(Handler.java:105)
01-09 07:42:30.282  3203  3203 E AndroidRuntime: 	at android.os.Looper.loop(Looper.java:164)
01-09 07:42:30.282  3203  3203 E AndroidRuntime: 	at android.app.ActivityThread.main(ActivityThread.java:6942)
01-09 07:42:30.282  3203  3203 E AndroidRuntime: 	at java.lang.reflect.Method.invoke(Native Method)
01-09 07:42:30.282  3203  3203 E AndroidRuntime: 	at com.android.internal.os.Zygote$MethodAndArgsCaller.run(Zygote.java:327)
01-09 07:42:30.282  3203  3203 E AndroidRuntime: 	at com.android.internal.os.ZygoteInit.main(ZygoteInit.java:1374)
01-09 07:42:30.282  3203  3203 E AndroidRuntime: Caused by: java.lang.ClassNotFoundException: Didn't find class "moe.shizuku.api.ShizukuBinderReceiveProvider" on path: DexPathList[[zip file "/data/app/com.safecleaner.pro-Nyex7Mrd-Ec1IDINqV6aJw==/base.apk"],nativeLibraryDirectories=[/data/app/com.safecleaner.pro-Nyex7Mrd-Ec1IDINqV6aJw==/lib/arm, /data/app/com.safecleaner.pro-Nyex7Mrd-Ec1IDINqV6aJw==/base.apk!/lib/armeabi-v7a, /system/lib, /system/vendor/lib]]
01-09 07:42:30.282  3203  3203 E AndroidRuntime: 	at dalvik.system.BaseDexClassLoader.findClass(BaseDexClassLoader.java:93)
01-09 07:42:30.282  3203  3203 E AndroidRuntime: 	at java.lang.ClassLoader.loadClass(ClassLoader.java:379)
01-09 07:42:30.282  3203  3203 E AndroidRuntime: 	at java.lang.ClassLoader.loadClass(ClassLoader.java:312)
01-09 07:42:30.282  3203  3203 E AndroidRuntime: 	at android.app.ActivityThread.installProvider(ActivityThread.java:6566)
01-09 07:42:30.282  3203  3203 E AndroidRuntime: 	... 10 more
01-09 07:42:30.323  3067  3085 E PhoneWindow_APM : : isCalledPackage return true
01-09 07:42:30.711 15676 15676 E adbd    : recv: OPEN 00000cca 00000000 000a:6A 64 77 70 3A 33 32 30 33 00 
01-09 07:42:30.711 15676 15676 E adbd    : service_to_fd: jdwp:3203
01-09 07:42:30.836 15897  1284 E Service : provider is null com.safecleaner.pro.shizuku 0
01-09 07:42:30.855  3228  3228 E Zygote  : isWhitelistProcess - Process is Whitelisted
01-09 07:42:30.871  3067  3085 E ViewRootImpl: sendUserActionEvent() returned.
01-09 07:42:31.019  3228  3228 E AndroidRuntime: FATAL EXCEPTION: main
01-09 07:42:31.019  3228  3228 E AndroidRuntime: Process: com.safecleaner.pro, PID: 3228
01-09 07:42:31.019  3228  3228 E AndroidRuntime: java.lang.RuntimeException: Unable to get provider moe.shizuku.api.ShizukuBinderReceiveProvider: java.lang.ClassNotFoundException: Didn't find class "moe.shizuku.api.ShizukuBinderReceiveProvider" on path: DexPathList[[zip file "/data/app/com.safecleaner.pro-Nyex7Mrd-Ec1IDINqV6aJw==/base.apk"],nativeLibraryDirectories=[/data/app/com.safecleaner.pro-Nyex7Mrd-Ec1IDINqV6aJw==/lib/arm, /data/app/com.safecleaner.pro-Nyex7Mrd-Ec1IDINqV6aJw==/base.apk!/lib/armeabi-v7a, /system/lib, /system/vendor/lib]]
01-09 07:42:31.019  3228  3228 E AndroidRuntime: 	at android.app.ActivityThread.installProvider(ActivityThread.java:6581)
01-09 07:42:31.019  3228  3228 E AndroidRuntime: 	at android.app.ActivityThread.installContentProviders(ActivityThread.java:6133)
01-09 07:42:31.019  3228  3228 E AndroidRuntime: 	at android.app.ActivityThread.handleBindApplication(ActivityThread.java:6043)
01-09 07:42:31.019  3228  3228 E AndroidRuntime: 	at android.app.ActivityThread.-wrap1(Unknown Source:0)
01-09 07:42:31.019  3228  3228 E AndroidRuntime: 	at android.app.ActivityThread$H.handleMessage(ActivityThread.java:1764)
01-09 07:42:31.019  3228  3228 E AndroidRuntime: 	at android.os.Handler.dispatchMessage(Handler.java:105)
01-09 07:42:31.019  3228  3228 E AndroidRuntime: 	at android.os.Looper.loop(Looper.java:164)
01-09 07:42:31.019  3228  3228 E AndroidRuntime: 	at android.app.ActivityThread.main(ActivityThread.java:6942)
01-09 07:42:31.019  3228  3228 E AndroidRuntime: 	at java.lang.reflect.Method.invoke(Native Method)
01-09 07:42:31.019  3228  3228 E AndroidRuntime: 	at com.android.internal.os.Zygote$MethodAndArgsCaller.run(Zygote.java:327)
01-09 07:42:31.019  3228  3228 E AndroidRuntime: 	at com.android.internal.os.ZygoteInit.main(ZygoteInit.java:1374)
01-09 07:42:31.019  3228  3228 E AndroidRuntime: Caused by: java.lang.ClassNotFoundException: Didn't find class "moe.shizuku.api.ShizukuBinderReceiveProvider" on path: DexPathList[[zip file "/data/app/com.safecleaner.pro-Nyex7Mrd-Ec1IDINqV6aJw==/base.apk"],nativeLibraryDirectories=[/data/app/com.safecleaner.pro-Nyex7Mrd-Ec1IDINqV6aJw==/lib/arm, /data/app/com.safecleaner.pro-Nyex7Mrd-Ec1IDINqV6aJw==/base.apk!/lib/armeabi-v7a, /system/lib, /system/vendor/lib]]
01-09 07:42:31.019  3228  3228 E AndroidRuntime: 	at dalvik.system.BaseDexClassLoader.findClass(BaseDexClassLoader.java:93)
01-09 07:42:31.019  3228  3228 E AndroidRuntime: 	at java.lang.ClassLoader.loadClass(ClassLoader.java:379)
01-09 07:42:31.019  3228  3228 E AndroidRuntime: 	at java.lang.ClassLoader.loadClass(ClassLoader.java:312)
01-09 07:42:31.019  3228  3228 E AndroidRuntime: 	at android.app.ActivityThread.installProvider(ActivityThread.java:6566)
01-09 07:42:31.019  3228  3228 E AndroidRuntime: 	... 10 more
01-09 07:42:31.059  3067  3085 E PhoneWindow_APM : : isCalledPackage return true
01-09 07:42:31.363 15897 25736 E Service : provider is null com.safecleaner.pro.shizuku 0
01-09 07:42:31.392  3247  3247 E Zygote  : isWhitelistProcess - Process is Whitelisted
01-09 07:42:31.451 15676 15676 E adbd    : recv: OPEN 00000ccd 00000000 000a:6A 64 77 70 3A 33 32 32 38 00 
01-09 07:42:31.451 15676 15676 E adbd    : service_to_fd: jdwp:3228
01-09 07:42:31.492  3067  3085 E ViewRootImpl: sendUserActionEvent() returned.
01-09 07:42:31.597  3247  3247 E AndroidRuntime: FATAL EXCEPTION: main
01-09 07:42:31.597  3247  3247 E AndroidRuntime: Process: com.safecleaner.pro, PID: 3247
01-09 07:42:31.597  3247  3247 E AndroidRuntime: java.lang.RuntimeException: Unable to get provider moe.shizuku.api.ShizukuBinderReceiveProvider: java.lang.ClassNotFoundException: Didn't find class "moe.shizuku.api.ShizukuBinderReceiveProvider" on path: DexPathList[[zip file "/data/app/com.safecleaner.pro-Nyex7Mrd-Ec1IDINqV6aJw==/base.apk"],nativeLibraryDirectories=[/data/app/com.safecleaner.pro-Nyex7Mrd-Ec1IDINqV6aJw==/lib/arm, /data/app/com.safecleaner.pro-Nyex7Mrd-Ec1IDINqV6aJw==/base.apk!/lib/armeabi-v7a, /system/lib, /system/vendor/lib]]
01-09 07:42:31.597  3247  3247 E AndroidRuntime: 	at android.app.ActivityThread.installProvider(ActivityThread.java:6581)
01-09 07:42:31.597  3247  3247 E AndroidRuntime: 	at android.app.ActivityThread.installContentProviders(ActivityThread.java:6133)
01-09 07:42:31.597  3247  3247 E AndroidRuntime: 	at android.app.ActivityThread.handleBindApplication(ActivityThread.java:6043)
01-09 07:42:31.597  3247  3247 E AndroidRuntime: 	at android.app.ActivityThread.-wrap1(Unknown Source:0)
01-09 07:42:31.597  3247  3247 E AndroidRuntime: 	at android.app.ActivityThread$H.handleMessage(ActivityThread.java:1764)
01-09 07:42:31.597  3247  3247 E AndroidRuntime: 	at android.os.Handler.dispatchMessage(Handler.java:105)
