01-09 08:03:11.751  3067  3519 E PackageManager: Need to declare android.permission.REQUEST_INSTALL_PACKAGES to call this api
01-09 08:03:11.756  5520  5570 E AASAservice-TokenRule: parseToken() : TokenFile is null
01-09 08:03:11.761  4777  4819 E ApplicationPackageManager: checkSettingsForIconTray value : 0
01-09 08:03:11.765  3067  3292 E AASATokenParser: set xml file does not exist
01-09 08:03:11.771  4777  4822 E ApplicationPackageManager: checkSettingsForIconTray value : 0
01-09 08:03:11.787  4777  4819 E Finsky  : [3929] [Counters] attempted to use a non-positive increment for: 4752
01-09 08:03:11.796  4777  4819 E Finsky  : [3929] [Counters] attempted to use a non-positive increment for: 4753
01-09 08:03:11.845  5520  5570 E AASAservice-IntentThread: AASAIntentThread : myrule is null.
01-09 08:03:11.872  4777  4822 E ApplicationPackageManager: checkSettingsForIconTray value : 0
01-09 08:03:12.032  3415  3415 E CarrierMatchingBootReceiver: isCarrierMatchingEnabled: carrier_matching_status
01-09 08:03:12.033  3415  3415 E CarrierMatchingBootReceiver: isCarrierMatchingEnabled: carrier_matching_status
01-09 08:03:12.033  3415  3415 E CarrierMatchingBootReceiver: isCarrierMatchingEnabled: carrier_matching_status
01-09 08:03:12.086 17550 17569 E ApplicationPackageManager: checkSettingsForIconTray value : 0
01-09 08:03:12.087 17550 17569 E ApplicationPackageManager: checkSettingsForIconTray value : 0
01-09 08:03:12.102 17550 17569 E ApplicationPackageManager: checkSettingsForIconTray value : 0
01-09 08:03:16.057  3067  3563 E Watchdog: !@Sync 1892 [2026-01-09 08:03:16.057]
01-09 08:03:16.742 12488 12530 E ContactsProvider_EventLog: Flush buffer to file cnt : 1 size : 1Kb duration : 1ms lastUpdatedAfter : 60106 ms mFlush_time_threasold : 2000 mCurrentSize : 806
01-09 08:03:22.895  3067  3404 E LightsService: Light requested not available on this device. 2
01-09 08:03:24.675  2709  3024 E IptablesRestoreController: [iptables debug]iptables-restore execute *filter
01-09 08:03:24.675  2709  3024 E IptablesRestoreController: -D bw_happy_box -m owner --uid-owner 10057 --jump RETURN
01-09 08:03:24.675  2709  3024 E IptablesRestoreController: COMMIT
01-09 08:03:24.684  2709  3024 E IptablesRestoreController: [iptables debug]iptables-restore execute done *filter
01-09 08:03:24.684  2709  3024 E IptablesRestoreController: -D bw_happy_box -m owner --uid-owner 10057 --jump RETURN
01-09 08:03:24.684  2709  3024 E IptablesRestoreController: COMMIT
01-09 08:03:24.684  2709  3024 E IptablesRestoreController: , res : 0
01-09 08:03:24.688  2709  3024 E IptablesRestoreController: [iptables debug]iptables-restore execute *filter
01-09 08:03:24.688  2709  3024 E IptablesRestoreController: -I bw_penalty_box -m owner --uid-owner 10057 --jump REJECT
01-09 08:03:24.688  2709  3024 E IptablesRestoreController: COMMIT
01-09 08:03:24.696  2709  3024 E IptablesRestoreController: [iptables debug]iptables-restore execute done *filter
01-09 08:03:24.696  2709  3024 E IptablesRestoreController: -I bw_penalty_box -m owner --uid-owner 10057 --jump REJECT
01-09 08:03:24.696  2709  3024 E IptablesRestoreController: COMMIT
01-09 08:03:24.696  2709  3024 E IptablesRestoreController: , res : 0
01-09 08:03:24.746  3456  3784 E ApplicationPackageManager: checkSettingsForIconTray value : 0
01-09 08:03:24.790 17550 17550 E ActivityThread: Failed to find provider info for com.samsung.android.game.gamehome.data
01-09 08:03:24.904 17550 17550 E ActivityThread: Failed to find provider info for com.samsung.android.hmt.vrsvc.vr
01-09 08:03:24.909 17550 17550 E VRLauncherManager: android.provider.Settings$SettingNotFoundException: vr_launcher_hidden_apps
01-09 08:03:26.298 17550 17550 E ProActivieLaunch: Sending Broadcast
01-09 08:03:26.302  3067  3067 E ActivityManager: TouchDown intent received, starting ActiveLaunch
01-09 08:03:27.746 17550 17550 E ProActivieLaunch: Sending Broadcast
01-09 08:03:27.748  3067  3067 E ActivityManager: Checking for the Active launch isPkgEverLaunched :false, isPkgStopped : true
01-09 08:03:27.890  5585  5585 E Zygote  : isWhitelistProcess - Process is Whitelisted
01-09 08:03:27.899  5585  5585 E libpersona: scanKnoxPersonas
01-09 08:03:27.899  5585  5585 E libpersona: Couldn't open the File - /data/system/users/0/personalist.xml - No such file or directory
01-09 08:03:28.082  5585  5585 E AndroidRuntime: FATAL EXCEPTION: main
01-09 08:03:28.082  5585  5585 E AndroidRuntime: Process: com.safecleaner.pro, PID: 5585
01-09 08:03:28.082  5585  5585 E AndroidRuntime: java.lang.RuntimeException: Unable to get provider moe.shizuku.api.ShizukuBinderReceiveProvider: java.lang.ClassNotFoundException: Didn't find class "moe.shizuku.api.ShizukuBinderReceiveProvider" on path: DexPathList[[zip file "/data/app/com.safecleaner.pro-C4uazZDcw_vpOEP-KhcNWg==/base.apk"],nativeLibraryDirectories=[/data/app/com.safecleaner.pro-C4uazZDcw_vpOEP-KhcNWg==/lib/arm, /data/app/com.safecleaner.pro-C4uazZDcw_vpOEP-KhcNWg==/base.apk!/lib/armeabi-v7a, /system/lib, /system/vendor/lib]]
01-09 08:03:28.082  5585  5585 E AndroidRuntime: 	at android.app.ActivityThread.installProvider(ActivityThread.java:6581)
01-09 08:03:28.082  5585  5585 E AndroidRuntime: 	at android.app.ActivityThread.installContentProviders(ActivityThread.java:6133)
01-09 08:03:28.082  5585  5585 E AndroidRuntime: 	at android.app.ActivityThread.handleBindApplication(ActivityThread.java:6043)
01-09 08:03:28.082  5585  5585 E AndroidRuntime: 	at android.app.ActivityThread.-wrap1(Unknown Source:0)
01-09 08:03:28.082  5585  5585 E AndroidRuntime: 	at android.app.ActivityThread$H.handleMessage(ActivityThread.java:1764)
01-09 08:03:28.082  5585  5585 E AndroidRuntime: 	at android.os.Handler.dispatchMessage(Handler.java:105)
01-09 08:03:28.082  5585  5585 E AndroidRuntime: 	at android.os.Looper.loop(Looper.java:164)
01-09 08:03:28.082  5585  5585 E AndroidRuntime: 	at android.app.ActivityThread.main(ActivityThread.java:6942)
01-09 08:03:28.082  5585  5585 E AndroidRuntime: 	at java.lang.reflect.Method.invoke(Native Method)
01-09 08:03:28.082  5585  5585 E AndroidRuntime: 	at com.android.internal.os.Zygote$MethodAndArgsCaller.run(Zygote.java:327)
01-09 08:03:28.082  5585  5585 E AndroidRuntime: 	at com.android.internal.os.ZygoteInit.main(ZygoteInit.java:1374)
01-09 08:03:28.082  5585  5585 E AndroidRuntime: Caused by: java.lang.ClassNotFoundException: Didn't find class "moe.shizuku.api.ShizukuBinderReceiveProvider" on path: DexPathList[[zip file "/data/app/com.safecleaner.pro-C4uazZDcw_vpOEP-KhcNWg==/base.apk"],nativeLibraryDirectories=[/data/app/com.safecleaner.pro-C4uazZDcw_vpOEP-KhcNWg==/lib/arm, /data/app/com.safecleaner.pro-C4uazZDcw_vpOEP-KhcNWg==/base.apk!/lib/armeabi-v7a, /system/lib, /system/vendor/lib]]
01-09 08:03:28.082  5585  5585 E AndroidRuntime: 	at dalvik.system.BaseDexClassLoader.findClass(BaseDexClassLoader.java:93)
01-09 08:03:28.082  5585  5585 E AndroidRuntime: 	at java.lang.ClassLoader.loadClass(ClassLoader.java:379)
01-09 08:03:28.082  5585  5585 E AndroidRuntime: 	at java.lang.ClassLoader.loadClass(ClassLoader.java:312)
01-09 08:03:28.082  5585  5585 E AndroidRuntime: 	at android.app.ActivityThread.installProvider(ActivityThread.java:6566)
01-09 08:03:28.082  5585  5585 E AndroidRuntime: 	... 10 more
01-09 08:03:28.203  3067  3085 E PhoneWindow_APM : : isCalledPackage return false
01-09 08:03:28.233  3456  9572 E ApplicationPackageManager: checkSettingsForIconTray value : 0
01-09 08:03:28.234  3456  9572 E ApplicationPackageManager: checkSettingsForIconTray value : 0
01-09 08:03:28.277  3456  9572 E ApplicationPackageManager: checkSettingsForIconTray value : 0
01-09 08:03:31.069  3067  3085 E ViewRootImpl: sendUserActionEvent() returned.
01-09 08:03:32.107 17550 17550 E ProActivieLaunch: Sending Broadcast
01-09 08:03:32.108  3067  3067 E ActivityManager: Checking for the Active launch isDataCleared :true, isAutoRunBlocked : false
01-09 08:03:33.554  5086  5086 E ApplicationPackageManager: checkSettingsForIconTray value : 0
01-09 08:03:33.578  5086  5086 E ApplicationPackageManager: checkSettingsForIconTray value : 0
01-09 08:03:35.180  5086  5086 E ViewRootImpl: sendUserActionEvent() returned.
01-09 08:03:35.263  3067  3104 E SdpManagerService: read engine - No any engine found
01-09 08:03:36.623 12488 12530 E ContactsProvider_EventLog: Flush buffer to file cnt : 1 size : 0Kb duration : 1ms lastUpdatedAfter : 19881 ms mFlush_time_threasold : 2000 mCurrentSize : 382
01-09 08:03:36.698  3067  3067 E SDAgentPackageStateReceiver: Not going to handle 'com.safecleaner.pro'!
01-09 08:03:36.735  3067  3404 E LightsService: Light requested not available on this device. 2
01-09 08:03:36.811  4777  4822 E Finsky  : [3930] [Counters] attempted to use a non-positive increment for: 4752
01-09 08:03:36.812  4777  4822 E ApplicationPackageManager: checkSettingsForIconTray value : 0
01-09 08:03:36.817  3415  3415 E CarrierMatchingBootReceiver: isCarrierMatchingEnabled: carrier_matching_status
01-09 08:03:36.818  3415  3415 E CarrierMatchingBootReceiver: isCarrierMatchingEnabled: carrier_matching_status
01-09 08:03:36.818  3415  3415 E CarrierMatchingBootReceiver: isCarrierMatchingEnabled: carrier_matching_status
01-09 08:03:36.879  4777  4822 E ResourcesManager: failed to add asset path /data/app/com.safecleaner.pro-C4uazZDcw_vpOEP-KhcNWg==/base.apk
01-09 08:03:37.043  3067  3090 E EdmStorageProvider: Admin not in database, something went wrong
01-09 08:03:37.045  3067  3090 E EdmStorageProvider: Admin not in database, something went wrong
01-09 08:03:37.068  3067  3090 E EdmStorageProvider: Admin not in database, something went wrong
01-09 08:03:37.070  3067  3090 E EdmStorageProvider: Admin not in database, something went wrong
01-09 08:03:37.084  3067  3090 E EdmStorageProvider: Admin not in database, something went wrong
01-09 08:03:37.098  3067  3090 E EdmStorageProvider: Admin not in database, something went wrong
01-09 08:03:37.121  4777  4818 E Finsky  : [3928] [Counters] attempted to use a non-positive increment for: 4752
01-09 08:03:37.122  3067  3090 E EdmStorageProvider: Admin not in database, something went wrong
01-09 08:03:37.134  3067  3090 E EdmStorageProvider: Admin not in database, something went wrong
01-09 08:03:37.135  4777  4812 E Finsky  : [3922] [Counters] attempted to use a non-positive increment for: 4753
01-09 08:03:37.186  3067  5407 E PackageManager: Need to declare android.permission.REQUEST_INSTALL_PACKAGES to call this api
01-09 08:03:37.191  4777  4822 E ApplicationPackageManager: checkSettingsForIconTray value : 0
01-09 08:03:37.322  3067  3083 E RemotePrintSpooler: servicesToKeep is empty!
01-09 08:03:37.334 31790  5643 E ActivityThread: Failed to find provider info for com.samsung.android.sm.security.devicesecurityprovider
01-09 08:03:37.378  2709  3024 E IptablesRestoreController: [iptables debug]iptables-restore execute *filter
01-09 08:03:37.378  2709  3024 E IptablesRestoreController: -I bw_happy_box -m owner --uid-owner 10030 --jump RETURN
01-09 08:03:37.378  2709  3024 E IptablesRestoreController: COMMIT
01-09 08:03:37.386  2709  3024 E IptablesRestoreController: [iptables debug]iptables-restore execute done *filter
01-09 08:03:37.386  2709  3024 E IptablesRestoreController: -I bw_happy_box -m owner --uid-owner 10030 --jump RETURN
01-09 08:03:37.386  2709  3024 E IptablesRestoreController: COMMIT
01-09 08:03:37.386  2709  3024 E IptablesRestoreController: , res : 0
01-09 08:03:37.387  2709  3024 E IptablesRestoreController: [iptables debug]iptables-restore execute *filter
01-09 08:03:37.387  2709  3024 E IptablesRestoreController: -D bw_penalty_box -m owner --uid-owner 10030 --jump REJECT
01-09 08:03:37.387  2709  3024 E IptablesRestoreController: COMMIT
01-09 08:03:37.394  2709  3024 E IptablesRestoreController: [iptables debug]iptables-restore execute done *filter
01-09 08:03:37.394  2709  3024 E IptablesRestoreController: -D bw_penalty_box -m owner --uid-owner 10030 --jump REJECT
01-09 08:03:37.394  2709  3024 E IptablesRestoreController: COMMIT
01-09 08:03:37.394  2709  3024 E IptablesRestoreController: , res : 0
01-09 08:03:37.343 31790  5643 E ActivityThread: Failed to find provider info for com.samsung.android.sm.security.devicesecurityprovider
01-09 08:03:37.406  3067  3083 E RemotePrintSpooler: Error pruning approved print services.
01-09 08:03:37.406  3067  3083 E RemotePrintSpooler: java.util.concurrent.TimeoutException: no PRINT SPOOLER package!
01-09 08:03:37.406  3067  3083 E RemotePrintSpooler: 	at com.android.server.print.RemotePrintSpooler.bindLocked(RemotePrintSpooler.java:630)
01-09 08:03:37.406  3067  3083 E RemotePrintSpooler: 	at com.android.server.print.RemotePrintSpooler.getRemoteInstanceLazy(RemotePrintSpooler.java:608)
01-09 08:03:37.406  3067  3083 E RemotePrintSpooler: 	at com.android.server.print.RemotePrintSpooler.pruneApprovedPrintServices(RemotePrintSpooler.java:521)
01-09 08:03:37.406  3067  3083 E RemotePrintSpooler: 	at com.android.server.print.UserState.prunePrintServices(UserState.java:1014)
01-09 08:03:37.406  3067  3083 E RemotePrintSpooler: 	at com.android.server.print.PrintManagerService$PrintManagerImpl$2.onPackageRemoved(PrintManagerService.java:764)
01-09 08:03:37.406  3067  3083 E RemotePrintSpooler: 	at com.android.internal.content.PackageMonitor.onReceive(PackageMonitor.java:365)
01-09 08:03:37.406  3067  3083 E RemotePrintSpooler: 	at android.app.LoadedApk$ReceiverDispatcher$Args.lambda$-android_app_LoadedApk$ReceiverDispatcher$Args_52226(LoadedApk.java:1319)
01-09 08:03:37.406  3067  3083 E RemotePrintSpooler: 	at android.app.-$Lambda$FilBqgnXJrN9Mgyks1XHeAxzSTk.$m$0(Unknown Source:4)
01-09 08:03:37.406  3067  3083 E RemotePrintSpooler: 	at android.app.-$Lambda$FilBqgnXJrN9Mgyks1XHeAxzSTk.run(Unknown Source:0)
01-09 08:03:37.406  3067  3083 E RemotePrintSpooler: 	at android.os.Handler.handleCallback(Handler.java:789)
01-09 08:03:37.406  3067  3083 E RemotePrintSpooler: 	at android.os.Handler.dispatchMessage(Handler.java:98)
01-09 08:03:37.406  3067  3083 E RemotePrintSpooler: 	at android.os.Looper.loop(Looper.java:164)
01-09 08:03:37.406  3067  3083 E RemotePrintSpooler: 	at android.os.HandlerThread.run(HandlerThread.java:65)
01-09 08:03:37.406  2709  3024 E IptablesRestoreController: [iptables debug]iptables-restore execute *filter
01-09 08:03:37.406  2709  3024 E IptablesRestoreController: -D bw_happy_box -m owner --uid-owner 10030 --jump RETURN
01-09 08:03:37.406  2709  3024 E IptablesRestoreController: COMMIT
01-09 08:03:37.413  3067  3410 E SdpManagerService: read engine - No any engine found
01-09 08:03:37.413  2709  3024 E IptablesRestoreController: [iptables debug]iptables-restore execute done *filter
01-09 08:03:37.413  2709  3024 E IptablesRestoreController: -D bw_happy_box -m owner --uid-owner 10030 --jump RETURN
01-09 08:03:37.413  2709  3024 E IptablesRestoreController: COMMIT
01-09 08:03:37.413  2709  3024 E IptablesRestoreController: , res : 0
01-09 08:03:37.414  2709  3024 E IptablesRestoreController: [iptables debug]iptables-restore execute *filter
01-09 08:03:37.414  2709  3024 E IptablesRestoreController: -I bw_penalty_box -m owner --uid-owner 10030 --jump REJECT
01-09 08:03:37.414  2709  3024 E IptablesRestoreController: COMMIT
01-09 08:03:37.422  2709  3024 E IptablesRestoreController: [iptables debug]iptables-restore execute done *filter
01-09 08:03:37.422  2709  3024 E IptablesRestoreController: -I bw_penalty_box -m owner --uid-owner 10030 --jump REJECT
01-09 08:03:37.422  2709  3024 E IptablesRestoreController: COMMIT
01-09 08:03:37.422  2709  3024 E IptablesRestoreController: , res : 0
01-09 08:03:37.430 17550 17550 E AppsAdapter: no itemInfo for debug
01-09 08:03:40.639 12488 12530 E ContactsProvider_EventLog: Flush buffer to file cnt : 1 size : 0Kb duration : 1ms lastUpdatedAfter : 4016 ms mFlush_time_threasold : 2000 mCurrentSize : 199
01-09 08:03:46.061  3067  3563 E Watchdog: !@Sync 1893 [2026-01-09 08:03:46.061]
01-09 08:03:47.950  3067  3404 E LightsService: Light requested not available on this device. 2
01-09 08:03:51.118  3456  3456 E BufferItemConsumer: [unnamed-3456-292] Failed to release buffer: Unknown error -1 (1)
01-09 08:03:51.154  2709  3024 E IptablesRestoreController: [iptables debug]iptables-restore execute *filter
01-09 08:03:51.154  2709  3024 E IptablesRestoreController: -I bw_happy_box -m owner --uid-owner 10057 --jump RETURN
01-09 08:03:51.154  2709  3024 E IptablesRestoreController: COMMIT
01-09 08:03:51.163  2709  3024 E IptablesRestoreController: [iptables debug]iptables-restore execute done *filter
01-09 08:03:51.163  2709  3024 E IptablesRestoreController: -I bw_happy_box -m owner --uid-owner 10057 --jump RETURN
01-09 08:03:51.163  2709  3024 E IptablesRestoreController: COMMIT
01-09 08:03:51.163  2709  3024 E IptablesRestoreController: , res : 0
01-09 08:03:51.164  2709  3024 E IptablesRestoreController: [iptables debug]iptables-restore execute *filter
01-09 08:03:51.164  2709  3024 E IptablesRestoreController: -D bw_penalty_box -m owner --uid-owner 10057 --jump REJECT
01-09 08:03:51.164  2709  3024 E IptablesRestoreController: COMMIT
01-09 08:03:51.172  2709  3024 E IptablesRestoreController: [iptables debug]iptables-restore execute done *filter
01-09 08:03:51.172  2709  3024 E IptablesRestoreController: -D bw_penalty_box -m owner --uid-owner 10057 --jump REJECT
01-09 08:03:51.172  2709  3024 E IptablesRestoreController: COMMIT
01-09 08:03:51.172  2709  3024 E IptablesRestoreController: , res : 0
01-09 08:03:51.282  3456  3456 E BufferItemConsumer: [unnamed-3456-293] Failed to release buffer: Unknown error -1 (1)
01-09 08:04:00.020 17550 17550 E ApplicationPackageManager: checkSettingsForIconTray value : 0
01-09 08:04:01.052  3067  3404 E LightsService: Light requested not available on this device. 2
01-09 08:04:06.390 15676 15676 E adbd    : recv: OPEN 00000f62 00000000 000e:73 68 65 6C 6C 3A 67 65 74 70 72 6F 70 00 
01-09 08:04:06.391 15676 15676 E adbd    : service_to_fd: shell:getprop
01-09 08:04:16.065  3067  3563 E Watchdog: !@Sync 1894 [2026-01-09 08:04:16.065]
01-09 08:04:16.855 12488 12530 E ContactsProvider_EventLog: Flush buffer to file cnt : 1 size : 1Kb duration : 1ms lastUpdatedAfter : 36216 ms mFlush_time_threasold : 2000 mCurrentSize : 806
01-09 08:04:26.189  5662  5662 E Zygote  : isWhitelistProcess - Process is Whitelisted
01-09 08:04:26.190  5662  5662 E libpersona: scanKnoxPersonas
01-09 08:04:26.190  5662  5662 E libpersona: Couldn't open the File - /data/system/users/0/personalist.xml - No such file or directory
01-09 08:04:27.751  5662  5725 E msys    : E[N mns]_OnDiskCacheGetData(632)=>Start post callback cache refresh DNS resolution
01-09 08:04:27.765  5662  5725 E msys    : E[N mns]_OnSystemDNSSuccessCallback(340)=>Cache refresh succeeded with system DNS resolver. IP count: 1
01-09 08:04:29.371 12488 12530 E ContactsProvider_EventLog: Flush buffer to file cnt : 1 size : 0Kb duration : 1ms lastUpdatedAfter : 12516 ms mFlush_time_threasold : 2000 mCurrentSize : 201
01-09 08:04:29.578  5662  5725 E msys    : E[N mns]_OnDiskCacheGetData(632)=>Start post callback cache refresh DNS resolution
01-09 08:04:29.588  5662  5725 E msys    : E[N mns]_OnSystemDNSSuccessCallback(340)=>Cache refresh succeeded with system DNS resolver. IP count: 4
01-09 08:04:46.069  3067  3563 E Watchdog: !@Sync 1895 [2026-01-09 08:04:46.069]
01-09 08:04:53.482 15676 15676 E adbd    : recv: OPEN 00000f7b 00000000 002b:65 78 65 63 3A 63 6D 64 20 70 61 63 6B 61 67 65 20 27 69 6E 73 74 61 6C 6C 27 20 27 2D 72 27 20 2D 53 20 38 34 34 39 39 32 33 00 
01-09 08:04:53.483 15676 15676 E adbd    : service_to_fd: exec:cmd package 'install' '-r' -S 8449923
01-09 08:04:57.169  2702 14318 E         : Secure Storage PM failed!
01-09 08:04:57.179  2702 14318 E         : Couldn't opendir /data/app/vmdl988108792.tmp: No such file or directory
01-09 08:04:57.179  2702 14318 E installd: Failed to delete /data/app/vmdl988108792.tmp: No such file or directory
01-09 08:04:57.245  3067  3067 E SDAgentPackageStateReceiver: Not going to handle 'com.safecleaner.pro'!
01-09 08:04:57.376  5520  5570 E AASAservice-TokenRule: parseToken() : TokenFile is null
01-09 08:04:57.379  3067  3556 E AASATokenParser: set xml file does not exist
01-09 08:04:57.415  5520  5570 E AASAservice-IntentThread: AASAIntentThread : myrule is null.
01-09 08:04:57.555  3067  6199 E PackageManager: Need to declare android.permission.REQUEST_INSTALL_PACKAGES to call this api
01-09 08:04:57.691  4777  4812 E Finsky  : [3922] [Counters] attempted to use a non-positive increment for: 4752
01-09 08:04:57.691  4777  4812 E Finsky  : [3922] [Counters] attempted to use a non-positive increment for: 4753
01-09 08:04:57.760  4777  4819 E ApplicationPackageManager: checkSettingsForIconTray value : 0
01-09 08:04:57.774  3415  3415 E CarrierMatchingBootReceiver: isCarrierMatchingEnabled: carrier_matching_status
01-09 08:04:57.774  3415  3415 E CarrierMatchingBootReceiver: isCarrierMatchingEnabled: carrier_matching_status
01-09 08:04:57.774  3415  3415 E CarrierMatchingBootReceiver: isCarrierMatchingEnabled: carrier_matching_status
01-09 08:04:57.786 17550 17569 E ApplicationPackageManager: checkSettingsForIconTray value : 0
01-09 08:04:57.787 17550 17569 E ApplicationPackageManager: checkSettingsForIconTray value : 0
01-09 08:04:57.812 17550 17569 E ApplicationPackageManager: checkSettingsForIconTray value : 0
01-09 08:04:57.842  3067  3090 E EdmStorageProvider: Admin not in database, something went wrong
01-09 08:04:57.845  3067  3090 E EdmStorageProvider: Admin not in database, something went wrong
01-09 08:04:57.867  3067  3090 E EdmStorageProvider: Admin not in database, something went wrong
01-09 08:04:57.873  3067  3090 E EdmStorageProvider: Admin not in database, something went wrong
01-09 08:04:57.886  3067  3090 E EdmStorageProvider: Admin not in database, something went wrong
01-09 08:04:57.977  3067  3090 E EdmStorageProvider: Admin not in database, something went wrong
01-09 08:04:57.984  3067  3090 E EdmStorageProvider: Admin not in database, something went wrong
01-09 08:04:57.993  3067  3090 E EdmStorageProvider: Admin not in database, something went wrong
01-09 08:04:58.005  3067  3090 E EdmStorageProvider: Admin not in database, something went wrong
01-09 08:04:58.065  4777  4819 E ApplicationPackageManager: checkSettingsForIconTray value : 0
01-09 08:05:00.022 17550 17550 E ApplicationPackageManager: checkSettingsForIconTray value : 0
01-09 08:05:06.453 15676 15676 E adbd    : recv: OPEN 00000f84 00000000 000e:73 68 65 6C 6C 3A 67 65 74 70 72 6F 70 00 
01-09 08:05:06.453 15676 15676 E adbd    : service_to_fd: shell:getprop
01-09 08:05:16.073  3067  3563 E Watchdog: !@Sync 1896 [2026-01-09 08:05:16.073]
01-09 08:05:16.963 12488 12530 E ContactsProvider_EventLog: Flush buffer to file cnt : 1 size : 1Kb duration : 1ms lastUpdatedAfter : 47592 ms mFlush_time_threasold : 2000 mCurrentSize : 828
01-09 08:05:23.176 15676 15676 E adbd    : recv: OPEN 00000f8f 00000000 0037:73 68 65 6C 6C 2C 76 32 3A 65 78 70 6F 72 74 20 41 4E 44 52 4F 49 44 5F 4C 4F 47 5F 54 41 47 53 3D 27 27 3B 20 65 78 65 63 20 6C 6F 67 63 61 74 20 27 2A 3A 45 27 00 
01-09 08:05:23.176 15676 15676 E adbd    : service_to_fd: shell,v2:export ANDROID_LOG_TAGS=''; exec logcat '*:E'
01-09 08:05:46.077  3067  3563 E Watchdog: !@Sync 1897 [2026-01-09 08:05:46.076]
01-09 08:05:54.861  3067  3271 E ConnectivityService: RemoteException caught trying to send a callback msg for NetworkRequest [ TRACK_DEFAULT id=544, [ Capabilities: INTERNET&NOT_RESTRICTED&TRUSTED&NOT_VPN] ]
01-09 08:05:55.882  5842  5842 E Zygote  : isWhitelistProcess - Process is Whitelisted
01-09 08:05:55.884  5842  5842 E libpersona: scanKnoxPersonas
01-09 08:05:55.884  5842  5842 E libpersona: Couldn't open the File - /data/system/users/0/personalist.xml - No such file or directory
01-09 08:05:58.040  5929  5929 E Zygote  : isWhitelistProcess - Process is Whitelisted
01-09 08:05:58.041  5929  5929 E libpersona: scanKnoxPersonas
01-09 08:05:58.041  5929  5929 E libpersona: Couldn't open the File - /data/system/users/0/personalist.xml - No such file or directory
01-09 08:05:58.303  5929  5940 E DatabaseUtils: Writing exception to parcel
01-09 08:05:58.303  5929  5940 E DatabaseUtils: java.lang.SecurityException: Permission Denial: writing com.sec.android.provider.badge.BadgeProvider uri content://com.sec.badge/apps?notify=true from pid=5842, uid=10240 requires com.sec.android.provider.badge.permission.WRITE, or grantUriPermission()
01-09 08:05:58.303  5929  5940 E DatabaseUtils: 	at android.content.ContentProvider.enforceWritePermissionInner(ContentProvider.java:715)
01-09 08:05:58.303  5929  5940 E DatabaseUtils: 	at android.content.ContentProvider$Transport.enforceWritePermission(ContentProvider.java:521)
01-09 08:05:58.303  5929  5940 E DatabaseUtils: 	at android.content.ContentProvider$Transport.update(ContentProvider.java:358)
01-09 08:05:58.303  5929  5940 E DatabaseUtils: 	at android.content.ContentProviderNative.onTransact(ContentProviderNative.java:211)
01-09 08:05:58.303  5929  5940 E DatabaseUtils: 	at android.os.Binder.execTransact(Binder.java:682)
01-09 08:05:58.392 12488 12530 E ContactsProvider_EventLog: Flush buffer to file cnt : 1 size : 0Kb duration : 1ms lastUpdatedAfter : 41429 ms mFlush_time_threasold : 2000 mCurrentSize : 206
01-09 08:05:58.789  5929  5951 E DatabaseUtils: Writing exception to parcel
01-09 08:05:58.789  5929  5951 E DatabaseUtils: java.lang.SecurityException: Permission Denial: writing com.sec.android.provider.badge.BadgeProvider uri content://com.sec.badge/apps?notify=true from pid=5842, uid=10240 requires com.sec.android.provider.badge.permission.WRITE, or grantUriPermission()
01-09 08:05:58.789  5929  5951 E DatabaseUtils: 	at android.content.ContentProvider.enforceWritePermissionInner(ContentProvider.java:715)
01-09 08:05:58.789  5929  5951 E DatabaseUtils: 	at android.content.ContentProvider$Transport.enforceWritePermission(ContentProvider.java:521)
01-09 08:05:58.789  5929  5951 E DatabaseUtils: 	at android.content.ContentProvider$Transport.update(ContentProvider.java:358)
01-09 08:05:58.789  5929  5951 E DatabaseUtils: 	at android.content.ContentProviderNative.onTransact(ContentProviderNative.java:211)
01-09 08:05:58.789  5929  5951 E DatabaseUtils: 	at android.os.Binder.execTransact(Binder.java:682)
01-09 08:05:58.807  5929  5951 E DatabaseUtils: Writing exception to parcel
01-09 08:05:58.807  5929  5951 E DatabaseUtils: java.lang.SecurityException: Permission Denial: writing com.sec.android.provider.badge.BadgeProvider uri content://com.sec.badge/apps?notify=true from pid=5842, uid=10240 requires com.sec.android.provider.badge.permission.WRITE, or grantUriPermission()
01-09 08:05:58.807  5929  5951 E DatabaseUtils: 	at android.content.ContentProvider.enforceWritePermissionInner(ContentProvider.java:715)
01-09 08:05:58.807  5929  5951 E DatabaseUtils: 	at android.content.ContentProvider$Transport.enforceWritePermission(ContentProvider.java:521)
01-09 08:05:58.807  5929  5951 E DatabaseUtils: 	at android.content.ContentProvider$Transport.update(ContentProvider.java:358)
01-09 08:05:58.807  5929  5951 E DatabaseUtils: 	at android.content.ContentProviderNative.onTransact(ContentProviderNative.java:211)
01-09 08:05:58.807  5929  5951 E DatabaseUtils: 	at android.os.Binder.execTransact(Binder.java:682)
01-09 08:05:58.827  5929  5951 E DatabaseUtils: Writing exception to parcel
01-09 08:05:58.827  5929  5951 E DatabaseUtils: java.lang.SecurityException: Permission Denial: writing com.sec.android.provider.badge.BadgeProvider uri content://com.sec.badge/apps?notify=true from pid=5842, uid=10240 requires com.sec.android.provider.badge.permission.WRITE, or grantUriPermission()
01-09 08:05:58.827  5929  5951 E DatabaseUtils: 	at android.content.ContentProvider.enforceWritePermissionInner(ContentProvider.java:715)
01-09 08:05:58.827  5929  5951 E DatabaseUtils: 	at android.content.ContentProvider$Transport.enforceWritePermission(ContentProvider.java:521)
01-09 08:05:58.827  5929  5951 E DatabaseUtils: 	at android.content.ContentProvider$Transport.update(ContentProvider.java:358)
01-09 08:05:58.827  5929  5951 E DatabaseUtils: 	at android.content.ContentProviderNative.onTransact(ContentProviderNative.java:211)
01-09 08:05:58.827  5929  5951 E DatabaseUtils: 	at android.os.Binder.execTransact(Binder.java:682)
01-09 08:06:00.034 17550 17550 E ApplicationPackageManager: checkSettingsForIconTray value : 0
01-09 08:06:02.409 12488 12530 E ContactsProvider_EventLog: Flush buffer to file cnt : 1 size : 2Kb duration : 1ms lastUpdatedAfter : 4017 ms mFlush_time_threasold : 2000 mCurrentSize : 1353
01-09 08:06:06.513 15676 15676 E adbd    : recv: OPEN 00000fa4 00000000 000e:73 68 65 6C 6C 3A 67 65 74 70 72 6F 70 00 
01-09 08:06:06.513 15676 15676 E adbd    : service_to_fd: shell:getprop
01-09 08:06:16.081  3067  3563 E Watchdog: !@Sync 1898 [2026-01-09 08:06:16.081]
01-09 08:06:16.997 12488 12530 E ContactsProvider_EventLog: Flush buffer to file cnt : 1 size : 1Kb duration : 1ms lastUpdatedAfter : 14588 ms mFlush_time_threasold : 2000 mCurrentSize : 838
01-09 08:06:46.085  3067  3563 E Watchdog: !@Sync 1899 [2026-01-09 08:06:46.085]
01-09 08:07:00.034 17550 17550 E ApplicationPackageManager: checkSettingsForIconTray value : 0
01-09 08:07:01.063  5967  5967 E Zygote  : isWhitelistProcess - Process is Whitelisted
01-09 08:07:01.065  5967  5967 E libpersona: scanKnoxPersonas
01-09 08:07:01.065  5967  5967 E libpersona: Couldn't open the File - /data/system/users/0/personalist.xml - No such file or directory
01-09 08:07:06.570 15676 15676 E adbd    : recv: OPEN 00000fc3 00000000 000e:73 68 65 6C 6C 3A 67 65 74 70 72 6F 70 00 
01-09 08:07:06.570 15676 15676 E adbd    : service_to_fd: shell:getprop
01-09 08:07:16.089  3067  3563 E Watchdog: !@Sync 1900 [2026-01-09 08:07:16.088]
01-09 08:07:17.099 12488 12530 E ContactsProvider_EventLog: Flush buffer to file cnt : 1 size : 1Kb duration : 1ms lastUpdatedAfter : 60102 ms mFlush_time_threasold : 2000 mCurrentSize : 806
01-09 08:07:39.314  3415  3947 E ImsAdaptorImpl2: setSSACInfo : ImsAdaptorImpl.
01-09 08:07:39.357  3415  3947 E ImsAdaptorImpl2: setSSACInfo : ImsAdaptorImpl.
01-09 08:07:46.093  3067  3563 E Watchdog: !@Sync 1901 [2026-01-09 08:07:46.092]
